<?xml version="1.0" encoding="ISO-8859-1" ?>
<link_info>
   <banner>TI ARM Clang Linker PC v3.2.0.LTS</banner>
   <copyright>Copyright (c) 1996-2018 Texas Instruments Incorporated</copyright>
   <link_time>0x65629c43</link_time>
   <link_errors>0x0</link_errors>
   <output_file>C:\Users\nickg\workspace_v12\gpiointerrupt_CC3220S_LAUNCHXL_nortos_ticlang\MCU+Image\gpiointerrupt_CC3220S_LAUNCHXL_nortos_ticlang.out</output_file>
   <entry_point>
      <name>resetISR</name>
      <address>0x2000ee45</address>
   </entry_point>
   <input_file_list>
      <input_file id="fl-1">
         <path>C:\Users\nickg\workspace_v12\gpiointerrupt_CC3220S_LAUNCHXL_nortos_ticlang\MCU+Image\.\</path>
         <kind>object</kind>
         <file>gpiointerrupt.o</file>
         <name>gpiointerrupt.o</name>
      </input_file>
      <input_file id="fl-2">
         <path>C:\Users\nickg\workspace_v12\gpiointerrupt_CC3220S_LAUNCHXL_nortos_ticlang\MCU+Image\.\syscfg\</path>
         <kind>object</kind>
         <file>ti_drivers_config.o</file>
         <name>ti_drivers_config.o</name>
      </input_file>
      <input_file id="fl-3">
         <path>C:\Users\nickg\workspace_v12\gpiointerrupt_CC3220S_LAUNCHXL_nortos_ticlang\MCU+Image\.\</path>
         <kind>object</kind>
         <file>main_nortos.o</file>
         <name>main_nortos.o</name>
      </input_file>
      <input_file id="fl-13">
         <path>C:\Users\nickg\workspace_v12\gpiointerrupt_CC3220S_LAUNCHXL_nortos_ticlang\MCU+Image\</path>
         <kind>object</kind>
         <file>&lt;internal&gt;</file>
         <name>&lt;internal&gt;</name>
      </input_file>
      <input_file id="fl-14">
         <path>C:\ti\simplelink_cc32xx_sdk_7_10_00_13\source\ti\drivers\lib\ticlang\m4\</path>
         <kind>archive</kind>
         <file>drivers_cc32xx.a</file>
         <name>GPIO.c.obj</name>
      </input_file>
      <input_file id="fl-15">
         <path>C:\ti\simplelink_cc32xx_sdk_7_10_00_13\source\ti\drivers\lib\ticlang\m4\</path>
         <kind>archive</kind>
         <file>drivers_cc32xx.a</file>
         <name>GPIOCC32XX.c.obj</name>
      </input_file>
      <input_file id="fl-16">
         <path>C:\ti\simplelink_cc32xx_sdk_7_10_00_13\source\ti\drivers\lib\ticlang\m4\</path>
         <kind>archive</kind>
         <file>drivers_cc32xx.a</file>
         <name>PowerCC32XX.c.obj</name>
      </input_file>
      <input_file id="fl-17">
         <path>C:\ti\simplelink_cc32xx_sdk_7_10_00_13\source\ti\drivers\lib\ticlang\m4\</path>
         <kind>archive</kind>
         <file>drivers_cc32xx.a</file>
         <name>PowerCC32XX_ticlang.asm.obj</name>
      </input_file>
      <input_file id="fl-18">
         <path>C:\ti\simplelink_cc32xx_sdk_7_10_00_13\source\ti\drivers\lib\ticlang\m4\</path>
         <kind>archive</kind>
         <file>drivers_cc32xx.a</file>
         <name>Timer.c.obj</name>
      </input_file>
      <input_file id="fl-19">
         <path>C:\ti\simplelink_cc32xx_sdk_7_10_00_13\source\ti\drivers\lib\ticlang\m4\</path>
         <kind>archive</kind>
         <file>drivers_cc32xx.a</file>
         <name>TimerCC32XX.c.obj</name>
      </input_file>
      <input_file id="fl-1a">
         <path>C:\ti\simplelink_cc32xx_sdk_7_10_00_13\source\ti\drivers\lib\ticlang\m4\</path>
         <kind>archive</kind>
         <file>drivers_cc32xx.a</file>
         <name>List.c.obj</name>
      </input_file>
      <input_file id="fl-1b">
         <path>C:\ti\simplelink_cc32xx_sdk_7_10_00_13\kernel\nortos\lib\ticlang\m4\</path>
         <kind>archive</kind>
         <file>nortos_cc32xx.a</file>
         <name>NoRTOS.c.obj</name>
      </input_file>
      <input_file id="fl-1c">
         <path>C:\ti\simplelink_cc32xx_sdk_7_10_00_13\kernel\nortos\lib\ticlang\m4\</path>
         <kind>archive</kind>
         <file>nortos_cc32xx.a</file>
         <name>SemaphoreP_nortos.c.obj</name>
      </input_file>
      <input_file id="fl-1d">
         <path>C:\ti\simplelink_cc32xx_sdk_7_10_00_13\kernel\nortos\lib\ticlang\m4\</path>
         <kind>archive</kind>
         <file>nortos_cc32xx.a</file>
         <name>ClockPSysTick_nortos.c.obj</name>
      </input_file>
      <input_file id="fl-1e">
         <path>C:\ti\simplelink_cc32xx_sdk_7_10_00_13\kernel\nortos\lib\ticlang\m4\</path>
         <kind>archive</kind>
         <file>nortos_cc32xx.a</file>
         <name>HwiPCC32XX_nortos.c.obj</name>
      </input_file>
      <input_file id="fl-1f">
         <path>C:\ti\simplelink_cc32xx_sdk_7_10_00_13\kernel\nortos\lib\ticlang\m4\</path>
         <kind>archive</kind>
         <file>nortos_cc32xx.a</file>
         <name>PowerCC32XX_nortos.c.obj</name>
      </input_file>
      <input_file id="fl-20">
         <path>C:\ti\simplelink_cc32xx_sdk_7_10_00_13\kernel\nortos\lib\ticlang\m4\</path>
         <kind>archive</kind>
         <file>nortos_cc32xx.a</file>
         <name>startup_cc32xx_ticlang.c.obj</name>
      </input_file>
      <input_file id="fl-21">
         <path>C:\ti\simplelink_cc32xx_sdk_7_10_00_13\kernel\nortos\lib\ticlang\m4\</path>
         <kind>archive</kind>
         <file>nortos_cc32xx.a</file>
         <name>SwiP_nortos.c.obj</name>
      </input_file>
      <input_file id="fl-22">
         <path>C:\ti\simplelink_cc32xx_sdk_7_10_00_13\source\ti\devices\cc32xx\driverlib\ticlang\Release\</path>
         <kind>archive</kind>
         <file>driverlib.a</file>
         <name>cpu.obj</name>
      </input_file>
      <input_file id="fl-23">
         <path>C:\ti\simplelink_cc32xx_sdk_7_10_00_13\source\ti\devices\cc32xx\driverlib\ticlang\Release\</path>
         <kind>archive</kind>
         <file>driverlib.a</file>
         <name>gpio.obj</name>
      </input_file>
      <input_file id="fl-24">
         <path>C:\ti\simplelink_cc32xx_sdk_7_10_00_13\source\ti\devices\cc32xx\driverlib\ticlang\Release\</path>
         <kind>archive</kind>
         <file>driverlib.a</file>
         <name>hwspinlock.obj</name>
      </input_file>
      <input_file id="fl-25">
         <path>C:\ti\simplelink_cc32xx_sdk_7_10_00_13\source\ti\devices\cc32xx\driverlib\ticlang\Release\</path>
         <kind>archive</kind>
         <file>driverlib.a</file>
         <name>interrupt.obj</name>
      </input_file>
      <input_file id="fl-26">
         <path>C:\ti\simplelink_cc32xx_sdk_7_10_00_13\source\ti\devices\cc32xx\driverlib\ticlang\Release\</path>
         <kind>archive</kind>
         <file>driverlib.a</file>
         <name>pin.obj</name>
      </input_file>
      <input_file id="fl-27">
         <path>C:\ti\simplelink_cc32xx_sdk_7_10_00_13\source\ti\devices\cc32xx\driverlib\ticlang\Release\</path>
         <kind>archive</kind>
         <file>driverlib.a</file>
         <name>prcm.obj</name>
      </input_file>
      <input_file id="fl-28">
         <path>C:\ti\simplelink_cc32xx_sdk_7_10_00_13\source\ti\devices\cc32xx\driverlib\ticlang\Release\</path>
         <kind>archive</kind>
         <file>driverlib.a</file>
         <name>spi.obj</name>
      </input_file>
      <input_file id="fl-29">
         <path>C:\ti\simplelink_cc32xx_sdk_7_10_00_13\source\ti\devices\cc32xx\driverlib\ticlang\Release\</path>
         <kind>archive</kind>
         <file>driverlib.a</file>
         <name>systick.obj</name>
      </input_file>
      <input_file id="fl-2a">
         <path>C:\ti\simplelink_cc32xx_sdk_7_10_00_13\source\ti\devices\cc32xx\driverlib\ticlang\Release\</path>
         <kind>archive</kind>
         <file>driverlib.a</file>
         <name>timer.obj</name>
      </input_file>
      <input_file id="fl-2b">
         <path>C:\ti\simplelink_cc32xx_sdk_7_10_00_13\source\ti\devices\cc32xx\driverlib\ticlang\Release\</path>
         <kind>archive</kind>
         <file>driverlib.a</file>
         <name>utils.obj</name>
      </input_file>
      <input_file id="fl-2c">
         <path>C:\ti\simplelink_cc32xx_sdk_7_10_00_13\source\ti\devices\cc32xx\driverlib\ticlang\Release\</path>
         <kind>archive</kind>
         <file>driverlib.a</file>
         <name>flash.obj</name>
      </input_file>
      <input_file id="fl-39">
         <path>C:\ti\ccs1250\ccs\tools\compiler\ti-cgt-armllvm_3.2.0.LTS\lib\armv7em-ti-none-eabi\c\</path>
         <kind>archive</kind>
         <file>libc.a</file>
         <name>memory.c.obj</name>
      </input_file>
      <input_file id="fl-3a">
         <path>C:\ti\ccs1250\ccs\tools\compiler\ti-cgt-armllvm_3.2.0.LTS\lib\armv7em-ti-none-eabi\c\</path>
         <kind>archive</kind>
         <file>libc.a</file>
         <name>boot_cortex_m.c.obj</name>
      </input_file>
      <input_file id="fl-3b">
         <path>C:\ti\ccs1250\ccs\tools\compiler\ti-cgt-armllvm_3.2.0.LTS\lib\armv7em-ti-none-eabi\c\</path>
         <kind>archive</kind>
         <file>libc.a</file>
         <name>mathacl_init.c.obj</name>
      </input_file>
      <input_file id="fl-3c">
         <path>C:\ti\ccs1250\ccs\tools\compiler\ti-cgt-armllvm_3.2.0.LTS\lib\armv7em-ti-none-eabi\c\</path>
         <kind>archive</kind>
         <file>libc.a</file>
         <name>autoinit.c.obj</name>
      </input_file>
      <input_file id="fl-3d">
         <path>C:\ti\ccs1250\ccs\tools\compiler\ti-cgt-armllvm_3.2.0.LTS\lib\armv7em-ti-none-eabi\c\</path>
         <kind>archive</kind>
         <file>libc.a</file>
         <name>pre_init.c.obj</name>
      </input_file>
      <input_file id="fl-3e">
         <path>C:\ti\ccs1250\ccs\tools\compiler\ti-cgt-armllvm_3.2.0.LTS\lib\armv7em-ti-none-eabi\c\</path>
         <kind>archive</kind>
         <file>libc.a</file>
         <name>cpy_tbl.c.obj</name>
      </input_file>
      <input_file id="fl-3f">
         <path>C:\ti\ccs1250\ccs\tools\compiler\ti-cgt-armllvm_3.2.0.LTS\lib\armv7em-ti-none-eabi\c\</path>
         <kind>archive</kind>
         <file>libc.a</file>
         <name>copy_zero_init.c.obj</name>
      </input_file>
      <input_file id="fl-40">
         <path>C:\ti\ccs1250\ccs\tools\compiler\ti-cgt-armllvm_3.2.0.LTS\lib\armv7em-ti-none-eabi\c\</path>
         <kind>archive</kind>
         <file>libc.a</file>
         <name>copy_decompress_none.c.obj</name>
      </input_file>
      <input_file id="fl-41">
         <path>C:\ti\ccs1250\ccs\tools\compiler\ti-cgt-armllvm_3.2.0.LTS\lib\armv7em-ti-none-eabi\c\</path>
         <kind>archive</kind>
         <file>libc.a</file>
         <name>copy_decompress_lzss.c.obj</name>
      </input_file>
      <input_file id="fl-42">
         <path>C:\ti\ccs1250\ccs\tools\compiler\ti-cgt-armllvm_3.2.0.LTS\lib\armv7em-ti-none-eabi\c\</path>
         <kind>archive</kind>
         <file>libc.a</file>
         <name>exit.c.obj</name>
      </input_file>
      <input_file id="fl-43">
         <path>C:\ti\ccs1250\ccs\tools\compiler\ti-cgt-armllvm_3.2.0.LTS\lib\armv7em-ti-none-eabi\c\</path>
         <kind>archive</kind>
         <file>libc.a</file>
         <name>_lock.c.obj</name>
      </input_file>
      <input_file id="fl-44">
         <path>C:\ti\ccs1250\ccs\tools\compiler\ti-cgt-armllvm_3.2.0.LTS\lib\armv7em-ti-none-eabi\c\</path>
         <kind>archive</kind>
         <file>libc.a</file>
         <name>args_main.c.obj</name>
      </input_file>
      <input_file id="fl-a8">
         <path>C:\ti\ccs1250\ccs\tools\compiler\ti-cgt-armllvm_3.2.0.LTS\lib\clang\15.0.7\lib\armv7em-ti-none-eabi\</path>
         <kind>archive</kind>
         <file>libclang_rt.builtins.a</file>
         <name>aeabi_memcpy.S.obj</name>
      </input_file>
      <input_file id="fl-a9">
         <path>C:\ti\ccs1250\ccs\tools\compiler\ti-cgt-armllvm_3.2.0.LTS\lib\clang\15.0.7\lib\armv7em-ti-none-eabi\</path>
         <kind>archive</kind>
         <file>libclang_rt.builtins.a</file>
         <name>aeabi_memset.S.obj</name>
      </input_file>
      <input_file id="fl-aa">
         <path>C:\ti\ccs1250\ccs\tools\compiler\ti-cgt-armllvm_3.2.0.LTS\lib\clang\15.0.7\lib\armv7em-ti-none-eabi\</path>
         <kind>archive</kind>
         <file>libclang_rt.builtins.a</file>
         <name>aeabi_uldivmod.S.obj</name>
      </input_file>
      <input_file id="fl-ab">
         <path>C:\ti\ccs1250\ccs\tools\compiler\ti-cgt-armllvm_3.2.0.LTS\lib\clang\15.0.7\lib\armv7em-ti-none-eabi\</path>
         <kind>archive</kind>
         <file>libclang_rt.builtins.a</file>
         <name>udivmoddi4.S.obj</name>
      </input_file>
      <input_file id="fl-ac">
         <path>C:\ti\ccs1250\ccs\tools\compiler\ti-cgt-armllvm_3.2.0.LTS\lib\clang\15.0.7\lib\armv7em-ti-none-eabi\</path>
         <kind>archive</kind>
         <file>libclang_rt.builtins.a</file>
         <name>aeabi_div0.c.obj</name>
      </input_file>
      <input_file id="fl-ad">
         <path>C:\ti\ccs1250\ccs\tools\compiler\ti-cgt-armllvm_3.2.0.LTS\lib\armv7em-ti-none-eabi\c\</path>
         <kind>archive</kind>
         <file>libc.a</file>
         <name>memcpy_t2.S.obj</name>
      </input_file>
      <input_file id="fl-ae">
         <path>C:\ti\ccs1250\ccs\tools\compiler\ti-cgt-armllvm_3.2.0.LTS\lib\armv7em-ti-none-eabi\c\</path>
         <kind>archive</kind>
         <file>libc.a</file>
         <name>memset_t2.S.obj</name>
      </input_file>
   </input_file_list>
   <object_component_list>
      <object_component id="oc-d2">
         <name>.text.PRCMCC3200MCUInit</name>
         <load_address>0x2000c040</load_address>
         <readonly>true</readonly>
         <executable>true</executable>
         <run_address>0x2000c040</run_address>
         <size>0x4b8</size>
         <alignment>0x2</alignment>
         <input_file_ref idref="fl-27"/>
      </object_component>
      <object_component id="oc-1c4">
         <name>.text.Power_sleep</name>
         <load_address>0x2000c4f8</load_address>
         <readonly>true</readonly>
         <executable>true</executable>
         <run_address>0x2000c4f8</run_address>
         <size>0x3e4</size>
         <alignment>0x4</alignment>
         <input_file_ref idref="fl-16"/>
      </object_component>
      <object_component id="oc-b0">
         <name>.text.mainThread</name>
         <load_address>0x2000c8dc</load_address>
         <readonly>true</readonly>
         <executable>true</executable>
         <run_address>0x2000c8dc</run_address>
         <size>0x164</size>
         <alignment>0x4</alignment>
         <input_file_ref idref="fl-1"/>
      </object_component>
      <object_component id="oc-177">
         <name>.text.PowerCC32XX_sleepPolicy</name>
         <load_address>0x2000ca40</load_address>
         <readonly>true</readonly>
         <executable>true</executable>
         <run_address>0x2000ca40</run_address>
         <size>0x150</size>
         <alignment>0x4</alignment>
         <input_file_ref idref="fl-1f"/>
      </object_component>
      <object_component id="oc-14a">
         <name>.text.Timer_open</name>
         <load_address>0x2000cb90</load_address>
         <readonly>true</readonly>
         <executable>true</executable>
         <run_address>0x2000cb90</run_address>
         <size>0x148</size>
         <alignment>0x4</alignment>
         <input_file_ref idref="fl-19"/>
      </object_component>
      <object_component id="oc-f8">
         <name>.text.GPIO_setConfig</name>
         <load_address>0x2000ccd8</load_address>
         <readonly>true</readonly>
         <executable>true</executable>
         <run_address>0x2000ccd8</run_address>
         <size>0x140</size>
         <alignment>0x4</alignment>
         <input_file_ref idref="fl-15"/>
      </object_component>
      <object_component id="oc-1ea">
         <name>.text.aligned_alloc</name>
         <load_address>0x2000ce18</load_address>
         <readonly>true</readonly>
         <executable>true</executable>
         <run_address>0x2000ce18</run_address>
         <size>0x120</size>
         <alignment>0x4</alignment>
         <input_file_ref idref="fl-39"/>
      </object_component>
      <object_component id="oc-17e">
         <name>.text.free</name>
         <load_address>0x2000cf38</load_address>
         <readonly>true</readonly>
         <executable>true</executable>
         <run_address>0x2000cf38</run_address>
         <size>0xf0</size>
         <alignment>0x4</alignment>
         <input_file_ref idref="fl-39"/>
      </object_component>
      <object_component id="oc-232">
         <name>.text.IntDisable</name>
         <load_address>0x2000d028</load_address>
         <readonly>true</readonly>
         <executable>true</executable>
         <run_address>0x2000d028</run_address>
         <size>0xc8</size>
         <alignment>0x2</alignment>
         <input_file_ref idref="fl-25"/>
      </object_component>
      <object_component id="oc-1ed">
         <name>.text.IntEnable</name>
         <load_address>0x2000d0f0</load_address>
         <readonly>true</readonly>
         <executable>true</executable>
         <run_address>0x2000d0f0</run_address>
         <size>0xc8</size>
         <alignment>0x2</alignment>
         <input_file_ref idref="fl-25"/>
      </object_component>
      <object_component id="oc-1f6">
         <name>.text</name>
         <load_address>0x2000d1b8</load_address>
         <readonly>true</readonly>
         <executable>true</executable>
         <run_address>0x2000d1b8</run_address>
         <size>0xb0</size>
         <alignment>0x4</alignment>
         <input_file_ref idref="fl-ab"/>
      </object_component>
      <object_component id="oc-1aa">
         <name>.text.GPIOIntTypeSet</name>
         <load_address>0x2000d268</load_address>
         <readonly>true</readonly>
         <executable>true</executable>
         <run_address>0x2000d268</run_address>
         <size>0xac</size>
         <alignment>0x2</alignment>
         <input_file_ref idref="fl-23"/>
      </object_component>
      <object_component id="oc-22e">
         <name>.text.IntPendSet</name>
         <load_address>0x2000d314</load_address>
         <readonly>true</readonly>
         <executable>true</executable>
         <run_address>0x2000d314</run_address>
         <size>0xa4</size>
         <alignment>0x2</alignment>
         <input_file_ref idref="fl-25"/>
      </object_component>
      <object_component id="oc-154">
         <name>.text.PinConfigSet</name>
         <load_address>0x2000d3b8</load_address>
         <readonly>true</readonly>
         <executable>true</executable>
         <run_address>0x2000d3b8</run_address>
         <size>0xa2</size>
         <alignment>0x2</alignment>
         <input_file_ref idref="fl-26"/>
      </object_component>
      <object_component id="oc-e2">
         <name>.text.Board_initHook</name>
         <load_address>0x2000d45a</load_address>
         <readonly>true</readonly>
         <executable>true</executable>
         <run_address>0x2000d45a</run_address>
         <size>0x2</size>
         <alignment>0x2</alignment>
         <input_file_ref idref="fl-2"/>
      </object_component>
      <object_component id="oc-12b">
         <name>.text.SemaphoreP_pend</name>
         <load_address>0x2000d45c</load_address>
         <readonly>true</readonly>
         <executable>true</executable>
         <run_address>0x2000d45c</run_address>
         <size>0x98</size>
         <alignment>0x4</alignment>
         <input_file_ref idref="fl-1c"/>
      </object_component>
      <object_component id="oc-20e">
         <name>.text.CPUwfi</name>
         <load_address>0x2000d4f4</load_address>
         <readonly>true</readonly>
         <executable>true</executable>
         <run_address>0x2000d4f4</run_address>
         <size>0xc</size>
         <alignment>0x2</alignment>
         <input_file_ref idref="fl-22"/>
      </object_component>
      <object_component id="oc-203">
         <name>.text</name>
         <load_address>0x2000d500</load_address>
         <readonly>true</readonly>
         <executable>true</executable>
         <run_address>0x2000d500</run_address>
         <size>0x96</size>
         <alignment>0x10</alignment>
         <input_file_ref idref="fl-17"/>
      </object_component>
      <object_component id="oc-172">
         <name>.text.PowerCC32XX_initPolicy</name>
         <load_address>0x2000d596</load_address>
         <readonly>true</readonly>
         <executable>true</executable>
         <run_address>0x2000d596</run_address>
         <size>0x2</size>
         <alignment>0x2</alignment>
         <input_file_ref idref="fl-1f"/>
      </object_component>
      <object_component id="oc-dc">
         <name>.text.GPIO_init</name>
         <load_address>0x2000d598</load_address>
         <readonly>true</readonly>
         <executable>true</executable>
         <run_address>0x2000d598</run_address>
         <size>0x90</size>
         <alignment>0x4</alignment>
         <input_file_ref idref="fl-15"/>
      </object_component>
      <object_component id="oc-10a">
         <name>.text.PRCMSysResetCauseGet</name>
         <load_address>0x2000d628</load_address>
         <readonly>true</readonly>
         <executable>true</executable>
         <run_address>0x2000d628</run_address>
         <size>0x8e</size>
         <alignment>0x2</alignment>
         <input_file_ref idref="fl-27"/>
      </object_component>
      <object_component id="oc-1da">
         <name>.text.SemaphoreP_destruct</name>
         <load_address>0x2000d6b6</load_address>
         <readonly>true</readonly>
         <executable>true</executable>
         <run_address>0x2000d6b6</run_address>
         <size>0x2</size>
         <alignment>0x2</alignment>
         <input_file_ref idref="fl-1c"/>
      </object_component>
      <object_component id="oc-11c">
         <name>.text.PowerCC32XX_configureWakeup</name>
         <load_address>0x2000d6b8</load_address>
         <readonly>true</readonly>
         <executable>true</executable>
         <run_address>0x2000d6b8</run_address>
         <size>0x88</size>
         <alignment>0x4</alignment>
         <input_file_ref idref="fl-16"/>
      </object_component>
      <object_component id="oc-d7">
         <name>.text.Power_init</name>
         <load_address>0x2000d740</load_address>
         <readonly>true</readonly>
         <executable>true</executable>
         <run_address>0x2000d740</run_address>
         <size>0x78</size>
         <alignment>0x4</alignment>
         <input_file_ref idref="fl-16"/>
      </object_component>
      <object_component id="oc-1a9">
         <name>.text.HwiP_construct</name>
         <load_address>0x2000d7b8</load_address>
         <readonly>true</readonly>
         <executable>true</executable>
         <run_address>0x2000d7b8</run_address>
         <size>0x74</size>
         <alignment>0x4</alignment>
         <input_file_ref idref="fl-1e"/>
      </object_component>
      <object_component id="oc-16f">
         <name>.text.PRCMHibernateWakeUpGPIOSelect</name>
         <load_address>0x2000d82c</load_address>
         <readonly>true</readonly>
         <executable>true</executable>
         <run_address>0x2000d82c</run_address>
         <size>0x74</size>
         <alignment>0x2</alignment>
         <input_file_ref idref="fl-27"/>
      </object_component>
      <object_component id="oc-18">
         <name>.text:decompress:lzss</name>
         <load_address>0x2000d8a0</load_address>
         <readonly>true</readonly>
         <executable>true</executable>
         <run_address>0x2000d8a0</run_address>
         <size>0x70</size>
         <alignment>0x2</alignment>
         <input_file_ref idref="fl-41"/>
      </object_component>
      <object_component id="oc-200">
         <name>.text.PinLockLevelSet</name>
         <load_address>0x2000d910</load_address>
         <readonly>true</readonly>
         <executable>true</executable>
         <run_address>0x2000d910</run_address>
         <size>0x6c</size>
         <alignment>0x2</alignment>
         <input_file_ref idref="fl-26"/>
      </object_component>
      <object_component id="oc-155">
         <name>.text.Power_setDependency</name>
         <load_address>0x2000d97c</load_address>
         <readonly>true</readonly>
         <executable>true</executable>
         <run_address>0x2000d97c</run_address>
         <size>0x6c</size>
         <alignment>0x4</alignment>
         <input_file_ref idref="fl-16"/>
      </object_component>
      <object_component id="oc-132">
         <name>.text.powerNotifyFxn</name>
         <load_address>0x2000d9e8</load_address>
         <readonly>true</readonly>
         <executable>true</executable>
         <run_address>0x2000d9e8</run_address>
         <size>0x6c</size>
         <alignment>0x4</alignment>
         <input_file_ref idref="fl-15"/>
      </object_component>
      <object_component id="oc-218">
         <name>.text.split</name>
         <load_address>0x2000da54</load_address>
         <readonly>true</readonly>
         <executable>true</executable>
         <run_address>0x2000da54</run_address>
         <size>0x6c</size>
         <alignment>0x4</alignment>
         <input_file_ref idref="fl-39"/>
      </object_component>
      <object_component id="oc-112">
         <name>.text.PRCMPeripheralReset</name>
         <load_address>0x2000dac0</load_address>
         <readonly>true</readonly>
         <executable>true</executable>
         <run_address>0x2000dac0</run_address>
         <size>0x6a</size>
         <alignment>0x2</alignment>
         <input_file_ref idref="fl-27"/>
      </object_component>
      <object_component id="oc-213">
         <name>.text.IntPendClear</name>
         <load_address>0x2000db2a</load_address>
         <readonly>true</readonly>
         <executable>true</executable>
         <run_address>0x2000db2a</run_address>
         <size>0x68</size>
         <alignment>0x2</alignment>
         <input_file_ref idref="fl-25"/>
      </object_component>
      <object_component id="oc-143">
         <name>.text.Timer_init</name>
         <load_address>0x2000db92</load_address>
         <readonly>true</readonly>
         <executable>true</executable>
         <run_address>0x2000db92</run_address>
         <size>0x2</size>
         <alignment>0x2</alignment>
         <input_file_ref idref="fl-18"/>
      </object_component>
      <object_component id="oc-ed">
         <name>.text.GPIO_write</name>
         <load_address>0x2000db94</load_address>
         <readonly>true</readonly>
         <executable>true</executable>
         <run_address>0x2000db94</run_address>
         <size>0x60</size>
         <alignment>0x4</alignment>
         <input_file_ref idref="fl-15"/>
      </object_component>
      <object_component id="oc-229">
         <name>.text.FlashDisable</name>
         <load_address>0x2000dbf4</load_address>
         <readonly>true</readonly>
         <executable>true</executable>
         <run_address>0x2000dbf4</run_address>
         <size>0x5c</size>
         <alignment>0x2</alignment>
         <input_file_ref idref="fl-2c"/>
      </object_component>
      <object_component id="oc-171">
         <name>.text.PRCMHibernateWakeupSourceDisable</name>
         <load_address>0x2000dc50</load_address>
         <readonly>true</readonly>
         <executable>true</executable>
         <run_address>0x2000dc50</run_address>
         <size>0x5c</size>
         <alignment>0x2</alignment>
         <input_file_ref idref="fl-27"/>
      </object_component>
      <object_component id="oc-153">
         <name>.text.TickFct_Blink</name>
         <load_address>0x2000dcac</load_address>
         <readonly>true</readonly>
         <executable>true</executable>
         <run_address>0x2000dcac</run_address>
         <size>0x5c</size>
         <alignment>0x4</alignment>
         <input_file_ref idref="fl-1"/>
      </object_component>
      <object_component id="oc-198">
         <name>.text.TimerCC32XX_allocateTimerResource</name>
         <load_address>0x2000dd08</load_address>
         <readonly>true</readonly>
         <executable>true</executable>
         <run_address>0x2000dd08</run_address>
         <size>0x5c</size>
         <alignment>0x4</alignment>
         <input_file_ref idref="fl-19"/>
      </object_component>
      <object_component id="oc-111">
         <name>.text.PRCMPeripheralClkEnable</name>
         <load_address>0x2000dd64</load_address>
         <readonly>true</readonly>
         <executable>true</executable>
         <run_address>0x2000dd64</run_address>
         <size>0x5a</size>
         <alignment>0x2</alignment>
         <input_file_ref idref="fl-27"/>
      </object_component>
      <object_component id="oc-21d">
         <name>.text.__aeabi_ldiv0</name>
         <load_address>0x2000ddbe</load_address>
         <readonly>true</readonly>
         <executable>true</executable>
         <run_address>0x2000ddbe</run_address>
         <size>0x2</size>
         <alignment>0x2</alignment>
         <input_file_ref idref="fl-ac"/>
      </object_component>
      <object_component id="oc-1f4">
         <name>.text.ClockP_startup</name>
         <load_address>0x2000ddc0</load_address>
         <readonly>true</readonly>
         <executable>true</executable>
         <run_address>0x2000ddc0</run_address>
         <size>0x58</size>
         <alignment>0x4</alignment>
         <input_file_ref idref="fl-1d"/>
      </object_component>
      <object_component id="oc-1ec">
         <name>.text.IntPrioritySet</name>
         <load_address>0x2000de18</load_address>
         <readonly>true</readonly>
         <executable>true</executable>
         <run_address>0x2000de18</run_address>
         <size>0x58</size>
         <alignment>0x2</alignment>
         <input_file_ref idref="fl-25"/>
      </object_component>
      <object_component id="oc-20d">
         <name>.text.PRCMLPDSEnter</name>
         <load_address>0x2000de70</load_address>
         <readonly>true</readonly>
         <executable>true</executable>
         <run_address>0x2000de70</run_address>
         <size>0x56</size>
         <alignment>0x2</alignment>
         <input_file_ref idref="fl-27"/>
      </object_component>
      <object_component id="oc-15d">
         <name>.text._nop</name>
         <load_address>0x2000dec6</load_address>
         <readonly>true</readonly>
         <executable>true</executable>
         <run_address>0x2000dec6</run_address>
         <size>0x2</size>
         <alignment>0x2</alignment>
         <input_file_ref idref="fl-43"/>
      </object_component>
      <object_component id="oc-191">
         <name>.text.PowerCC32XX_setParkState</name>
         <load_address>0x2000dec8</load_address>
         <readonly>true</readonly>
         <executable>true</executable>
         <run_address>0x2000dec8</run_address>
         <size>0x54</size>
         <alignment>0x4</alignment>
         <input_file_ref idref="fl-16"/>
      </object_component>
      <object_component id="oc-215">
         <name>.text.Power_releaseDependency</name>
         <load_address>0x2000df1c</load_address>
         <readonly>true</readonly>
         <executable>true</executable>
         <run_address>0x2000df1c</run_address>
         <size>0x54</size>
         <alignment>0x4</alignment>
         <input_file_ref idref="fl-16"/>
      </object_component>
      <object_component id="oc-15c">
         <name>.text.GPIO_hwiIntFxn</name>
         <load_address>0x2000df70</load_address>
         <readonly>true</readonly>
         <executable>true</executable>
         <run_address>0x2000df70</run_address>
         <size>0x50</size>
         <alignment>0x4</alignment>
         <input_file_ref idref="fl-15"/>
      </object_component>
      <object_component id="oc-170">
         <name>.text.PRCMHibernateWakeupSourceEnable</name>
         <load_address>0x2000dfc0</load_address>
         <readonly>true</readonly>
         <executable>true</executable>
         <run_address>0x2000dfc0</run_address>
         <size>0x50</size>
         <alignment>0x2</alignment>
         <input_file_ref idref="fl-27"/>
      </object_component>
      <object_component id="oc-1cd">
         <name>.text.SemaphoreP_construct</name>
         <load_address>0x2000e010</load_address>
         <readonly>true</readonly>
         <executable>true</executable>
         <run_address>0x2000e010</run_address>
         <size>0x50</size>
         <alignment>0x4</alignment>
         <input_file_ref idref="fl-1c"/>
      </object_component>
      <object_component id="oc-159">
         <name>.text.GPIO_setInterruptConfig</name>
         <load_address>0x2000e060</load_address>
         <readonly>true</readonly>
         <executable>true</executable>
         <run_address>0x2000e060</run_address>
         <size>0x4c</size>
         <alignment>0x4</alignment>
         <input_file_ref idref="fl-15"/>
      </object_component>
      <object_component id="oc-227">
         <name>.text.PRCMLPDSRestoreInfoSet</name>
         <load_address>0x2000e0ac</load_address>
         <readonly>true</readonly>
         <executable>true</executable>
         <run_address>0x2000e0ac</run_address>
         <size>0x4c</size>
         <alignment>0x2</alignment>
         <input_file_ref idref="fl-27"/>
      </object_component>
      <object_component id="oc-19d">
         <name>.text.initHw</name>
         <load_address>0x2000e0f8</load_address>
         <readonly>true</readonly>
         <executable>true</executable>
         <run_address>0x2000e0f8</run_address>
         <size>0x4c</size>
         <alignment>0x2</alignment>
         <input_file_ref idref="fl-19"/>
      </object_component>
      <object_component id="oc-19c">
         <name>.text.getPrescaler</name>
         <load_address>0x2000e144</load_address>
         <readonly>true</readonly>
         <executable>true</executable>
         <run_address>0x2000e144</run_address>
         <size>0x4a</size>
         <alignment>0x2</alignment>
         <input_file_ref idref="fl-19"/>
      </object_component>
      <object_component id="oc-57">
         <name>.text.busFaultHandler</name>
         <load_address>0x2000e18e</load_address>
         <readonly>true</readonly>
         <executable>true</executable>
         <run_address>0x2000e18e</run_address>
         <size>0x2</size>
         <alignment>0x2</alignment>
         <input_file_ref idref="fl-20"/>
      </object_component>
      <object_component id="oc-58">
         <name>.text.ClockP_sysTickHandler</name>
         <load_address>0x2000e190</load_address>
         <readonly>true</readonly>
         <executable>true</executable>
         <run_address>0x2000e190</run_address>
         <size>0x48</size>
         <alignment>0x4</alignment>
         <input_file_ref idref="fl-1d"/>
      </object_component>
      <object_component id="oc-207">
         <name>.text.PRCMIntEnable</name>
         <load_address>0x2000e1d8</load_address>
         <readonly>true</readonly>
         <executable>true</executable>
         <run_address>0x2000e1d8</run_address>
         <size>0x48</size>
         <alignment>0x2</alignment>
         <input_file_ref idref="fl-27"/>
      </object_component>
      <object_component id="oc-1a7">
         <name>.text.PRCMPeripheralStatusGet</name>
         <load_address>0x2000e220</load_address>
         <readonly>true</readonly>
         <executable>true</executable>
         <run_address>0x2000e220</run_address>
         <size>0x48</size>
         <alignment>0x2</alignment>
         <input_file_ref idref="fl-27"/>
      </object_component>
      <object_component id="oc-224">
         <name>.text.PinConfigGet</name>
         <load_address>0x2000e268</load_address>
         <readonly>true</readonly>
         <executable>true</executable>
         <run_address>0x2000e268</run_address>
         <size>0x48</size>
         <alignment>0x2</alignment>
         <input_file_ref idref="fl-26"/>
      </object_component>
      <object_component id="oc-20c">
         <name>.text.PRCMLPDSEnterKeepDebugIf</name>
         <load_address>0x2000e2b0</load_address>
         <readonly>true</readonly>
         <executable>true</executable>
         <run_address>0x2000e2b0</run_address>
         <size>0x46</size>
         <alignment>0x2</alignment>
         <input_file_ref idref="fl-27"/>
      </object_component>
      <object_component id="oc-158">
         <name>.text.GPIODirModeSet</name>
         <load_address>0x2000e2f6</load_address>
         <readonly>true</readonly>
         <executable>true</executable>
         <run_address>0x2000e2f6</run_address>
         <size>0x44</size>
         <alignment>0x2</alignment>
         <input_file_ref idref="fl-23"/>
      </object_component>
      <object_component id="oc-185">
         <name>.text.clkFxn</name>
         <load_address>0x2000e33a</load_address>
         <readonly>true</readonly>
         <executable>true</executable>
         <run_address>0x2000e33a</run_address>
         <size>0x2</size>
         <alignment>0x2</alignment>
         <input_file_ref idref="fl-1c"/>
      </object_component>
      <object_component id="oc-f5">
         <name>.text.GPIO_disableInt</name>
         <load_address>0x2000e33c</load_address>
         <readonly>true</readonly>
         <executable>true</executable>
         <run_address>0x2000e33c</run_address>
         <size>0x44</size>
         <alignment>0x4</alignment>
         <input_file_ref idref="fl-15"/>
      </object_component>
      <object_component id="oc-f3">
         <name>.text.GPIO_enableInt</name>
         <load_address>0x2000e380</load_address>
         <readonly>true</readonly>
         <executable>true</executable>
         <run_address>0x2000e380</run_address>
         <size>0x44</size>
         <alignment>0x4</alignment>
         <input_file_ref idref="fl-15"/>
      </object_component>
      <object_component id="oc-230">
         <name>.text.Power_releaseConstraint</name>
         <load_address>0x2000e3c4</load_address>
         <readonly>true</readonly>
         <executable>true</executable>
         <run_address>0x2000e3c4</run_address>
         <size>0x44</size>
         <alignment>0x4</alignment>
         <input_file_ref idref="fl-16"/>
      </object_component>
      <object_component id="oc-150">
         <name>.text.Timer_start</name>
         <load_address>0x2000e408</load_address>
         <readonly>true</readonly>
         <executable>true</executable>
         <run_address>0x2000e408</run_address>
         <size>0x44</size>
         <alignment>0x2</alignment>
         <input_file_ref idref="fl-18"/>
      </object_component>
      <object_component id="oc-7d">
         <name>.text.addToList</name>
         <load_address>0x2000e44c</load_address>
         <readonly>true</readonly>
         <executable>true</executable>
         <run_address>0x2000e44c</run_address>
         <size>0x44</size>
         <alignment>0x4</alignment>
         <input_file_ref idref="fl-1d"/>
      </object_component>
      <object_component id="oc-119">
         <name>.text.PinModeSet</name>
         <load_address>0x2000e490</load_address>
         <readonly>true</readonly>
         <executable>true</executable>
         <run_address>0x2000e490</run_address>
         <size>0x42</size>
         <alignment>0x2</alignment>
         <input_file_ref idref="fl-26"/>
      </object_component>
      <object_component id="oc-1e3">
         <name>.text.TimerControlStall</name>
         <load_address>0x2000e4d2</load_address>
         <readonly>true</readonly>
         <executable>true</executable>
         <run_address>0x2000e4d2</run_address>
         <size>0x42</size>
         <alignment>0x2</alignment>
         <input_file_ref idref="fl-2a"/>
      </object_component>
      <object_component id="oc-19b">
         <name>.text.Timer_close</name>
         <load_address>0x2000e514</load_address>
         <readonly>true</readonly>
         <executable>true</executable>
         <run_address>0x2000e514</run_address>
         <size>0x42</size>
         <alignment>0x2</alignment>
         <input_file_ref idref="fl-19"/>
      </object_component>
      <object_component id="oc-1b9">
         <name>.text.getCountsRTC</name>
         <load_address>0x2000e556</load_address>
         <readonly>true</readonly>
         <executable>true</executable>
         <run_address>0x2000e556</run_address>
         <size>0x42</size>
         <alignment>0x2</alignment>
         <input_file_ref idref="fl-1f"/>
      </object_component>
      <object_component id="oc-12d">
         <name>.text.SemaphoreP_post</name>
         <load_address>0x2000e598</load_address>
         <readonly>true</readonly>
         <executable>true</executable>
         <run_address>0x2000e598</run_address>
         <size>0x40</size>
         <alignment>0x4</alignment>
         <input_file_ref idref="fl-1c"/>
      </object_component>
      <object_component id="oc-1d6">
         <name>.text.Timer_stop</name>
         <load_address>0x2000e5d8</load_address>
         <readonly>true</readonly>
         <executable>true</executable>
         <run_address>0x2000e5d8</run_address>
         <size>0x40</size>
         <alignment>0x2</alignment>
         <input_file_ref idref="fl-18"/>
      </object_component>
      <object_component id="oc-226">
         <name>.text.PinDirModeSet</name>
         <load_address>0x2000e618</load_address>
         <readonly>true</readonly>
         <executable>true</executable>
         <run_address>0x2000e618</run_address>
         <size>0x3e</size>
         <alignment>0x2</alignment>
         <input_file_ref idref="fl-26"/>
      </object_component>
      <object_component id="oc-56">
         <name>.text.defaultHandler</name>
         <load_address>0x2000e656</load_address>
         <readonly>true</readonly>
         <executable>true</executable>
         <run_address>0x2000e656</run_address>
         <size>0x2</size>
         <alignment>0x2</alignment>
         <input_file_ref idref="fl-20"/>
      </object_component>
      <object_component id="oc-1d1">
         <name>.text.ClockP_stop</name>
         <load_address>0x2000e658</load_address>
         <readonly>true</readonly>
         <executable>true</executable>
         <run_address>0x2000e658</run_address>
         <size>0x3c</size>
         <alignment>0x4</alignment>
         <input_file_ref idref="fl-1d"/>
      </object_component>
      <object_component id="oc-f4">
         <name>.text.initTimer</name>
         <load_address>0x2000e694</load_address>
         <readonly>true</readonly>
         <executable>true</executable>
         <run_address>0x2000e694</run_address>
         <size>0x3c</size>
         <alignment>0x4</alignment>
         <input_file_ref idref="fl-1"/>
      </object_component>
      <object_component id="oc-1a5">
         <name>.text.TimerSupport_timerEnable</name>
         <load_address>0x2000e6d0</load_address>
         <readonly>true</readonly>
         <executable>true</executable>
         <run_address>0x2000e6d0</run_address>
         <size>0x3a</size>
         <alignment>0x2</alignment>
         <input_file_ref idref="fl-19"/>
      </object_component>
      <object_component id="oc-55">
         <name>.text.faultISR</name>
         <load_address>0x2000e70a</load_address>
         <readonly>true</readonly>
         <executable>true</executable>
         <run_address>0x2000e70a</run_address>
         <size>0x2</size>
         <alignment>0x2</alignment>
         <input_file_ref idref="fl-20"/>
      </object_component>
      <object_component id="oc-184">
         <name>.text.ClockP_destruct</name>
         <load_address>0x2000e70c</load_address>
         <readonly>true</readonly>
         <executable>true</executable>
         <run_address>0x2000e70c</run_address>
         <size>0x38</size>
         <alignment>0x4</alignment>
         <input_file_ref idref="fl-1d"/>
      </object_component>
      <object_component id="oc-1e8">
         <name>.text.Power_setConstraint</name>
         <load_address>0x2000e744</load_address>
         <readonly>true</readonly>
         <executable>true</executable>
         <run_address>0x2000e744</run_address>
         <size>0x38</size>
         <alignment>0x4</alignment>
         <input_file_ref idref="fl-16"/>
      </object_component>
      <object_component id="oc-1ca">
         <name>.text.SwiP_restore</name>
         <load_address>0x2000e77c</load_address>
         <readonly>true</readonly>
         <executable>true</executable>
         <run_address>0x2000e77c</run_address>
         <size>0x38</size>
         <alignment>0x4</alignment>
         <input_file_ref idref="fl-21"/>
      </object_component>
      <object_component id="oc-bf">
         <name>.text:__TI_auto_init_nobinit_nopinit</name>
         <load_address>0x2000e7b4</load_address>
         <readonly>true</readonly>
         <executable>true</executable>
         <run_address>0x2000e7b4</run_address>
         <size>0x38</size>
         <alignment>0x4</alignment>
         <input_file_ref idref="fl-3c"/>
      </object_component>
      <object_component id="oc-202">
         <name>.text.PinLock</name>
         <load_address>0x2000e7ec</load_address>
         <readonly>true</readonly>
         <executable>true</executable>
         <run_address>0x2000e7ec</run_address>
         <size>0x36</size>
         <alignment>0x2</alignment>
         <input_file_ref idref="fl-26"/>
      </object_component>
      <object_component id="oc-1a2">
         <name>.text.TimerCC32XX_hwiIntFunction</name>
         <load_address>0x2000e822</load_address>
         <readonly>true</readonly>
         <executable>true</executable>
         <run_address>0x2000e822</run_address>
         <size>0x36</size>
         <alignment>0x2</alignment>
         <input_file_ref idref="fl-19"/>
      </object_component>
      <object_component id="oc-181">
         <name>.text.ClockP_start</name>
         <load_address>0x2000e858</load_address>
         <readonly>true</readonly>
         <executable>true</executable>
         <run_address>0x2000e858</run_address>
         <size>0x34</size>
         <alignment>0x4</alignment>
         <input_file_ref idref="fl-1d"/>
      </object_component>
      <object_component id="oc-225">
         <name>.text.PinDirModeGet</name>
         <load_address>0x2000e88c</load_address>
         <readonly>true</readonly>
         <executable>true</executable>
         <run_address>0x2000e88c</run_address>
         <size>0x34</size>
         <alignment>0x2</alignment>
         <input_file_ref idref="fl-26"/>
      </object_component>
      <object_component id="oc-114">
         <name>.text.PinModeGet</name>
         <load_address>0x2000e8c0</load_address>
         <readonly>true</readonly>
         <executable>true</executable>
         <run_address>0x2000e8c0</run_address>
         <size>0x34</size>
         <alignment>0x2</alignment>
         <input_file_ref idref="fl-26"/>
      </object_component>
      <object_component id="oc-1ff">
         <name>.text.PowerCC32XX_parkPin</name>
         <load_address>0x2000e8f4</load_address>
         <readonly>true</readonly>
         <executable>true</executable>
         <run_address>0x2000e8f4</run_address>
         <size>0x34</size>
         <alignment>0x2</alignment>
         <input_file_ref idref="fl-16"/>
      </object_component>
      <object_component id="oc-1db">
         <name>.text.TimerCC32XX_freeTimerResource</name>
         <load_address>0x2000e928</load_address>
         <readonly>true</readonly>
         <executable>true</executable>
         <run_address>0x2000e928</run_address>
         <size>0x34</size>
         <alignment>0x4</alignment>
         <input_file_ref idref="fl-19"/>
      </object_component>
      <object_component id="oc-4f">
         <name>.text.initVectors</name>
         <load_address>0x2000e95c</load_address>
         <readonly>true</readonly>
         <executable>true</executable>
         <run_address>0x2000e95c</run_address>
         <size>0x34</size>
         <alignment>0x4</alignment>
         <input_file_ref idref="fl-20"/>
      </object_component>
      <object_component id="oc-1b6">
         <name>.text.ClockP_getTicksUntilInterrupt</name>
         <load_address>0x2000e990</load_address>
         <readonly>true</readonly>
         <executable>true</executable>
         <run_address>0x2000e990</run_address>
         <size>0x30</size>
         <alignment>0x4</alignment>
         <input_file_ref idref="fl-1d"/>
      </object_component>
      <object_component id="oc-1c3">
         <name>.text.PRCMLPDSIntervalSet</name>
         <load_address>0x2000e9c0</load_address>
         <readonly>true</readonly>
         <executable>true</executable>
         <run_address>0x2000e9c0</run_address>
         <size>0x30</size>
         <alignment>0x2</alignment>
         <input_file_ref idref="fl-27"/>
      </object_component>
      <object_component id="oc-1f5">
         <name>.text.PRCMSlowClkCtrFastGet</name>
         <load_address>0x2000e9f0</load_address>
         <readonly>true</readonly>
         <executable>true</executable>
         <run_address>0x2000e9f0</run_address>
         <size>0x30</size>
         <alignment>0x2</alignment>
         <input_file_ref idref="fl-27"/>
      </object_component>
      <object_component id="oc-1e2">
         <name>.text.TimerLoadSet</name>
         <load_address>0x2000ea20</load_address>
         <readonly>true</readonly>
         <executable>true</executable>
         <run_address>0x2000ea20</run_address>
         <size>0x30</size>
         <alignment>0x2</alignment>
         <input_file_ref idref="fl-2a"/>
      </object_component>
      <object_component id="oc-1e1">
         <name>.text.TimerPrescaleSet</name>
         <load_address>0x2000ea50</load_address>
         <readonly>true</readonly>
         <executable>true</executable>
         <run_address>0x2000ea50</run_address>
         <size>0x30</size>
         <alignment>0x2</alignment>
         <input_file_ref idref="fl-2a"/>
      </object_component>
      <object_component id="oc-1fd">
         <name>.text.notify</name>
         <load_address>0x2000ea80</load_address>
         <readonly>true</readonly>
         <executable>true</executable>
         <run_address>0x2000ea80</run_address>
         <size>0x30</size>
         <alignment>0x4</alignment>
         <input_file_ref idref="fl-16"/>
      </object_component>
      <object_component id="oc-1ac">
         <name>.text.GPIOIntStatus</name>
         <load_address>0x2000eab0</load_address>
         <readonly>true</readonly>
         <executable>true</executable>
         <run_address>0x2000eab0</run_address>
         <size>0x2e</size>
         <alignment>0x2</alignment>
         <input_file_ref idref="fl-23"/>
      </object_component>
      <object_component id="oc-157">
         <name>.text.HwiP_create</name>
         <load_address>0x2000eade</load_address>
         <readonly>true</readonly>
         <executable>true</executable>
         <run_address>0x2000eade</run_address>
         <size>0x2a</size>
         <alignment>0x2</alignment>
         <input_file_ref idref="fl-1e"/>
      </object_component>
      <object_component id="oc-16e">
         <name>.text.PRCMLPDSWakeUpGPIOSelect</name>
         <load_address>0x2000eb08</load_address>
         <readonly>true</readonly>
         <executable>true</executable>
         <run_address>0x2000eb08</run_address>
         <size>0x2a</size>
         <alignment>0x2</alignment>
         <input_file_ref idref="fl-27"/>
      </object_component>
      <object_component id="oc-113">
         <name>.text.PRCMPeripheralClkDisable</name>
         <load_address>0x2000eb32</load_address>
         <readonly>true</readonly>
         <executable>true</executable>
         <run_address>0x2000eb32</run_address>
         <size>0x2a</size>
         <alignment>0x2</alignment>
         <input_file_ref idref="fl-27"/>
      </object_component>
      <object_component id="oc-212">
         <name>.text.List_remove</name>
         <load_address>0x2000eb5c</load_address>
         <readonly>true</readonly>
         <executable>true</executable>
         <run_address>0x2000eb5c</run_address>
         <size>0x28</size>
         <alignment>0x2</alignment>
         <input_file_ref idref="fl-1a"/>
      </object_component>
      <object_component id="oc-1fe">
         <name>.text.PRCMSRAMRetentionEnable</name>
         <load_address>0x2000eb84</load_address>
         <readonly>true</readonly>
         <executable>true</executable>
         <run_address>0x2000eb84</run_address>
         <size>0x28</size>
         <alignment>0x2</alignment>
         <input_file_ref idref="fl-27"/>
      </object_component>
      <object_component id="oc-211">
         <name>.text.TimerSupport_timerDisable</name>
         <load_address>0x2000ebac</load_address>
         <readonly>true</readonly>
         <executable>true</executable>
         <run_address>0x2000ebac</run_address>
         <size>0x28</size>
         <alignment>0x2</alignment>
         <input_file_ref idref="fl-19"/>
      </object_component>
      <object_component id="oc-1d0">
         <name>.text.free_list_insert</name>
         <load_address>0x2000ebd4</load_address>
         <readonly>true</readonly>
         <executable>true</executable>
         <run_address>0x2000ebd4</run_address>
         <size>0x28</size>
         <alignment>0x4</alignment>
         <input_file_ref idref="fl-39"/>
      </object_component>
      <object_component id="oc-233">
         <name>.text.IntUnregister</name>
         <load_address>0x2000ebfc</load_address>
         <readonly>true</readonly>
         <executable>true</executable>
         <run_address>0x2000ebfc</run_address>
         <size>0x24</size>
         <alignment>0x2</alignment>
         <input_file_ref idref="fl-25"/>
      </object_component>
      <object_component id="oc-186">
         <name>.text.List_put</name>
         <load_address>0x2000ec20</load_address>
         <readonly>true</readonly>
         <executable>true</executable>
         <run_address>0x2000ec20</run_address>
         <size>0x24</size>
         <alignment>0x2</alignment>
         <input_file_ref idref="fl-1a"/>
      </object_component>
      <object_component id="oc-16c">
         <name>.text.PRCMLPDSWakeupSourceEnable</name>
         <load_address>0x2000ec44</load_address>
         <readonly>true</readonly>
         <executable>true</executable>
         <run_address>0x2000ec44</run_address>
         <size>0x24</size>
         <alignment>0x2</alignment>
         <input_file_ref idref="fl-27"/>
      </object_component>
      <object_component id="oc-209">
         <name>.text.PowerCC32XX_restoreParkedPin</name>
         <load_address>0x2000ec68</load_address>
         <readonly>true</readonly>
         <executable>true</executable>
         <run_address>0x2000ec68</run_address>
         <size>0x24</size>
         <alignment>0x2</alignment>
         <input_file_ref idref="fl-16"/>
      </object_component>
      <object_component id="oc-12c">
         <name>.text.Power_registerNotify</name>
         <load_address>0x2000ec8c</load_address>
         <readonly>true</readonly>
         <executable>true</executable>
         <run_address>0x2000ec8c</run_address>
         <size>0x24</size>
         <alignment>0x4</alignment>
         <input_file_ref idref="fl-16"/>
      </object_component>
      <object_component id="oc-76">
         <name>.text:_c_int00_noargs</name>
         <load_address>0x2000ecb0</load_address>
         <readonly>true</readonly>
         <executable>true</executable>
         <run_address>0x2000ecb0</run_address>
         <size>0x24</size>
         <alignment>0x4</alignment>
         <input_file_ref idref="fl-3a"/>
      </object_component>
      <object_component id="oc-139">
         <name>.text.GPIOPinWrite</name>
         <load_address>0x2000ecd4</load_address>
         <readonly>true</readonly>
         <executable>true</executable>
         <run_address>0x2000ecd4</run_address>
         <size>0x22</size>
         <alignment>0x2</alignment>
         <input_file_ref idref="fl-23"/>
      </object_component>
      <object_component id="oc-208">
         <name>.text.PinUnlock</name>
         <load_address>0x2000ecf6</load_address>
         <readonly>true</readonly>
         <executable>true</executable>
         <run_address>0x2000ecf6</run_address>
         <size>0x22</size>
         <alignment>0x2</alignment>
         <input_file_ref idref="fl-26"/>
      </object_component>
      <object_component id="oc-1eb">
         <name>.text.IntRegister</name>
         <load_address>0x2000ed18</load_address>
         <readonly>true</readonly>
         <executable>true</executable>
         <run_address>0x2000ed18</run_address>
         <size>0x20</size>
         <alignment>0x2</alignment>
         <input_file_ref idref="fl-25"/>
      </object_component>
      <object_component id="oc-1d7">
         <name>.text.Power_unregisterNotify</name>
         <load_address>0x2000ed38</load_address>
         <readonly>true</readonly>
         <executable>true</executable>
         <run_address>0x2000ed38</run_address>
         <size>0x20</size>
         <alignment>0x4</alignment>
         <input_file_ref idref="fl-16"/>
      </object_component>
      <object_component id="oc-199">
         <name>.text.SemaphoreP_constructBinary</name>
         <load_address>0x2000ed58</load_address>
         <readonly>true</readonly>
         <executable>true</executable>
         <run_address>0x2000ed58</run_address>
         <size>0x20</size>
         <alignment>0x4</alignment>
         <input_file_ref idref="fl-1c"/>
      </object_component>
      <object_component id="oc-122">
         <name>.text.SemaphoreP_createBinary</name>
         <load_address>0x2000ed78</load_address>
         <readonly>true</readonly>
         <executable>true</executable>
         <run_address>0x2000ed78</run_address>
         <size>0x20</size>
         <alignment>0x4</alignment>
         <input_file_ref idref="fl-1c"/>
      </object_component>
      <object_component id="oc-1dc">
         <name>.text.TimerDisable</name>
         <load_address>0x2000ed98</load_address>
         <readonly>true</readonly>
         <executable>true</executable>
         <run_address>0x2000ed98</run_address>
         <size>0x20</size>
         <alignment>0x2</alignment>
         <input_file_ref idref="fl-2a"/>
      </object_component>
      <object_component id="oc-ee">
         <name>.text.GPIO_setCallback</name>
         <load_address>0x2000edb8</load_address>
         <readonly>true</readonly>
         <executable>true</executable>
         <run_address>0x2000edb8</run_address>
         <size>0x1c</size>
         <alignment>0x4</alignment>
         <input_file_ref idref="fl-14"/>
      </object_component>
      <object_component id="oc-1f0">
         <name>.text.HwiP_dispatch</name>
         <load_address>0x2000edd4</load_address>
         <readonly>true</readonly>
         <executable>true</executable>
         <run_address>0x2000edd4</run_address>
         <size>0x1c</size>
         <alignment>0x4</alignment>
         <input_file_ref idref="fl-1e"/>
      </object_component>
      <object_component id="oc-1af">
         <name>.text.SwiP_disable</name>
         <load_address>0x2000edf0</load_address>
         <readonly>true</readonly>
         <executable>true</executable>
         <run_address>0x2000edf0</run_address>
         <size>0x1c</size>
         <alignment>0x4</alignment>
         <input_file_ref idref="fl-21"/>
      </object_component>
      <object_component id="oc-1cf">
         <name>.text.free_list_remove</name>
         <load_address>0x2000ee0c</load_address>
         <readonly>true</readonly>
         <executable>true</executable>
         <run_address>0x2000ee0c</run_address>
         <size>0x1c</size>
         <alignment>0x4</alignment>
         <input_file_ref idref="fl-39"/>
      </object_component>
      <object_component id="oc-1d4">
         <name>.text.getPowerMgrId</name>
         <load_address>0x2000ee28</load_address>
         <readonly>true</readonly>
         <executable>true</executable>
         <run_address>0x2000ee28</run_address>
         <size>0x1c</size>
         <alignment>0x4</alignment>
         <input_file_ref idref="fl-19"/>
      </object_component>
      <object_component id="oc-21">
         <name>.text.resetISR</name>
         <load_address>0x2000ee44</load_address>
         <readonly>true</readonly>
         <executable>true</executable>
         <run_address>0x2000ee44</run_address>
         <size>0x1c</size>
         <alignment>0x2</alignment>
         <input_file_ref idref="fl-20"/>
      </object_component>
      <object_component id="oc-152">
         <name>.text.GPIOIntDisable</name>
         <load_address>0x2000ee60</load_address>
         <readonly>true</readonly>
         <executable>true</executable>
         <run_address>0x2000ee60</run_address>
         <size>0x1a</size>
         <alignment>0x2</alignment>
         <input_file_ref idref="fl-23"/>
      </object_component>
      <object_component id="oc-110">
         <name>.text.PRCMHIBRegRead</name>
         <load_address>0x2000ee7a</load_address>
         <readonly>true</readonly>
         <executable>true</executable>
         <run_address>0x2000ee7a</run_address>
         <size>0x1a</size>
         <alignment>0x2</alignment>
         <input_file_ref idref="fl-27"/>
      </object_component>
      <object_component id="oc-10f">
         <name>.text.PRCMHIBRegWrite</name>
         <load_address>0x2000ee94</load_address>
         <readonly>true</readonly>
         <executable>true</executable>
         <run_address>0x2000ee94</run_address>
         <size>0x1a</size>
         <alignment>0x2</alignment>
         <input_file_ref idref="fl-27"/>
      </object_component>
      <object_component id="oc-16d">
         <name>.text.PRCMLPDSWakeupSourceDisable</name>
         <load_address>0x2000eeae</load_address>
         <readonly>true</readonly>
         <executable>true</executable>
         <run_address>0x2000eeae</run_address>
         <size>0x1a</size>
         <alignment>0x2</alignment>
         <input_file_ref idref="fl-27"/>
      </object_component>
      <object_component id="oc-201">
         <name>.text.PinToPadGet</name>
         <load_address>0x2000eec8</load_address>
         <readonly>true</readonly>
         <executable>true</executable>
         <run_address>0x2000eec8</run_address>
         <size>0x1a</size>
         <alignment>0x2</alignment>
         <input_file_ref idref="fl-26"/>
      </object_component>
      <object_component id="oc-1e9">
         <name>.text.TimerEnable</name>
         <load_address>0x2000eee2</load_address>
         <readonly>true</readonly>
         <executable>true</executable>
         <run_address>0x2000eee2</run_address>
         <size>0x1a</size>
         <alignment>0x2</alignment>
         <input_file_ref idref="fl-2a"/>
      </object_component>
      <object_component id="oc-142">
         <name>.text.GPIOIntEnable</name>
         <load_address>0x2000eefc</load_address>
         <readonly>true</readonly>
         <executable>true</executable>
         <run_address>0x2000eefc</run_address>
         <size>0x18</size>
         <alignment>0x2</alignment>
         <input_file_ref idref="fl-23"/>
      </object_component>
      <object_component id="oc-17a">
         <name>.text.SemaphoreP_create</name>
         <load_address>0x2000ef14</load_address>
         <readonly>true</readonly>
         <executable>true</executable>
         <run_address>0x2000ef14</run_address>
         <size>0x18</size>
         <alignment>0x2</alignment>
         <input_file_ref idref="fl-1c"/>
      </object_component>
      <object_component id="oc-a6">
         <name>.text.Board_init</name>
         <load_address>0x2000ef2c</load_address>
         <readonly>true</readonly>
         <executable>true</executable>
         <run_address>0x2000ef2c</run_address>
         <size>0x16</size>
         <alignment>0x2</alignment>
         <input_file_ref idref="fl-2"/>
      </object_component>
      <object_component id="oc-1c6">
         <name>.text.SysTickPeriodSet</name>
         <load_address>0x2000ef42</load_address>
         <readonly>true</readonly>
         <executable>true</executable>
         <run_address>0x2000ef42</run_address>
         <size>0x16</size>
         <alignment>0x2</alignment>
         <input_file_ref idref="fl-29"/>
      </object_component>
      <object_component id="oc-22f">
         <name>.text.TimerIntDisable</name>
         <load_address>0x2000ef58</load_address>
         <readonly>true</readonly>
         <executable>true</executable>
         <run_address>0x2000ef58</run_address>
         <size>0x16</size>
         <alignment>0x2</alignment>
         <input_file_ref idref="fl-2a"/>
      </object_component>
      <object_component id="oc-6c">
         <name>.text.CPUcpsid</name>
         <load_address>0x2000ef6e</load_address>
         <readonly>true</readonly>
         <executable>true</executable>
         <run_address>0x2000ef6e</run_address>
         <size>0x14</size>
         <alignment>0x2</alignment>
         <input_file_ref idref="fl-22"/>
      </object_component>
      <object_component id="oc-192">
         <name>.text.CPUcpsie</name>
         <load_address>0x2000ef82</load_address>
         <readonly>true</readonly>
         <executable>true</executable>
         <run_address>0x2000ef82</run_address>
         <size>0x14</size>
         <alignment>0x2</alignment>
         <input_file_ref idref="fl-22"/>
      </object_component>
      <object_component id="oc-214">
         <name>.text.HwiP_destruct</name>
         <load_address>0x2000ef96</load_address>
         <readonly>true</readonly>
         <executable>true</executable>
         <run_address>0x2000ef96</run_address>
         <size>0x14</size>
         <alignment>0x2</alignment>
         <input_file_ref idref="fl-1e"/>
      </object_component>
      <object_component id="oc-73">
         <name>.text.IntVTableBaseSet</name>
         <load_address>0x2000efaa</load_address>
         <readonly>true</readonly>
         <executable>true</executable>
         <run_address>0x2000efaa</run_address>
         <size>0x14</size>
         <alignment>0x2</alignment>
         <input_file_ref idref="fl-25"/>
      </object_component>
      <object_component id="oc-54">
         <name>.text.nmiISR</name>
         <load_address>0x2000efbe</load_address>
         <readonly>true</readonly>
         <executable>true</executable>
         <run_address>0x2000efbe</run_address>
         <size>0x2</size>
         <alignment>0x2</alignment>
         <input_file_ref idref="fl-20"/>
      </object_component>
      <object_component id="oc-18d">
         <name>.text.Power_disablePolicy</name>
         <load_address>0x2000efc0</load_address>
         <readonly>true</readonly>
         <executable>true</executable>
         <run_address>0x2000efc0</run_address>
         <size>0x14</size>
         <alignment>0x4</alignment>
         <input_file_ref idref="fl-16"/>
      </object_component>
      <object_component id="oc-1b7">
         <name>.text.Power_getTransitionLatency</name>
         <load_address>0x2000efd4</load_address>
         <readonly>true</readonly>
         <executable>true</executable>
         <run_address>0x2000efd4</run_address>
         <size>0x14</size>
         <alignment>0x4</alignment>
         <input_file_ref idref="fl-16"/>
      </object_component>
      <object_component id="oc-1ce">
         <name>.text.Power_idleFunc</name>
         <load_address>0x2000efe8</load_address>
         <readonly>true</readonly>
         <executable>true</executable>
         <run_address>0x2000efe8</run_address>
         <size>0x14</size>
         <alignment>0x4</alignment>
         <input_file_ref idref="fl-16"/>
      </object_component>
      <object_component id="oc-1e7">
         <name>.text.TimerIntEnable</name>
         <load_address>0x2000effc</load_address>
         <readonly>true</readonly>
         <executable>true</executable>
         <run_address>0x2000effc</run_address>
         <size>0x14</size>
         <alignment>0x2</alignment>
         <input_file_ref idref="fl-2a"/>
      </object_component>
      <object_component id="oc-1ba">
         <name>.text.__aeabi_uldivmod</name>
         <load_address>0x2000f010</load_address>
         <readonly>true</readonly>
         <executable>true</executable>
         <run_address>0x2000f010</run_address>
         <size>0x14</size>
         <alignment>0x4</alignment>
         <input_file_ref idref="fl-aa"/>
      </object_component>
      <object_component id="oc-f9">
         <name>.text.gpioButtonFxn0</name>
         <load_address>0x2000f024</load_address>
         <readonly>true</readonly>
         <executable>true</executable>
         <run_address>0x2000f024</run_address>
         <size>0x14</size>
         <alignment>0x4</alignment>
         <input_file_ref idref="fl-1"/>
      </object_component>
      <object_component id="oc-180">
         <name>.text.ClockP_add</name>
         <load_address>0x2000f038</load_address>
         <readonly>true</readonly>
         <executable>true</executable>
         <run_address>0x2000f038</run_address>
         <size>0x12</size>
         <alignment>0x2</alignment>
         <input_file_ref idref="fl-1d"/>
      </object_component>
      <object_component id="oc-1ab">
         <name>.text.GPIOIntClear</name>
         <load_address>0x2000f04a</load_address>
         <readonly>true</readonly>
         <executable>true</executable>
         <run_address>0x2000f04a</run_address>
         <size>0x12</size>
         <alignment>0x2</alignment>
         <input_file_ref idref="fl-23"/>
      </object_component>
      <object_component id="oc-156">
         <name>.text.HwiP_Params_init</name>
         <load_address>0x2000f05c</load_address>
         <readonly>true</readonly>
         <executable>true</executable>
         <run_address>0x2000f05c</run_address>
         <size>0x12</size>
         <alignment>0x2</alignment>
         <input_file_ref idref="fl-1e"/>
      </object_component>
      <object_component id="oc-1d9">
         <name>.text.HwiP_delete</name>
         <load_address>0x2000f06e</load_address>
         <readonly>true</readonly>
         <executable>true</executable>
         <run_address>0x2000f06e</run_address>
         <size>0x12</size>
         <alignment>0x2</alignment>
         <input_file_ref idref="fl-1e"/>
      </object_component>
      <object_component id="oc-1c7">
         <name>.text.SysTickEnable</name>
         <load_address>0x2000f080</load_address>
         <readonly>true</readonly>
         <executable>true</executable>
         <run_address>0x2000f080</run_address>
         <size>0x12</size>
         <alignment>0x2</alignment>
         <input_file_ref idref="fl-29"/>
      </object_component>
      <object_component id="oc-1be">
         <name>.text.SysTickIntDisable</name>
         <load_address>0x2000f092</load_address>
         <readonly>true</readonly>
         <executable>true</executable>
         <run_address>0x2000f092</run_address>
         <size>0x12</size>
         <alignment>0x2</alignment>
         <input_file_ref idref="fl-29"/>
      </object_component>
      <object_component id="oc-1c8">
         <name>.text.SysTickIntEnable</name>
         <load_address>0x2000f0a4</load_address>
         <readonly>true</readonly>
         <executable>true</executable>
         <run_address>0x2000f0a4</run_address>
         <size>0x12</size>
         <alignment>0x2</alignment>
         <input_file_ref idref="fl-29"/>
      </object_component>
      <object_component id="oc-81">
         <name>.text:TI_memcpy_small</name>
         <load_address>0x2000f0b6</load_address>
         <readonly>true</readonly>
         <executable>true</executable>
         <run_address>0x2000f0b6</run_address>
         <size>0x12</size>
         <alignment>0x1</alignment>
         <input_file_ref idref="fl-ad"/>
      </object_component>
      <object_component id="oc-43">
         <name>.text:decompress:ZI:__TI_zero_init_nomemset</name>
         <load_address>0x2000f0c8</load_address>
         <readonly>true</readonly>
         <executable>true</executable>
         <run_address>0x2000f0c8</run_address>
         <size>0x12</size>
         <alignment>0x2</alignment>
         <input_file_ref idref="fl-3f"/>
      </object_component>
      <object_component id="oc-19a">
         <name>.text.ClockP_getCpuFreq</name>
         <load_address>0x2000f0dc</load_address>
         <readonly>true</readonly>
         <executable>true</executable>
         <run_address>0x2000f0dc</run_address>
         <size>0x10</size>
         <alignment>0x4</alignment>
         <input_file_ref idref="fl-1d"/>
      </object_component>
      <object_component id="oc-1b8">
         <name>.text.ClockP_getSystemTicks</name>
         <load_address>0x2000f0ec</load_address>
         <readonly>true</readonly>
         <executable>true</executable>
         <run_address>0x2000f0ec</run_address>
         <size>0x10</size>
         <alignment>0x4</alignment>
         <input_file_ref idref="fl-1d"/>
      </object_component>
      <object_component id="oc-1c5">
         <name>.text.ClockP_setTicks</name>
         <load_address>0x2000f0fc</load_address>
         <readonly>true</readonly>
         <executable>true</executable>
         <run_address>0x2000f0fc</run_address>
         <size>0x10</size>
         <alignment>0x4</alignment>
         <input_file_ref idref="fl-1d"/>
      </object_component>
      <object_component id="oc-18c">
         <name>.text.HwiP_inISR</name>
         <load_address>0x2000f10c</load_address>
         <readonly>true</readonly>
         <executable>true</executable>
         <run_address>0x2000f10c</run_address>
         <size>0x10</size>
         <alignment>0x4</alignment>
         <input_file_ref idref="fl-1e"/>
      </object_component>
      <object_component id="oc-183">
         <name>.text.Power_enablePolicy</name>
         <load_address>0x2000f11c</load_address>
         <readonly>true</readonly>
         <executable>true</executable>
         <run_address>0x2000f11c</run_address>
         <size>0x10</size>
         <alignment>0x4</alignment>
         <input_file_ref idref="fl-16"/>
      </object_component>
      <object_component id="oc-1e6">
         <name>.text.TimerIntClear</name>
         <load_address>0x2000f12c</load_address>
         <readonly>true</readonly>
         <executable>true</executable>
         <run_address>0x2000f12c</run_address>
         <size>0x10</size>
         <alignment>0x2</alignment>
         <input_file_ref idref="fl-2a"/>
      </object_component>
      <object_component id="oc-148">
         <name>.text.Timer_Params_init</name>
         <load_address>0x2000f13c</load_address>
         <readonly>true</readonly>
         <executable>true</executable>
         <run_address>0x2000f13c</run_address>
         <size>0x10</size>
         <alignment>0x4</alignment>
         <input_file_ref idref="fl-18"/>
      </object_component>
      <object_component id="oc-8f">
         <name>.text.main</name>
         <load_address>0x2000f14c</load_address>
         <readonly>true</readonly>
         <executable>true</executable>
         <run_address>0x2000f14c</run_address>
         <size>0x10</size>
         <alignment>0x2</alignment>
         <input_file_ref idref="fl-3"/>
      </object_component>
      <object_component id="oc-1c">
         <name>.text:decompress:none</name>
         <load_address>0x2000f15c</load_address>
         <readonly>true</readonly>
         <executable>true</executable>
         <run_address>0x2000f15c</run_address>
         <size>0xe</size>
         <alignment>0x2</alignment>
         <input_file_ref idref="fl-40"/>
      </object_component>
      <object_component id="oc-20a">
         <name>.text.PRCMLPDSWakeupCauseGet</name>
         <load_address>0x2000f16a</load_address>
         <readonly>true</readonly>
         <executable>true</executable>
         <run_address>0x2000f16a</run_address>
         <size>0xc</size>
         <alignment>0x2</alignment>
         <input_file_ref idref="fl-27"/>
      </object_component>
      <object_component id="oc-1b5">
         <name>.text.Power_getConstraintMask</name>
         <load_address>0x2000f178</load_address>
         <readonly>true</readonly>
         <executable>true</executable>
         <run_address>0x2000f178</run_address>
         <size>0xc</size>
         <alignment>0x4</alignment>
         <input_file_ref idref="fl-16"/>
      </object_component>
      <object_component id="oc-1a1">
         <name>.text.postNotifyFxn</name>
         <load_address>0x2000f184</load_address>
         <readonly>true</readonly>
         <executable>true</executable>
         <run_address>0x2000f184</run_address>
         <size>0xc</size>
         <alignment>0x2</alignment>
         <input_file_ref idref="fl-19"/>
      </object_component>
      <object_component id="oc-151">
         <name>.text.timerCallback</name>
         <load_address>0x2000f190</load_address>
         <readonly>true</readonly>
         <executable>true</executable>
         <run_address>0x2000f190</run_address>
         <size>0xc</size>
         <alignment>0x4</alignment>
         <input_file_ref idref="fl-1"/>
      </object_component>
      <object_component id="oc-182">
         <name>.text.ClockP_isActive</name>
         <load_address>0x2000f19c</load_address>
         <readonly>true</readonly>
         <executable>true</executable>
         <run_address>0x2000f19c</run_address>
         <size>0xa</size>
         <alignment>0x2</alignment>
         <input_file_ref idref="fl-1d"/>
      </object_component>
      <object_component id="oc-4a">
         <name>.text.IntMasterDisable</name>
         <load_address>0x2000f1a6</load_address>
         <readonly>true</readonly>
         <executable>true</executable>
         <run_address>0x2000f1a6</run_address>
         <size>0xa</size>
         <alignment>0x2</alignment>
         <input_file_ref idref="fl-25"/>
      </object_component>
      <object_component id="oc-135">
         <name>.text.IntMasterEnable</name>
         <load_address>0x2000f1b0</load_address>
         <readonly>true</readonly>
         <executable>true</executable>
         <run_address>0x2000f1b0</run_address>
         <size>0xa</size>
         <alignment>0x2</alignment>
         <input_file_ref idref="fl-25"/>
      </object_component>
      <object_component id="oc-128">
         <name>.text.HwiP_disable</name>
         <load_address>0x2000f1ba</load_address>
         <readonly>true</readonly>
         <executable>true</executable>
         <run_address>0x2000f1ba</run_address>
         <size>0x8</size>
         <alignment>0x2</alignment>
         <input_file_ref idref="fl-1e"/>
      </object_component>
      <object_component id="oc-129">
         <name>.text.HwiP_restore</name>
         <load_address>0x2000f1c2</load_address>
         <readonly>true</readonly>
         <executable>true</executable>
         <run_address>0x2000f1c2</run_address>
         <size>0x8</size>
         <alignment>0x2</alignment>
         <input_file_ref idref="fl-1e"/>
      </object_component>
      <object_component id="oc-f7">
         <name>.text.OUTLINED_FUNCTION_0</name>
         <load_address>0x2000f1ca</load_address>
         <readonly>true</readonly>
         <executable>true</executable>
         <run_address>0x2000f1ca</run_address>
         <size>0x8</size>
         <alignment>0x2</alignment>
         <input_file_ref idref="fl-1"/>
      </object_component>
      <object_component id="oc-f6">
         <name>.text.OUTLINED_FUNCTION_1</name>
         <load_address>0x2000f1d2</load_address>
         <readonly>true</readonly>
         <executable>true</executable>
         <run_address>0x2000f1d2</run_address>
         <size>0x8</size>
         <alignment>0x2</alignment>
         <input_file_ref idref="fl-1"/>
      </object_component>
      <object_component id="oc-1c9">
         <name>.text.PRCMSleepEnter</name>
         <load_address>0x2000f1da</load_address>
         <readonly>true</readonly>
         <executable>true</executable>
[...]
         <object_component_ref idref="oc-1d1"/>
      </symbol>
      <symbol id="sm-1d4">
         <name>ClockP_destruct</name>
         <value>0x2000e70d</value>
         <object_component_ref idref="oc-184"/>
      </symbol>
      <symbol id="sm-1d5">
         <name>ClockP_doTick</name>
         <value>0x2000f1f3</value>
         <object_component_ref idref="oc-1cb"/>
      </symbol>
      <symbol id="sm-1d6">
         <name>ClockP_getCpuFreq</name>
         <value>0x2000f0dd</value>
         <object_component_ref idref="oc-19a"/>
      </symbol>
      <symbol id="sm-1d7">
         <name>ClockP_getSystemTicks</name>
         <value>0x2000f0ed</value>
         <object_component_ref idref="oc-1b8"/>
      </symbol>
      <symbol id="sm-1d8">
         <name>ClockP_getTicksUntilInterrupt</name>
         <value>0x2000e991</value>
         <object_component_ref idref="oc-1b6"/>
      </symbol>
      <symbol id="sm-1d9">
         <name>ClockP_isActive</name>
         <value>0x2000f19d</value>
         <object_component_ref idref="oc-182"/>
      </symbol>
      <symbol id="sm-1da">
         <name>ClockP_setTicks</name>
         <value>0x2000f0fd</value>
         <object_component_ref idref="oc-1c5"/>
      </symbol>
      <symbol id="sm-1db">
         <name>ClockP_tickPeriod</name>
         <value>0x2000f88c</value>
         <object_component_ref idref="oc-1cc"/>
      </symbol>
      <symbol id="sm-200">
         <name>HwiP_enable</name>
         <value>0x2000f1fb</value>
         <object_component_ref idref="oc-e5"/>
      </symbol>
      <symbol id="sm-201">
         <name>HwiP_disable</name>
         <value>0x2000f1bb</value>
         <object_component_ref idref="oc-128"/>
      </symbol>
      <symbol id="sm-202">
         <name>HwiP_restore</name>
         <value>0x2000f1c3</value>
         <object_component_ref idref="oc-129"/>
      </symbol>
      <symbol id="sm-203">
         <name>HwiP_clearInterrupt</name>
         <value>0x2000f1f7</value>
         <object_component_ref idref="oc-1d8"/>
      </symbol>
      <symbol id="sm-204">
         <name>HwiP_destruct</name>
         <value>0x2000ef97</value>
         <object_component_ref idref="oc-214"/>
      </symbol>
      <symbol id="sm-205">
         <name>HwiP_delete</name>
         <value>0x2000f06f</value>
         <object_component_ref idref="oc-1d9"/>
      </symbol>
      <symbol id="sm-206">
         <name>HwiP_dispatch</name>
         <value>0x2000edd5</value>
         <object_component_ref idref="oc-1f0"/>
      </symbol>
      <symbol id="sm-207">
         <name>HwiP_construct</name>
         <value>0x2000d7b9</value>
         <object_component_ref idref="oc-1a9"/>
      </symbol>
      <symbol id="sm-208">
         <name>HwiP_swiPIntNum</name>
         <value>0x2000f890</value>
         <object_component_ref idref="oc-1ee"/>
      </symbol>
      <symbol id="sm-209">
         <name>HwiP_Params_init</name>
         <value>0x2000f05d</value>
         <object_component_ref idref="oc-156"/>
      </symbol>
      <symbol id="sm-20a">
         <name>HwiP_create</name>
         <value>0x2000eadf</value>
         <object_component_ref idref="oc-157"/>
      </symbol>
      <symbol id="sm-20b">
         <name>HwiP_post</name>
         <value>0x2000f1ff</value>
         <object_component_ref idref="oc-20f"/>
      </symbol>
      <symbol id="sm-20c">
         <name>HwiP_inISR</name>
         <value>0x2000f10d</value>
         <object_component_ref idref="oc-18c"/>
      </symbol>
      <symbol id="sm-21c">
         <name>PowerCC32XX_initPolicy</name>
         <value>0x2000d597</value>
         <object_component_ref idref="oc-172"/>
      </symbol>
      <symbol id="sm-21d">
         <name>PowerCC32XX_sleepPolicy</name>
         <value>0x2000ca41</value>
         <object_component_ref idref="oc-177"/>
      </symbol>
      <symbol id="sm-23a">
         <name>resetISR</name>
         <value>0x2000ee45</value>
         <object_component_ref idref="oc-21"/>
      </symbol>
      <symbol id="sm-23b">
         <name>initVectors</name>
         <value>0x2000e95d</value>
         <object_component_ref idref="oc-4f"/>
      </symbol>
      <symbol id="sm-250">
         <name>SwiP_disable</name>
         <value>0x2000edf1</value>
         <object_component_ref idref="oc-1af"/>
      </symbol>
      <symbol id="sm-251">
         <name>SwiP_restore</name>
         <value>0x2000e77d</value>
         <object_component_ref idref="oc-1ca"/>
      </symbol>
      <symbol id="sm-268">
         <name>CPUcpsid</name>
         <value>0x2000ef6f</value>
         <object_component_ref idref="oc-6c"/>
      </symbol>
      <symbol id="sm-269">
         <name>CPUcpsie</name>
         <value>0x2000ef83</value>
         <object_component_ref idref="oc-192"/>
      </symbol>
      <symbol id="sm-26a">
         <name>CPUwfi</name>
         <value>0x2000d4f5</value>
         <object_component_ref idref="oc-20e"/>
      </symbol>
      <symbol id="sm-2a3">
         <name>GPIODirModeSet</name>
         <value>0x2000e2f7</value>
         <object_component_ref idref="oc-158"/>
      </symbol>
      <symbol id="sm-2a4">
         <name>GPIOIntClear</name>
         <value>0x2000f04b</value>
         <object_component_ref idref="oc-1ab"/>
      </symbol>
      <symbol id="sm-2a5">
         <name>GPIOIntDisable</name>
         <value>0x2000ee61</value>
         <object_component_ref idref="oc-152"/>
      </symbol>
      <symbol id="sm-2a6">
         <name>GPIOIntEnable</name>
         <value>0x2000eefd</value>
         <object_component_ref idref="oc-142"/>
      </symbol>
      <symbol id="sm-2a7">
         <name>GPIOIntStatus</name>
         <value>0x2000eab1</value>
         <object_component_ref idref="oc-1ac"/>
      </symbol>
      <symbol id="sm-2a8">
         <name>GPIOIntTypeSet</name>
         <value>0x2000d269</value>
         <object_component_ref idref="oc-1aa"/>
      </symbol>
      <symbol id="sm-2a9">
         <name>GPIOPinWrite</name>
         <value>0x2000ecd5</value>
         <object_component_ref idref="oc-139"/>
      </symbol>
      <symbol id="sm-2f9">
         <name>IntDisable</name>
         <value>0x2000d029</value>
         <object_component_ref idref="oc-232"/>
      </symbol>
      <symbol id="sm-2fa">
         <name>IntEnable</name>
         <value>0x2000d0f1</value>
         <object_component_ref idref="oc-1ed"/>
      </symbol>
      <symbol id="sm-2fb">
         <name>IntMasterDisable</name>
         <value>0x2000f1a7</value>
         <object_component_ref idref="oc-4a"/>
      </symbol>
      <symbol id="sm-2fc">
         <name>IntMasterEnable</name>
         <value>0x2000f1b1</value>
         <object_component_ref idref="oc-135"/>
      </symbol>
      <symbol id="sm-2fd">
         <name>IntPendClear</name>
         <value>0x2000db2b</value>
         <object_component_ref idref="oc-213"/>
      </symbol>
      <symbol id="sm-2fe">
         <name>IntPendSet</name>
         <value>0x2000d315</value>
         <object_component_ref idref="oc-22e"/>
      </symbol>
      <symbol id="sm-2ff">
         <name>IntPrioritySet</name>
         <value>0x2000de19</value>
         <object_component_ref idref="oc-1ec"/>
      </symbol>
      <symbol id="sm-300">
         <name>IntRegister</name>
         <value>0x2000ed19</value>
         <object_component_ref idref="oc-1eb"/>
      </symbol>
      <symbol id="sm-301">
         <name>IntUnregister</name>
         <value>0x2000ebfd</value>
         <object_component_ref idref="oc-233"/>
      </symbol>
      <symbol id="sm-302">
         <name>IntVTableBaseSet</name>
         <value>0x2000efab</value>
         <object_component_ref idref="oc-73"/>
      </symbol>
      <symbol id="sm-348">
         <name>PinConfigGet</name>
         <value>0x2000e269</value>
         <object_component_ref idref="oc-224"/>
      </symbol>
      <symbol id="sm-349">
         <name>PinConfigSet</name>
         <value>0x2000d3b9</value>
         <object_component_ref idref="oc-154"/>
      </symbol>
      <symbol id="sm-34a">
         <name>PinDirModeGet</name>
         <value>0x2000e88d</value>
         <object_component_ref idref="oc-225"/>
      </symbol>
      <symbol id="sm-34b">
         <name>PinDirModeSet</name>
         <value>0x2000e619</value>
         <object_component_ref idref="oc-226"/>
      </symbol>
      <symbol id="sm-34c">
         <name>PinLock</name>
         <value>0x2000e7ed</value>
         <object_component_ref idref="oc-202"/>
      </symbol>
      <symbol id="sm-34d">
         <name>PinLockLevelSet</name>
         <value>0x2000d911</value>
         <object_component_ref idref="oc-200"/>
      </symbol>
      <symbol id="sm-34e">
         <name>PinModeGet</name>
         <value>0x2000e8c1</value>
         <object_component_ref idref="oc-114"/>
      </symbol>
      <symbol id="sm-34f">
         <name>PinModeSet</name>
         <value>0x2000e491</value>
         <object_component_ref idref="oc-119"/>
      </symbol>
      <symbol id="sm-350">
         <name>PinToPadGet</name>
         <value>0x2000eec9</value>
         <object_component_ref idref="oc-201"/>
      </symbol>
      <symbol id="sm-351">
         <name>PinUnlock</name>
         <value>0x2000ecf7</value>
         <object_component_ref idref="oc-208"/>
      </symbol>
      <symbol id="sm-403">
         <name>PRCMCC3200MCUInit</name>
         <value>0x2000c041</value>
         <object_component_ref idref="oc-d2"/>
      </symbol>
      <symbol id="sm-404">
         <name>PRCMHIBRegRead</name>
         <value>0x2000ee7b</value>
         <object_component_ref idref="oc-110"/>
      </symbol>
      <symbol id="sm-405">
         <name>PRCMHIBRegWrite</name>
         <value>0x2000ee95</value>
         <object_component_ref idref="oc-10f"/>
      </symbol>
      <symbol id="sm-406">
         <name>PRCMHibernateWakeUpGPIOSelect</name>
         <value>0x2000d82d</value>
         <object_component_ref idref="oc-16f"/>
      </symbol>
      <symbol id="sm-407">
         <name>PRCMHibernateWakeupSourceDisable</name>
         <value>0x2000dc51</value>
         <object_component_ref idref="oc-171"/>
      </symbol>
      <symbol id="sm-408">
         <name>PRCMHibernateWakeupSourceEnable</name>
         <value>0x2000dfc1</value>
         <object_component_ref idref="oc-170"/>
      </symbol>
      <symbol id="sm-409">
         <name>PRCMIntEnable</name>
         <value>0x2000e1d9</value>
         <object_component_ref idref="oc-207"/>
      </symbol>
      <symbol id="sm-40a">
         <name>PRCMLPDSEnter</name>
         <value>0x2000de71</value>
         <object_component_ref idref="oc-20d"/>
      </symbol>
      <symbol id="sm-40b">
         <name>PRCMLPDSEnterKeepDebugIf</name>
         <value>0x2000e2b1</value>
         <object_component_ref idref="oc-20c"/>
      </symbol>
      <symbol id="sm-40c">
         <name>PRCMLPDSIntervalSet</name>
         <value>0x2000e9c1</value>
         <object_component_ref idref="oc-1c3"/>
      </symbol>
      <symbol id="sm-40d">
         <name>PRCMLPDSRestoreInfoSet</name>
         <value>0x2000e0ad</value>
         <object_component_ref idref="oc-227"/>
      </symbol>
      <symbol id="sm-40e">
         <name>PRCMLPDSWakeUpGPIOSelect</name>
         <value>0x2000eb09</value>
         <object_component_ref idref="oc-16e"/>
      </symbol>
      <symbol id="sm-40f">
         <name>PRCMLPDSWakeupCauseGet</name>
         <value>0x2000f16b</value>
         <object_component_ref idref="oc-20a"/>
      </symbol>
      <symbol id="sm-410">
         <name>PRCMLPDSWakeupSourceDisable</name>
         <value>0x2000eeaf</value>
         <object_component_ref idref="oc-16d"/>
      </symbol>
      <symbol id="sm-411">
         <name>PRCMLPDSWakeupSourceEnable</name>
         <value>0x2000ec45</value>
         <object_component_ref idref="oc-16c"/>
      </symbol>
      <symbol id="sm-412">
         <name>PRCMPeripheralClkDisable</name>
         <value>0x2000eb33</value>
         <object_component_ref idref="oc-113"/>
      </symbol>
      <symbol id="sm-413">
         <name>PRCMPeripheralClkEnable</name>
         <value>0x2000dd65</value>
         <object_component_ref idref="oc-111"/>
      </symbol>
      <symbol id="sm-414">
         <name>PRCMPeripheralReset</name>
         <value>0x2000dac1</value>
         <object_component_ref idref="oc-112"/>
      </symbol>
      <symbol id="sm-415">
         <name>PRCMPeripheralStatusGet</name>
         <value>0x2000e221</value>
         <object_component_ref idref="oc-1a7"/>
      </symbol>
      <symbol id="sm-416">
         <name>PRCMSRAMRetentionEnable</name>
         <value>0x2000eb85</value>
         <object_component_ref idref="oc-1fe"/>
      </symbol>
      <symbol id="sm-417">
         <name>PRCMSleepEnter</name>
         <value>0x2000f1db</value>
         <object_component_ref idref="oc-1c9"/>
      </symbol>
      <symbol id="sm-418">
         <name>PRCMSlowClkCtrFastGet</name>
         <value>0x2000e9f1</value>
         <object_component_ref idref="oc-1f5"/>
      </symbol>
      <symbol id="sm-419">
         <name>PRCMSysResetCauseGet</name>
         <value>0x2000d629</value>
         <object_component_ref idref="oc-10a"/>
      </symbol>
      <symbol id="sm-437">
         <name>SysTickEnable</name>
         <value>0x2000f081</value>
         <object_component_ref idref="oc-1c7"/>
      </symbol>
      <symbol id="sm-438">
         <name>SysTickIntDisable</name>
         <value>0x2000f093</value>
         <object_component_ref idref="oc-1be"/>
      </symbol>
      <symbol id="sm-439">
         <name>SysTickIntEnable</name>
         <value>0x2000f0a5</value>
         <object_component_ref idref="oc-1c8"/>
      </symbol>
      <symbol id="sm-43a">
         <name>SysTickPeriodSet</name>
         <value>0x2000ef43</value>
         <object_component_ref idref="oc-1c6"/>
      </symbol>
      <symbol id="sm-479">
         <name>TimerControlStall</name>
         <value>0x2000e4d3</value>
         <object_component_ref idref="oc-1e3"/>
      </symbol>
      <symbol id="sm-47a">
         <name>TimerDisable</name>
         <value>0x2000ed99</value>
         <object_component_ref idref="oc-1dc"/>
      </symbol>
      <symbol id="sm-47b">
         <name>TimerEnable</name>
         <value>0x2000eee3</value>
         <object_component_ref idref="oc-1e9"/>
      </symbol>
      <symbol id="sm-47c">
         <name>TimerIntClear</name>
         <value>0x2000f12d</value>
         <object_component_ref idref="oc-1e6"/>
      </symbol>
      <symbol id="sm-47d">
         <name>TimerIntDisable</name>
         <value>0x2000ef59</value>
         <object_component_ref idref="oc-22f"/>
      </symbol>
      <symbol id="sm-47e">
         <name>TimerIntEnable</name>
         <value>0x2000effd</value>
         <object_component_ref idref="oc-1e7"/>
      </symbol>
      <symbol id="sm-47f">
         <name>TimerLoadSet</name>
         <value>0x2000ea21</value>
         <object_component_ref idref="oc-1e2"/>
      </symbol>
      <symbol id="sm-480">
         <name>TimerPrescaleSet</name>
         <value>0x2000ea51</value>
         <object_component_ref idref="oc-1e1"/>
      </symbol>
      <symbol id="sm-48b">
         <name>UtilsDelay</name>
         <value>0x2000f1e3</value>
         <object_component_ref idref="oc-10b"/>
      </symbol>
      <symbol id="sm-4b8">
         <name>FlashDisable</name>
         <value>0x2000dbf5</value>
         <object_component_ref idref="oc-229"/>
      </symbol>
      <symbol id="sm-4d8">
         <name>malloc</name>
         <value>0x2000f1eb</value>
         <object_component_ref idref="oc-1a8"/>
      </symbol>
      <symbol id="sm-4d9">
         <name>aligned_alloc</name>
         <value>0x2000ce19</value>
         <object_component_ref idref="oc-1ea"/>
      </symbol>
      <symbol id="sm-4da">
         <name>free</name>
         <value>0x2000cf39</value>
         <object_component_ref idref="oc-17e"/>
      </symbol>
      <symbol id="sm-4db">
         <name>_sys_memory</name>
         <value>0x20004040</value>
         <object_component_ref idref="oc-31"/>
      </symbol>
      <symbol id="sm-4dc">
         <name>memalign</name>
         <value>0x2000ce19</value>
         <object_component_ref idref="oc-1ea"/>
      </symbol>
      <symbol id="sm-4e7">
         <name>_c_int00_noargs</name>
         <value>0x2000ecb1</value>
         <object_component_ref idref="oc-76"/>
      </symbol>
      <symbol id="sm-4e8">
         <name>__stack</name>
         <value>0x20003000</value>
         <object_component_ref idref="oc-16"/>
      </symbol>
      <symbol id="sm-4f4">
         <name>__TI_auto_init_nobinit_nopinit</name>
         <value>0x2000e7b5</value>
         <object_component_ref idref="oc-bf"/>
      </symbol>
      <symbol id="sm-4fc">
         <name>_system_pre_init</name>
         <value>0x2000f215</value>
         <object_component_ref idref="oc-8b"/>
      </symbol>
      <symbol id="sm-507">
         <name>__TI_zero_init_nomemset</name>
         <value>0x2000f0c9</value>
         <object_component_ref idref="oc-43"/>
      </symbol>
      <symbol id="sm-510">
         <name>__TI_decompress_none</name>
         <value>0x2000f15d</value>
         <object_component_ref idref="oc-1c"/>
      </symbol>
      <symbol id="sm-51a">
         <name>__TI_decompress_lzss</name>
         <value>0x2000d8a1</value>
         <object_component_ref idref="oc-18"/>
      </symbol>
      <symbol id="sm-524">
         <name>abort</name>
         <value>0x2000f219</value>
         <object_component_ref idref="oc-b8"/>
      </symbol>
      <symbol id="sm-525">
         <name>C$$EXIT</name>
         <value>0x2000f218</value>
         <object_component_ref idref="oc-b8"/>
      </symbol>
      <symbol id="sm-52e">
         <name>_nop</name>
         <value>0x2000dec7</value>
         <object_component_ref idref="oc-15d"/>
      </symbol>
      <symbol id="sm-52f">
         <name>_lock</name>
         <value>0x2000f894</value>
         <object_component_ref idref="oc-100"/>
      </symbol>
      <symbol id="sm-530">
         <name>_unlock</name>
         <value>0x2000f898</value>
         <object_component_ref idref="oc-103"/>
      </symbol>
      <symbol id="sm-537">
         <name>__aeabi_memcpy</name>
         <value>0x2000f211</value>
         <object_component_ref idref="oc-3c"/>
      </symbol>
      <symbol id="sm-538">
         <name>__aeabi_memcpy4</name>
         <value>0x2000f211</value>
         <object_component_ref idref="oc-3c"/>
      </symbol>
      <symbol id="sm-539">
         <name>__aeabi_memcpy8</name>
         <value>0x2000f211</value>
         <object_component_ref idref="oc-3c"/>
      </symbol>
      <symbol id="sm-53f">
         <name>__aeabi_uldivmod</name>
         <value>0x2000f011</value>
         <object_component_ref idref="oc-1ba"/>
      </symbol>
      <symbol id="sm-545">
         <name>__udivmoddi4</name>
         <value>0x2000d1b9</value>
         <object_component_ref idref="oc-1f6"/>
      </symbol>
      <symbol id="sm-54f">
         <name>__aeabi_ldiv0</name>
         <value>0x2000ddbf</value>
         <object_component_ref idref="oc-21d"/>
      </symbol>
      <symbol id="sm-557">
         <name>TI_memcpy_small</name>
         <value>0x2000f0b7</value>
         <object_component_ref idref="oc-81"/>
      </symbol>
      <symbol id="sm-558">
         <name>__TI_static_base__</name>
         <value>0x2000ffc4</value>
      </symbol>
      <symbol id="sm-55b">
         <name>ITM_flush</name>
         <value>0x0</value>
      </symbol>
      <symbol id="sm-55c">
         <name>ITM_restore</name>
         <value>0x0</value>
      </symbol>
      <symbol id="sm-55d">
         <name>__mpu_init</name>
         <value>0x0</value>
      </symbol>
      <symbol id="sm-55e">
         <name>_system_post_cinit</name>
         <value>0x0</value>
      </symbol>
   </symbol_table>
   <title>Link successful</title>
</link_info>
