<?xml version="1.0" encoding="ISO-8859-1" ?>
<link_info>
   <banner>TI ARM Clang Linker PC v3.2.0.LTS</banner>
   <copyright>Copyright (c) 1996-2018 Texas Instruments Incorporated</copyright>
   <link_time>0x6562823f</link_time>
   <link_errors>0x0</link_errors>
   <output_file>C:\Users\nickg\workspace_v12\gpiointerrupt_CC3220S_LAUNCHXL_nortos_ticlang\MCU+Image\gpiointerrupt_CC3220S_LAUNCHXL_nortos_ticlang.out</output_file>
   <entry_point>
      <name>resetISR</name>
      <address>0x2000edd9</address>
   </entry_point>
   <input_file_list>
      <input_file id="fl-1">
         <path>C:\Users\nickg\workspace_v12\gpiointerrupt_CC3220S_LAUNCHXL_nortos_ticlang\MCU+Image\.\</path>
         <kind>object</kind>
         <file>gpiointerrupt.o</file>
         <name>gpiointerrupt.o</name>
      </input_file>
      <input_file id="fl-2">
         <path>C:\Users\nickg\workspace_v12\gpiointerrupt_CC3220S_LAUNCHXL_nortos_ticlang\MCU+Image\.\syscfg\</path>
         <kind>object</kind>
         <file>ti_drivers_config.o</file>
         <name>ti_drivers_config.o</name>
      </input_file>
      <input_file id="fl-3">
         <path>C:\Users\nickg\workspace_v12\gpiointerrupt_CC3220S_LAUNCHXL_nortos_ticlang\MCU+Image\.\</path>
         <kind>object</kind>
         <file>main_nortos.o</file>
         <name>main_nortos.o</name>
      </input_file>
      <input_file id="fl-13">
         <path>C:\Users\nickg\workspace_v12\gpiointerrupt_CC3220S_LAUNCHXL_nortos_ticlang\MCU+Image\</path>
         <kind>object</kind>
         <file>&lt;internal&gt;</file>
         <name>&lt;internal&gt;</name>
      </input_file>
      <input_file id="fl-14">
         <path>C:\ti\simplelink_cc32xx_sdk_7_10_00_13\source\ti\drivers\lib\ticlang\m4\</path>
         <kind>archive</kind>
         <file>drivers_cc32xx.a</file>
         <name>GPIO.c.obj</name>
      </input_file>
      <input_file id="fl-15">
         <path>C:\ti\simplelink_cc32xx_sdk_7_10_00_13\source\ti\drivers\lib\ticlang\m4\</path>
         <kind>archive</kind>
         <file>drivers_cc32xx.a</file>
         <name>GPIOCC32XX.c.obj</name>
      </input_file>
      <input_file id="fl-16">
         <path>C:\ti\simplelink_cc32xx_sdk_7_10_00_13\source\ti\drivers\lib\ticlang\m4\</path>
         <kind>archive</kind>
         <file>drivers_cc32xx.a</file>
         <name>PowerCC32XX.c.obj</name>
      </input_file>
      <input_file id="fl-17">
         <path>C:\ti\simplelink_cc32xx_sdk_7_10_00_13\source\ti\drivers\lib\ticlang\m4\</path>
         <kind>archive</kind>
         <file>drivers_cc32xx.a</file>
         <name>PowerCC32XX_ticlang.asm.obj</name>
      </input_file>
      <input_file id="fl-18">
         <path>C:\ti\simplelink_cc32xx_sdk_7_10_00_13\source\ti\drivers\lib\ticlang\m4\</path>
         <kind>archive</kind>
         <file>drivers_cc32xx.a</file>
         <name>Timer.c.obj</name>
      </input_file>
      <input_file id="fl-19">
         <path>C:\ti\simplelink_cc32xx_sdk_7_10_00_13\source\ti\drivers\lib\ticlang\m4\</path>
         <kind>archive</kind>
         <file>drivers_cc32xx.a</file>
         <name>TimerCC32XX.c.obj</name>
      </input_file>
      <input_file id="fl-1a">
         <path>C:\ti\simplelink_cc32xx_sdk_7_10_00_13\source\ti\drivers\lib\ticlang\m4\</path>
         <kind>archive</kind>
         <file>drivers_cc32xx.a</file>
         <name>List.c.obj</name>
      </input_file>
      <input_file id="fl-1b">
         <path>C:\ti\simplelink_cc32xx_sdk_7_10_00_13\kernel\nortos\lib\ticlang\m4\</path>
         <kind>archive</kind>
         <file>nortos_cc32xx.a</file>
         <name>NoRTOS.c.obj</name>
      </input_file>
      <input_file id="fl-1c">
         <path>C:\ti\simplelink_cc32xx_sdk_7_10_00_13\kernel\nortos\lib\ticlang\m4\</path>
         <kind>archive</kind>
         <file>nortos_cc32xx.a</file>
         <name>SemaphoreP_nortos.c.obj</name>
      </input_file>
      <input_file id="fl-1d">
         <path>C:\ti\simplelink_cc32xx_sdk_7_10_00_13\kernel\nortos\lib\ticlang\m4\</path>
         <kind>archive</kind>
         <file>nortos_cc32xx.a</file>
         <name>ClockPSysTick_nortos.c.obj</name>
      </input_file>
      <input_file id="fl-1e">
         <path>C:\ti\simplelink_cc32xx_sdk_7_10_00_13\kernel\nortos\lib\ticlang\m4\</path>
         <kind>archive</kind>
         <file>nortos_cc32xx.a</file>
         <name>HwiPCC32XX_nortos.c.obj</name>
      </input_file>
      <input_file id="fl-1f">
         <path>C:\ti\simplelink_cc32xx_sdk_7_10_00_13\kernel\nortos\lib\ticlang\m4\</path>
         <kind>archive</kind>
         <file>nortos_cc32xx.a</file>
         <name>PowerCC32XX_nortos.c.obj</name>
      </input_file>
      <input_file id="fl-20">
         <path>C:\ti\simplelink_cc32xx_sdk_7_10_00_13\kernel\nortos\lib\ticlang\m4\</path>
         <kind>archive</kind>
         <file>nortos_cc32xx.a</file>
         <name>startup_cc32xx_ticlang.c.obj</name>
      </input_file>
      <input_file id="fl-21">
         <path>C:\ti\simplelink_cc32xx_sdk_7_10_00_13\kernel\nortos\lib\ticlang\m4\</path>
         <kind>archive</kind>
         <file>nortos_cc32xx.a</file>
         <name>SwiP_nortos.c.obj</name>
      </input_file>
      <input_file id="fl-22">
         <path>C:\ti\simplelink_cc32xx_sdk_7_10_00_13\source\ti\devices\cc32xx\driverlib\ticlang\Release\</path>
         <kind>archive</kind>
         <file>driverlib.a</file>
         <name>cpu.obj</name>
      </input_file>
      <input_file id="fl-23">
         <path>C:\ti\simplelink_cc32xx_sdk_7_10_00_13\source\ti\devices\cc32xx\driverlib\ticlang\Release\</path>
         <kind>archive</kind>
         <file>driverlib.a</file>
         <name>gpio.obj</name>
      </input_file>
      <input_file id="fl-24">
         <path>C:\ti\simplelink_cc32xx_sdk_7_10_00_13\source\ti\devices\cc32xx\driverlib\ticlang\Release\</path>
         <kind>archive</kind>
         <file>driverlib.a</file>
         <name>hwspinlock.obj</name>
      </input_file>
      <input_file id="fl-25">
         <path>C:\ti\simplelink_cc32xx_sdk_7_10_00_13\source\ti\devices\cc32xx\driverlib\ticlang\Release\</path>
         <kind>archive</kind>
         <file>driverlib.a</file>
         <name>interrupt.obj</name>
      </input_file>
      <input_file id="fl-26">
         <path>C:\ti\simplelink_cc32xx_sdk_7_10_00_13\source\ti\devices\cc32xx\driverlib\ticlang\Release\</path>
         <kind>archive</kind>
         <file>driverlib.a</file>
         <name>pin.obj</name>
      </input_file>
      <input_file id="fl-27">
         <path>C:\ti\simplelink_cc32xx_sdk_7_10_00_13\source\ti\devices\cc32xx\driverlib\ticlang\Release\</path>
         <kind>archive</kind>
         <file>driverlib.a</file>
         <name>prcm.obj</name>
      </input_file>
      <input_file id="fl-28">
         <path>C:\ti\simplelink_cc32xx_sdk_7_10_00_13\source\ti\devices\cc32xx\driverlib\ticlang\Release\</path>
         <kind>archive</kind>
         <file>driverlib.a</file>
         <name>spi.obj</name>
      </input_file>
      <input_file id="fl-29">
         <path>C:\ti\simplelink_cc32xx_sdk_7_10_00_13\source\ti\devices\cc32xx\driverlib\ticlang\Release\</path>
         <kind>archive</kind>
         <file>driverlib.a</file>
         <name>systick.obj</name>
      </input_file>
      <input_file id="fl-2a">
         <path>C:\ti\simplelink_cc32xx_sdk_7_10_00_13\source\ti\devices\cc32xx\driverlib\ticlang\Release\</path>
         <kind>archive</kind>
         <file>driverlib.a</file>
         <name>timer.obj</name>
      </input_file>
      <input_file id="fl-2b">
         <path>C:\ti\simplelink_cc32xx_sdk_7_10_00_13\source\ti\devices\cc32xx\driverlib\ticlang\Release\</path>
         <kind>archive</kind>
         <file>driverlib.a</file>
         <name>utils.obj</name>
      </input_file>
      <input_file id="fl-2c">
         <path>C:\ti\simplelink_cc32xx_sdk_7_10_00_13\source\ti\devices\cc32xx\driverlib\ticlang\Release\</path>
         <kind>archive</kind>
         <file>driverlib.a</file>
         <name>flash.obj</name>
      </input_file>
      <input_file id="fl-39">
         <path>C:\ti\ccs1250\ccs\tools\compiler\ti-cgt-armllvm_3.2.0.LTS\lib\armv7em-ti-none-eabi\c\</path>
         <kind>archive</kind>
         <file>libc.a</file>
         <name>memory.c.obj</name>
      </input_file>
      <input_file id="fl-3a">
         <path>C:\ti\ccs1250\ccs\tools\compiler\ti-cgt-armllvm_3.2.0.LTS\lib\armv7em-ti-none-eabi\c\</path>
         <kind>archive</kind>
         <file>libc.a</file>
         <name>boot_cortex_m.c.obj</name>
      </input_file>
      <input_file id="fl-3b">
         <path>C:\ti\ccs1250\ccs\tools\compiler\ti-cgt-armllvm_3.2.0.LTS\lib\armv7em-ti-none-eabi\c\</path>
         <kind>archive</kind>
         <file>libc.a</file>
         <name>mathacl_init.c.obj</name>
      </input_file>
      <input_file id="fl-3c">
         <path>C:\ti\ccs1250\ccs\tools\compiler\ti-cgt-armllvm_3.2.0.LTS\lib\armv7em-ti-none-eabi\c\</path>
         <kind>archive</kind>
         <file>libc.a</file>
         <name>autoinit.c.obj</name>
      </input_file>
      <input_file id="fl-3d">
         <path>C:\ti\ccs1250\ccs\tools\compiler\ti-cgt-armllvm_3.2.0.LTS\lib\armv7em-ti-none-eabi\c\</path>
         <kind>archive</kind>
         <file>libc.a</file>
         <name>pre_init.c.obj</name>
      </input_file>
      <input_file id="fl-3e">
         <path>C:\ti\ccs1250\ccs\tools\compiler\ti-cgt-armllvm_3.2.0.LTS\lib\armv7em-ti-none-eabi\c\</path>
         <kind>archive</kind>
         <file>libc.a</file>
         <name>cpy_tbl.c.obj</name>
      </input_file>
      <input_file id="fl-3f">
         <path>C:\ti\ccs1250\ccs\tools\compiler\ti-cgt-armllvm_3.2.0.LTS\lib\armv7em-ti-none-eabi\c\</path>
         <kind>archive</kind>
         <file>libc.a</file>
         <name>copy_zero_init.c.obj</name>
      </input_file>
      <input_file id="fl-40">
         <path>C:\ti\ccs1250\ccs\tools\compiler\ti-cgt-armllvm_3.2.0.LTS\lib\armv7em-ti-none-eabi\c\</path>
         <kind>archive</kind>
         <file>libc.a</file>
         <name>copy_decompress_none.c.obj</name>
      </input_file>
      <input_file id="fl-41">
         <path>C:\ti\ccs1250\ccs\tools\compiler\ti-cgt-armllvm_3.2.0.LTS\lib\armv7em-ti-none-eabi\c\</path>
         <kind>archive</kind>
         <file>libc.a</file>
         <name>copy_decompress_lzss.c.obj</name>
      </input_file>
      <input_file id="fl-42">
         <path>C:\ti\ccs1250\ccs\tools\compiler\ti-cgt-armllvm_3.2.0.LTS\lib\armv7em-ti-none-eabi\c\</path>
         <kind>archive</kind>
         <file>libc.a</file>
         <name>exit.c.obj</name>
      </input_file>
      <input_file id="fl-43">
         <path>C:\ti\ccs1250\ccs\tools\compiler\ti-cgt-armllvm_3.2.0.LTS\lib\armv7em-ti-none-eabi\c\</path>
         <kind>archive</kind>
         <file>libc.a</file>
         <name>_lock.c.obj</name>
      </input_file>
      <input_file id="fl-44">
         <path>C:\ti\ccs1250\ccs\tools\compiler\ti-cgt-armllvm_3.2.0.LTS\lib\armv7em-ti-none-eabi\c\</path>
         <kind>archive</kind>
         <file>libc.a</file>
         <name>args_main.c.obj</name>
      </input_file>
      <input_file id="fl-a8">
         <path>C:\ti\ccs1250\ccs\tools\compiler\ti-cgt-armllvm_3.2.0.LTS\lib\clang\15.0.7\lib\armv7em-ti-none-eabi\</path>
         <kind>archive</kind>
         <file>libclang_rt.builtins.a</file>
         <name>aeabi_memcpy.S.obj</name>
      </input_file>
      <input_file id="fl-a9">
         <path>C:\ti\ccs1250\ccs\tools\compiler\ti-cgt-armllvm_3.2.0.LTS\lib\clang\15.0.7\lib\armv7em-ti-none-eabi\</path>
         <kind>archive</kind>
         <file>libclang_rt.builtins.a</file>
         <name>aeabi_memset.S.obj</name>
      </input_file>
      <input_file id="fl-aa">
         <path>C:\ti\ccs1250\ccs\tools\compiler\ti-cgt-armllvm_3.2.0.LTS\lib\clang\15.0.7\lib\armv7em-ti-none-eabi\</path>
         <kind>archive</kind>
         <file>libclang_rt.builtins.a</file>
         <name>aeabi_uldivmod.S.obj</name>
      </input_file>
      <input_file id="fl-ab">
         <path>C:\ti\ccs1250\ccs\tools\compiler\ti-cgt-armllvm_3.2.0.LTS\lib\clang\15.0.7\lib\armv7em-ti-none-eabi\</path>
         <kind>archive</kind>
         <file>libclang_rt.builtins.a</file>
         <name>udivmoddi4.S.obj</name>
      </input_file>
      <input_file id="fl-ac">
         <path>C:\ti\ccs1250\ccs\tools\compiler\ti-cgt-armllvm_3.2.0.LTS\lib\clang\15.0.7\lib\armv7em-ti-none-eabi\</path>
         <kind>archive</kind>
         <file>libclang_rt.builtins.a</file>
         <name>aeabi_div0.c.obj</name>
      </input_file>
      <input_file id="fl-ad">
         <path>C:\ti\ccs1250\ccs\tools\compiler\ti-cgt-armllvm_3.2.0.LTS\lib\armv7em-ti-none-eabi\c\</path>
         <kind>archive</kind>
         <file>libc.a</file>
         <name>memcpy_t2.S.obj</name>
      </input_file>
      <input_file id="fl-ae">
         <path>C:\ti\ccs1250\ccs\tools\compiler\ti-cgt-armllvm_3.2.0.LTS\lib\armv7em-ti-none-eabi\c\</path>
         <kind>archive</kind>
         <file>libc.a</file>
         <name>memset_t2.S.obj</name>
      </input_file>
   </input_file_list>
   <object_component_list>
      <object_component id="oc-d2">
         <name>.text.PRCMCC3200MCUInit</name>
         <load_address>0x2000c040</load_address>
         <readonly>true</readonly>
         <executable>true</executable>
         <run_address>0x2000c040</run_address>
         <size>0x4b8</size>
         <alignment>0x2</alignment>
         <input_file_ref idref="fl-27"/>
      </object_component>
      <object_component id="oc-1c4">
         <name>.text.Power_sleep</name>
         <load_address>0x2000c4f8</load_address>
         <readonly>true</readonly>
         <executable>true</executable>
         <run_address>0x2000c4f8</run_address>
         <size>0x3e4</size>
         <alignment>0x4</alignment>
         <input_file_ref idref="fl-16"/>
      </object_component>
      <object_component id="oc-176">
         <name>.text.PowerCC32XX_sleepPolicy</name>
         <load_address>0x2000c8dc</load_address>
         <readonly>true</readonly>
         <executable>true</executable>
         <run_address>0x2000c8dc</run_address>
         <size>0x150</size>
         <alignment>0x4</alignment>
         <input_file_ref idref="fl-1f"/>
      </object_component>
      <object_component id="oc-149">
         <name>.text.Timer_open</name>
         <load_address>0x2000ca2c</load_address>
         <readonly>true</readonly>
         <executable>true</executable>
         <run_address>0x2000ca2c</run_address>
         <size>0x148</size>
         <alignment>0x4</alignment>
         <input_file_ref idref="fl-19"/>
      </object_component>
      <object_component id="oc-f6">
         <name>.text.GPIO_setConfig</name>
         <load_address>0x2000cb74</load_address>
         <readonly>true</readonly>
         <executable>true</executable>
         <run_address>0x2000cb74</run_address>
         <size>0x140</size>
         <alignment>0x4</alignment>
         <input_file_ref idref="fl-15"/>
      </object_component>
      <object_component id="oc-1ea">
         <name>.text.aligned_alloc</name>
         <load_address>0x2000ccb4</load_address>
         <readonly>true</readonly>
         <executable>true</executable>
         <run_address>0x2000ccb4</run_address>
         <size>0x120</size>
         <alignment>0x4</alignment>
         <input_file_ref idref="fl-39"/>
      </object_component>
      <object_component id="oc-17d">
         <name>.text.free</name>
         <load_address>0x2000cdd4</load_address>
         <readonly>true</readonly>
         <executable>true</executable>
         <run_address>0x2000cdd4</run_address>
         <size>0xf0</size>
         <alignment>0x4</alignment>
         <input_file_ref idref="fl-39"/>
      </object_component>
      <object_component id="oc-233">
         <name>.text.IntDisable</name>
         <load_address>0x2000cec4</load_address>
         <readonly>true</readonly>
         <executable>true</executable>
         <run_address>0x2000cec4</run_address>
         <size>0xc8</size>
         <alignment>0x2</alignment>
         <input_file_ref idref="fl-25"/>
      </object_component>
      <object_component id="oc-1ed">
         <name>.text.IntEnable</name>
         <load_address>0x2000cf8c</load_address>
         <readonly>true</readonly>
         <executable>true</executable>
         <run_address>0x2000cf8c</run_address>
         <size>0xc8</size>
         <alignment>0x2</alignment>
         <input_file_ref idref="fl-25"/>
      </object_component>
      <object_component id="oc-1f7">
         <name>.text</name>
         <load_address>0x2000d054</load_address>
         <readonly>true</readonly>
         <executable>true</executable>
         <run_address>0x2000d054</run_address>
         <size>0xb0</size>
         <alignment>0x4</alignment>
         <input_file_ref idref="fl-ab"/>
      </object_component>
      <object_component id="oc-1a8">
         <name>.text.GPIOIntTypeSet</name>
         <load_address>0x2000d104</load_address>
         <readonly>true</readonly>
         <executable>true</executable>
         <run_address>0x2000d104</run_address>
         <size>0xac</size>
         <alignment>0x2</alignment>
         <input_file_ref idref="fl-23"/>
      </object_component>
      <object_component id="oc-b0">
         <name>.text.mainThread</name>
         <load_address>0x2000d1b0</load_address>
         <readonly>true</readonly>
         <executable>true</executable>
         <run_address>0x2000d1b0</run_address>
         <size>0xa8</size>
         <alignment>0x4</alignment>
         <input_file_ref idref="fl-1"/>
      </object_component>
      <object_component id="oc-22f">
         <name>.text.IntPendSet</name>
         <load_address>0x2000d258</load_address>
         <readonly>true</readonly>
         <executable>true</executable>
         <run_address>0x2000d258</run_address>
         <size>0xa4</size>
         <alignment>0x2</alignment>
         <input_file_ref idref="fl-25"/>
      </object_component>
      <object_component id="oc-152">
         <name>.text.PinConfigSet</name>
         <load_address>0x2000d2fc</load_address>
         <readonly>true</readonly>
         <executable>true</executable>
         <run_address>0x2000d2fc</run_address>
         <size>0xa2</size>
         <alignment>0x2</alignment>
         <input_file_ref idref="fl-26"/>
      </object_component>
      <object_component id="oc-e2">
         <name>.text.Board_initHook</name>
         <load_address>0x2000d39e</load_address>
         <readonly>true</readonly>
         <executable>true</executable>
         <run_address>0x2000d39e</run_address>
         <size>0x2</size>
         <alignment>0x2</alignment>
         <input_file_ref idref="fl-2"/>
      </object_component>
      <object_component id="oc-12a">
         <name>.text.SemaphoreP_pend</name>
         <load_address>0x2000d3a0</load_address>
         <readonly>true</readonly>
         <executable>true</executable>
         <run_address>0x2000d3a0</run_address>
         <size>0x98</size>
         <alignment>0x4</alignment>
         <input_file_ref idref="fl-1c"/>
      </object_component>
      <object_component id="oc-127">
         <name>.text.HwiP_disable</name>
         <load_address>0x2000d438</load_address>
         <readonly>true</readonly>
         <executable>true</executable>
         <run_address>0x2000d438</run_address>
         <size>0x8</size>
         <alignment>0x2</alignment>
         <input_file_ref idref="fl-1e"/>
      </object_component>
      <object_component id="oc-204">
         <name>.text</name>
         <load_address>0x2000d440</load_address>
         <readonly>true</readonly>
         <executable>true</executable>
         <run_address>0x2000d440</run_address>
         <size>0x96</size>
         <alignment>0x10</alignment>
         <input_file_ref idref="fl-17"/>
      </object_component>
      <object_component id="oc-171">
         <name>.text.PowerCC32XX_initPolicy</name>
         <load_address>0x2000d4d6</load_address>
         <readonly>true</readonly>
         <executable>true</executable>
         <run_address>0x2000d4d6</run_address>
         <size>0x2</size>
         <alignment>0x2</alignment>
         <input_file_ref idref="fl-1f"/>
      </object_component>
      <object_component id="oc-dc">
         <name>.text.GPIO_init</name>
         <load_address>0x2000d4d8</load_address>
         <readonly>true</readonly>
         <executable>true</executable>
         <run_address>0x2000d4d8</run_address>
         <size>0x90</size>
         <alignment>0x4</alignment>
         <input_file_ref idref="fl-15"/>
      </object_component>
      <object_component id="oc-109">
         <name>.text.PRCMSysResetCauseGet</name>
         <load_address>0x2000d568</load_address>
         <readonly>true</readonly>
         <executable>true</executable>
         <run_address>0x2000d568</run_address>
         <size>0x8e</size>
         <alignment>0x2</alignment>
         <input_file_ref idref="fl-27"/>
      </object_component>
      <object_component id="oc-1da">
         <name>.text.SemaphoreP_destruct</name>
         <load_address>0x2000d5f6</load_address>
         <readonly>true</readonly>
         <executable>true</executable>
         <run_address>0x2000d5f6</run_address>
         <size>0x2</size>
         <alignment>0x2</alignment>
         <input_file_ref idref="fl-1c"/>
      </object_component>
      <object_component id="oc-11b">
         <name>.text.PowerCC32XX_configureWakeup</name>
         <load_address>0x2000d5f8</load_address>
         <readonly>true</readonly>
         <executable>true</executable>
         <run_address>0x2000d5f8</run_address>
         <size>0x88</size>
         <alignment>0x4</alignment>
         <input_file_ref idref="fl-16"/>
      </object_component>
      <object_component id="oc-d7">
         <name>.text.Power_init</name>
         <load_address>0x2000d680</load_address>
         <readonly>true</readonly>
         <executable>true</executable>
         <run_address>0x2000d680</run_address>
         <size>0x78</size>
         <alignment>0x4</alignment>
         <input_file_ref idref="fl-16"/>
      </object_component>
      <object_component id="oc-1a7">
         <name>.text.HwiP_construct</name>
         <load_address>0x2000d6f8</load_address>
         <readonly>true</readonly>
         <executable>true</executable>
         <run_address>0x2000d6f8</run_address>
         <size>0x74</size>
         <alignment>0x4</alignment>
         <input_file_ref idref="fl-1e"/>
      </object_component>
      <object_component id="oc-16e">
         <name>.text.PRCMHibernateWakeUpGPIOSelect</name>
         <load_address>0x2000d76c</load_address>
         <readonly>true</readonly>
         <executable>true</executable>
         <run_address>0x2000d76c</run_address>
         <size>0x74</size>
         <alignment>0x2</alignment>
         <input_file_ref idref="fl-27"/>
      </object_component>
      <object_component id="oc-18">
         <name>.text:decompress:lzss</name>
         <load_address>0x2000d7e0</load_address>
         <readonly>true</readonly>
         <executable>true</executable>
         <run_address>0x2000d7e0</run_address>
         <size>0x70</size>
         <alignment>0x2</alignment>
         <input_file_ref idref="fl-41"/>
      </object_component>
      <object_component id="oc-201">
         <name>.text.PinLockLevelSet</name>
         <load_address>0x2000d850</load_address>
         <readonly>true</readonly>
         <executable>true</executable>
         <run_address>0x2000d850</run_address>
         <size>0x6c</size>
         <alignment>0x2</alignment>
         <input_file_ref idref="fl-26"/>
      </object_component>
      <object_component id="oc-153">
         <name>.text.Power_setDependency</name>
         <load_address>0x2000d8bc</load_address>
         <readonly>true</readonly>
         <executable>true</executable>
         <run_address>0x2000d8bc</run_address>
         <size>0x6c</size>
         <alignment>0x4</alignment>
         <input_file_ref idref="fl-16"/>
      </object_component>
      <object_component id="oc-131">
         <name>.text.powerNotifyFxn</name>
         <load_address>0x2000d928</load_address>
         <readonly>true</readonly>
         <executable>true</executable>
         <run_address>0x2000d928</run_address>
         <size>0x6c</size>
         <alignment>0x4</alignment>
         <input_file_ref idref="fl-15"/>
      </object_component>
      <object_component id="oc-219">
         <name>.text.split</name>
         <load_address>0x2000d994</load_address>
         <readonly>true</readonly>
         <executable>true</executable>
         <run_address>0x2000d994</run_address>
         <size>0x6c</size>
         <alignment>0x4</alignment>
         <input_file_ref idref="fl-39"/>
      </object_component>
      <object_component id="oc-111">
         <name>.text.PRCMPeripheralReset</name>
         <load_address>0x2000da00</load_address>
         <readonly>true</readonly>
         <executable>true</executable>
         <run_address>0x2000da00</run_address>
         <size>0x6a</size>
         <alignment>0x2</alignment>
         <input_file_ref idref="fl-27"/>
      </object_component>
      <object_component id="oc-214">
         <name>.text.IntPendClear</name>
         <load_address>0x2000da6a</load_address>
         <readonly>true</readonly>
         <executable>true</executable>
         <run_address>0x2000da6a</run_address>
         <size>0x68</size>
         <alignment>0x2</alignment>
         <input_file_ref idref="fl-25"/>
      </object_component>
      <object_component id="oc-142">
         <name>.text.Timer_init</name>
         <load_address>0x2000dad2</load_address>
         <readonly>true</readonly>
         <executable>true</executable>
         <run_address>0x2000dad2</run_address>
         <size>0x2</size>
         <alignment>0x2</alignment>
         <input_file_ref idref="fl-18"/>
      </object_component>
      <object_component id="oc-ed">
         <name>.text.GPIO_write</name>
         <load_address>0x2000dad4</load_address>
         <readonly>true</readonly>
         <executable>true</executable>
         <run_address>0x2000dad4</run_address>
         <size>0x60</size>
         <alignment>0x4</alignment>
         <input_file_ref idref="fl-15"/>
      </object_component>
      <object_component id="oc-22a">
         <name>.text.FlashDisable</name>
         <load_address>0x2000db34</load_address>
         <readonly>true</readonly>
         <executable>true</executable>
         <run_address>0x2000db34</run_address>
         <size>0x5c</size>
         <alignment>0x2</alignment>
         <input_file_ref idref="fl-2c"/>
      </object_component>
      <object_component id="oc-170">
         <name>.text.PRCMHibernateWakeupSourceDisable</name>
         <load_address>0x2000db90</load_address>
         <readonly>true</readonly>
         <executable>true</executable>
         <run_address>0x2000db90</run_address>
         <size>0x5c</size>
         <alignment>0x2</alignment>
         <input_file_ref idref="fl-27"/>
      </object_component>
      <object_component id="oc-f5">
         <name>.text.TickFct_Blink</name>
         <load_address>0x2000dbec</load_address>
         <readonly>true</readonly>
         <executable>true</executable>
         <run_address>0x2000dbec</run_address>
         <size>0x5c</size>
         <alignment>0x4</alignment>
         <input_file_ref idref="fl-1"/>
      </object_component>
      <object_component id="oc-197">
         <name>.text.TimerCC32XX_allocateTimerResource</name>
         <load_address>0x2000dc48</load_address>
         <readonly>true</readonly>
         <executable>true</executable>
         <run_address>0x2000dc48</run_address>
         <size>0x5c</size>
         <alignment>0x4</alignment>
         <input_file_ref idref="fl-19"/>
      </object_component>
      <object_component id="oc-110">
         <name>.text.PRCMPeripheralClkEnable</name>
         <load_address>0x2000dca4</load_address>
         <readonly>true</readonly>
         <executable>true</executable>
         <run_address>0x2000dca4</run_address>
         <size>0x5a</size>
         <alignment>0x2</alignment>
         <input_file_ref idref="fl-27"/>
      </object_component>
      <object_component id="oc-21e">
         <name>.text.__aeabi_ldiv0</name>
         <load_address>0x2000dcfe</load_address>
         <readonly>true</readonly>
         <executable>true</executable>
         <run_address>0x2000dcfe</run_address>
         <size>0x2</size>
         <alignment>0x2</alignment>
         <input_file_ref idref="fl-ac"/>
      </object_component>
      <object_component id="oc-1f5">
         <name>.text.ClockP_startup</name>
         <load_address>0x2000dd00</load_address>
         <readonly>true</readonly>
         <executable>true</executable>
         <run_address>0x2000dd00</run_address>
         <size>0x58</size>
         <alignment>0x4</alignment>
         <input_file_ref idref="fl-1d"/>
      </object_component>
      <object_component id="oc-1ec">
         <name>.text.IntPrioritySet</name>
         <load_address>0x2000dd58</load_address>
         <readonly>true</readonly>
         <executable>true</executable>
         <run_address>0x2000dd58</run_address>
         <size>0x58</size>
         <alignment>0x2</alignment>
         <input_file_ref idref="fl-25"/>
      </object_component>
      <object_component id="oc-20e">
         <name>.text.PRCMLPDSEnter</name>
         <load_address>0x2000ddb0</load_address>
         <readonly>true</readonly>
         <executable>true</executable>
         <run_address>0x2000ddb0</run_address>
         <size>0x56</size>
         <alignment>0x2</alignment>
         <input_file_ref idref="fl-27"/>
      </object_component>
      <object_component id="oc-15c">
         <name>.text._nop</name>
         <load_address>0x2000de06</load_address>
         <readonly>true</readonly>
         <executable>true</executable>
         <run_address>0x2000de06</run_address>
         <size>0x2</size>
         <alignment>0x2</alignment>
         <input_file_ref idref="fl-43"/>
      </object_component>
      <object_component id="oc-15b">
         <name>.text.GPIO_toggle</name>
         <load_address>0x2000de08</load_address>
         <readonly>true</readonly>
         <executable>true</executable>
         <run_address>0x2000de08</run_address>
         <size>0x54</size>
         <alignment>0x4</alignment>
         <input_file_ref idref="fl-15"/>
      </object_component>
      <object_component id="oc-190">
         <name>.text.PowerCC32XX_setParkState</name>
         <load_address>0x2000de5c</load_address>
         <readonly>true</readonly>
         <executable>true</executable>
         <run_address>0x2000de5c</run_address>
         <size>0x54</size>
         <alignment>0x4</alignment>
         <input_file_ref idref="fl-16"/>
      </object_component>
      <object_component id="oc-216">
         <name>.text.Power_releaseDependency</name>
         <load_address>0x2000deb0</load_address>
         <readonly>true</readonly>
         <executable>true</executable>
         <run_address>0x2000deb0</run_address>
         <size>0x54</size>
         <alignment>0x4</alignment>
         <input_file_ref idref="fl-16"/>
      </object_component>
      <object_component id="oc-15a">
         <name>.text.GPIO_hwiIntFxn</name>
         <load_address>0x2000df04</load_address>
         <readonly>true</readonly>
         <executable>true</executable>
         <run_address>0x2000df04</run_address>
         <size>0x50</size>
         <alignment>0x4</alignment>
         <input_file_ref idref="fl-15"/>
      </object_component>
      <object_component id="oc-16f">
         <name>.text.PRCMHibernateWakeupSourceEnable</name>
         <load_address>0x2000df54</load_address>
         <readonly>true</readonly>
         <executable>true</executable>
         <run_address>0x2000df54</run_address>
         <size>0x50</size>
         <alignment>0x2</alignment>
         <input_file_ref idref="fl-27"/>
      </object_component>
      <object_component id="oc-1cd">
         <name>.text.SemaphoreP_construct</name>
         <load_address>0x2000dfa4</load_address>
         <readonly>true</readonly>
         <executable>true</executable>
         <run_address>0x2000dfa4</run_address>
         <size>0x50</size>
         <alignment>0x4</alignment>
         <input_file_ref idref="fl-1c"/>
      </object_component>
      <object_component id="oc-157">
         <name>.text.GPIO_setInterruptConfig</name>
         <load_address>0x2000dff4</load_address>
         <readonly>true</readonly>
         <executable>true</executable>
         <run_address>0x2000dff4</run_address>
         <size>0x4c</size>
         <alignment>0x4</alignment>
         <input_file_ref idref="fl-15"/>
      </object_component>
      <object_component id="oc-228">
         <name>.text.PRCMLPDSRestoreInfoSet</name>
         <load_address>0x2000e040</load_address>
         <readonly>true</readonly>
         <executable>true</executable>
         <run_address>0x2000e040</run_address>
         <size>0x4c</size>
         <alignment>0x2</alignment>
         <input_file_ref idref="fl-27"/>
      </object_component>
      <object_component id="oc-19c">
         <name>.text.initHw</name>
         <load_address>0x2000e08c</load_address>
         <readonly>true</readonly>
         <executable>true</executable>
         <run_address>0x2000e08c</run_address>
         <size>0x4c</size>
         <alignment>0x2</alignment>
         <input_file_ref idref="fl-19"/>
      </object_component>
      <object_component id="oc-19b">
         <name>.text.getPrescaler</name>
         <load_address>0x2000e0d8</load_address>
         <readonly>true</readonly>
         <executable>true</executable>
         <run_address>0x2000e0d8</run_address>
         <size>0x4a</size>
         <alignment>0x2</alignment>
         <input_file_ref idref="fl-19"/>
      </object_component>
      <object_component id="oc-57">
         <name>.text.busFaultHandler</name>
         <load_address>0x2000e122</load_address>
         <readonly>true</readonly>
         <executable>true</executable>
         <run_address>0x2000e122</run_address>
         <size>0x2</size>
         <alignment>0x2</alignment>
         <input_file_ref idref="fl-20"/>
      </object_component>
      <object_component id="oc-58">
         <name>.text.ClockP_sysTickHandler</name>
         <load_address>0x2000e124</load_address>
         <readonly>true</readonly>
         <executable>true</executable>
         <run_address>0x2000e124</run_address>
         <size>0x48</size>
         <alignment>0x4</alignment>
         <input_file_ref idref="fl-1d"/>
      </object_component>
      <object_component id="oc-208">
         <name>.text.PRCMIntEnable</name>
         <load_address>0x2000e16c</load_address>
         <readonly>true</readonly>
         <executable>true</executable>
         <run_address>0x2000e16c</run_address>
         <size>0x48</size>
         <alignment>0x2</alignment>
         <input_file_ref idref="fl-27"/>
      </object_component>
      <object_component id="oc-1a5">
         <name>.text.PRCMPeripheralStatusGet</name>
         <load_address>0x2000e1b4</load_address>
         <readonly>true</readonly>
         <executable>true</executable>
         <run_address>0x2000e1b4</run_address>
         <size>0x48</size>
         <alignment>0x2</alignment>
         <input_file_ref idref="fl-27"/>
      </object_component>
      <object_component id="oc-225">
         <name>.text.PinConfigGet</name>
         <load_address>0x2000e1fc</load_address>
         <readonly>true</readonly>
         <executable>true</executable>
         <run_address>0x2000e1fc</run_address>
         <size>0x48</size>
         <alignment>0x2</alignment>
         <input_file_ref idref="fl-26"/>
      </object_component>
      <object_component id="oc-20d">
         <name>.text.PRCMLPDSEnterKeepDebugIf</name>
         <load_address>0x2000e244</load_address>
         <readonly>true</readonly>
         <executable>true</executable>
         <run_address>0x2000e244</run_address>
         <size>0x46</size>
         <alignment>0x2</alignment>
         <input_file_ref idref="fl-27"/>
      </object_component>
      <object_component id="oc-156">
         <name>.text.GPIODirModeSet</name>
         <load_address>0x2000e28a</load_address>
         <readonly>true</readonly>
         <executable>true</executable>
         <run_address>0x2000e28a</run_address>
         <size>0x44</size>
         <alignment>0x2</alignment>
         <input_file_ref idref="fl-23"/>
      </object_component>
      <object_component id="oc-184">
         <name>.text.clkFxn</name>
         <load_address>0x2000e2ce</load_address>
         <readonly>true</readonly>
         <executable>true</executable>
         <run_address>0x2000e2ce</run_address>
         <size>0x2</size>
         <alignment>0x2</alignment>
         <input_file_ref idref="fl-1c"/>
      </object_component>
      <object_component id="oc-1a9">
         <name>.text.GPIO_disableInt</name>
         <load_address>0x2000e2d0</load_address>
         <readonly>true</readonly>
         <executable>true</executable>
         <run_address>0x2000e2d0</run_address>
         <size>0x44</size>
         <alignment>0x4</alignment>
         <input_file_ref idref="fl-15"/>
      </object_component>
      <object_component id="oc-f3">
         <name>.text.GPIO_enableInt</name>
         <load_address>0x2000e314</load_address>
         <readonly>true</readonly>
         <executable>true</executable>
         <run_address>0x2000e314</run_address>
         <size>0x44</size>
         <alignment>0x4</alignment>
         <input_file_ref idref="fl-15"/>
      </object_component>
      <object_component id="oc-231">
         <name>.text.Power_releaseConstraint</name>
         <load_address>0x2000e358</load_address>
         <readonly>true</readonly>
         <executable>true</executable>
         <run_address>0x2000e358</run_address>
         <size>0x44</size>
         <alignment>0x4</alignment>
         <input_file_ref idref="fl-16"/>
      </object_component>
      <object_component id="oc-14f">
         <name>.text.Timer_start</name>
         <load_address>0x2000e39c</load_address>
         <readonly>true</readonly>
         <executable>true</executable>
         <run_address>0x2000e39c</run_address>
         <size>0x44</size>
         <alignment>0x2</alignment>
         <input_file_ref idref="fl-18"/>
      </object_component>
      <object_component id="oc-7d">
         <name>.text.addToList</name>
         <load_address>0x2000e3e0</load_address>
         <readonly>true</readonly>
         <executable>true</executable>
         <run_address>0x2000e3e0</run_address>
         <size>0x44</size>
         <alignment>0x4</alignment>
         <input_file_ref idref="fl-1d"/>
      </object_component>
      <object_component id="oc-118">
         <name>.text.PinModeSet</name>
         <load_address>0x2000e424</load_address>
         <readonly>true</readonly>
         <executable>true</executable>
         <run_address>0x2000e424</run_address>
         <size>0x42</size>
         <alignment>0x2</alignment>
         <input_file_ref idref="fl-26"/>
      </object_component>
      <object_component id="oc-1e3">
         <name>.text.TimerControlStall</name>
         <load_address>0x2000e466</load_address>
         <readonly>true</readonly>
         <executable>true</executable>
         <run_address>0x2000e466</run_address>
         <size>0x42</size>
         <alignment>0x2</alignment>
         <input_file_ref idref="fl-2a"/>
      </object_component>
      <object_component id="oc-19a">
         <name>.text.Timer_close</name>
         <load_address>0x2000e4a8</load_address>
         <readonly>true</readonly>
         <executable>true</executable>
         <run_address>0x2000e4a8</run_address>
         <size>0x42</size>
         <alignment>0x2</alignment>
         <input_file_ref idref="fl-19"/>
      </object_component>
      <object_component id="oc-1b9">
         <name>.text.getCountsRTC</name>
         <load_address>0x2000e4ea</load_address>
         <readonly>true</readonly>
         <executable>true</executable>
         <run_address>0x2000e4ea</run_address>
         <size>0x42</size>
         <alignment>0x2</alignment>
         <input_file_ref idref="fl-1f"/>
      </object_component>
      <object_component id="oc-12c">
         <name>.text.SemaphoreP_post</name>
         <load_address>0x2000e52c</load_address>
         <readonly>true</readonly>
         <executable>true</executable>
         <run_address>0x2000e52c</run_address>
         <size>0x40</size>
         <alignment>0x4</alignment>
         <input_file_ref idref="fl-1c"/>
      </object_component>
      <object_component id="oc-1d6">
         <name>.text.Timer_stop</name>
         <load_address>0x2000e56c</load_address>
         <readonly>true</readonly>
         <executable>true</executable>
         <run_address>0x2000e56c</run_address>
         <size>0x40</size>
         <alignment>0x2</alignment>
         <input_file_ref idref="fl-18"/>
      </object_component>
      <object_component id="oc-227">
         <name>.text.PinDirModeSet</name>
         <load_address>0x2000e5ac</load_address>
         <readonly>true</readonly>
         <executable>true</executable>
         <run_address>0x2000e5ac</run_address>
         <size>0x3e</size>
         <alignment>0x2</alignment>
         <input_file_ref idref="fl-26"/>
      </object_component>
      <object_component id="oc-56">
         <name>.text.defaultHandler</name>
         <load_address>0x2000e5ea</load_address>
         <readonly>true</readonly>
         <executable>true</executable>
         <run_address>0x2000e5ea</run_address>
         <size>0x2</size>
         <alignment>0x2</alignment>
         <input_file_ref idref="fl-20"/>
      </object_component>
      <object_component id="oc-1d1">
         <name>.text.ClockP_stop</name>
         <load_address>0x2000e5ec</load_address>
         <readonly>true</readonly>
         <executable>true</executable>
         <run_address>0x2000e5ec</run_address>
         <size>0x3c</size>
         <alignment>0x4</alignment>
         <input_file_ref idref="fl-1d"/>
      </object_component>
      <object_component id="oc-f4">
         <name>.text.initTimer</name>
         <load_address>0x2000e628</load_address>
         <readonly>true</readonly>
         <executable>true</executable>
         <run_address>0x2000e628</run_address>
         <size>0x3c</size>
         <alignment>0x4</alignment>
         <input_file_ref idref="fl-1"/>
      </object_component>
      <object_component id="oc-1a4">
         <name>.text.TimerSupport_timerEnable</name>
         <load_address>0x2000e664</load_address>
         <readonly>true</readonly>
         <executable>true</executable>
         <run_address>0x2000e664</run_address>
         <size>0x3a</size>
         <alignment>0x2</alignment>
         <input_file_ref idref="fl-19"/>
      </object_component>
      <object_component id="oc-55">
         <name>.text.faultISR</name>
         <load_address>0x2000e69e</load_address>
         <readonly>true</readonly>
         <executable>true</executable>
         <run_address>0x2000e69e</run_address>
         <size>0x2</size>
         <alignment>0x2</alignment>
         <input_file_ref idref="fl-20"/>
      </object_component>
      <object_component id="oc-183">
         <name>.text.ClockP_destruct</name>
         <load_address>0x2000e6a0</load_address>
         <readonly>true</readonly>
         <executable>true</executable>
         <run_address>0x2000e6a0</run_address>
         <size>0x38</size>
         <alignment>0x4</alignment>
         <input_file_ref idref="fl-1d"/>
      </object_component>
      <object_component id="oc-1e8">
         <name>.text.Power_setConstraint</name>
         <load_address>0x2000e6d8</load_address>
         <readonly>true</readonly>
         <executable>true</executable>
         <run_address>0x2000e6d8</run_address>
         <size>0x38</size>
         <alignment>0x4</alignment>
         <input_file_ref idref="fl-16"/>
      </object_component>
      <object_component id="oc-1ca">
         <name>.text.SwiP_restore</name>
         <load_address>0x2000e710</load_address>
         <readonly>true</readonly>
         <executable>true</executable>
         <run_address>0x2000e710</run_address>
         <size>0x38</size>
         <alignment>0x4</alignment>
         <input_file_ref idref="fl-21"/>
      </object_component>
      <object_component id="oc-bf">
         <name>.text:__TI_auto_init_nobinit_nopinit</name>
         <load_address>0x2000e748</load_address>
         <readonly>true</readonly>
         <executable>true</executable>
         <run_address>0x2000e748</run_address>
         <size>0x38</size>
         <alignment>0x4</alignment>
         <input_file_ref idref="fl-3c"/>
      </object_component>
      <object_component id="oc-203">
         <name>.text.PinLock</name>
         <load_address>0x2000e780</load_address>
         <readonly>true</readonly>
         <executable>true</executable>
         <run_address>0x2000e780</run_address>
         <size>0x36</size>
         <alignment>0x2</alignment>
         <input_file_ref idref="fl-26"/>
      </object_component>
      <object_component id="oc-1a1">
         <name>.text.TimerCC32XX_hwiIntFunction</name>
         <load_address>0x2000e7b6</load_address>
         <readonly>true</readonly>
         <executable>true</executable>
         <run_address>0x2000e7b6</run_address>
         <size>0x36</size>
         <alignment>0x2</alignment>
         <input_file_ref idref="fl-19"/>
      </object_component>
      <object_component id="oc-180">
         <name>.text.ClockP_start</name>
         <load_address>0x2000e7ec</load_address>
         <readonly>true</readonly>
         <executable>true</executable>
         <run_address>0x2000e7ec</run_address>
         <size>0x34</size>
         <alignment>0x4</alignment>
         <input_file_ref idref="fl-1d"/>
      </object_component>
      <object_component id="oc-226">
         <name>.text.PinDirModeGet</name>
         <load_address>0x2000e820</load_address>
         <readonly>true</readonly>
         <executable>true</executable>
         <run_address>0x2000e820</run_address>
         <size>0x34</size>
         <alignment>0x2</alignment>
         <input_file_ref idref="fl-26"/>
      </object_component>
      <object_component id="oc-113">
         <name>.text.PinModeGet</name>
         <load_address>0x2000e854</load_address>
         <readonly>true</readonly>
         <executable>true</executable>
         <run_address>0x2000e854</run_address>
         <size>0x34</size>
         <alignment>0x2</alignment>
         <input_file_ref idref="fl-26"/>
      </object_component>
      <object_component id="oc-200">
         <name>.text.PowerCC32XX_parkPin</name>
         <load_address>0x2000e888</load_address>
         <readonly>true</readonly>
         <executable>true</executable>
         <run_address>0x2000e888</run_address>
         <size>0x34</size>
         <alignment>0x2</alignment>
         <input_file_ref idref="fl-16"/>
      </object_component>
      <object_component id="oc-1db">
         <name>.text.TimerCC32XX_freeTimerResource</name>
         <load_address>0x2000e8bc</load_address>
         <readonly>true</readonly>
         <executable>true</executable>
         <run_address>0x2000e8bc</run_address>
         <size>0x34</size>
         <alignment>0x4</alignment>
         <input_file_ref idref="fl-19"/>
      </object_component>
      <object_component id="oc-4f">
         <name>.text.initVectors</name>
         <load_address>0x2000e8f0</load_address>
         <readonly>true</readonly>
         <executable>true</executable>
         <run_address>0x2000e8f0</run_address>
         <size>0x34</size>
         <alignment>0x4</alignment>
         <input_file_ref idref="fl-20"/>
      </object_component>
      <object_component id="oc-1b6">
         <name>.text.ClockP_getTicksUntilInterrupt</name>
         <load_address>0x2000e924</load_address>
         <readonly>true</readonly>
         <executable>true</executable>
         <run_address>0x2000e924</run_address>
         <size>0x30</size>
         <alignment>0x4</alignment>
         <input_file_ref idref="fl-1d"/>
      </object_component>
      <object_component id="oc-1c3">
         <name>.text.PRCMLPDSIntervalSet</name>
         <load_address>0x2000e954</load_address>
         <readonly>true</readonly>
         <executable>true</executable>
         <run_address>0x2000e954</run_address>
         <size>0x30</size>
         <alignment>0x2</alignment>
         <input_file_ref idref="fl-27"/>
      </object_component>
      <object_component id="oc-1f6">
         <name>.text.PRCMSlowClkCtrFastGet</name>
         <load_address>0x2000e984</load_address>
         <readonly>true</readonly>
         <executable>true</executable>
         <run_address>0x2000e984</run_address>
         <size>0x30</size>
         <alignment>0x2</alignment>
         <input_file_ref idref="fl-27"/>
      </object_component>
      <object_component id="oc-1e2">
         <name>.text.TimerLoadSet</name>
         <load_address>0x2000e9b4</load_address>
         <readonly>true</readonly>
         <executable>true</executable>
         <run_address>0x2000e9b4</run_address>
         <size>0x30</size>
         <alignment>0x2</alignment>
         <input_file_ref idref="fl-2a"/>
      </object_component>
      <object_component id="oc-1e1">
         <name>.text.TimerPrescaleSet</name>
         <load_address>0x2000e9e4</load_address>
         <readonly>true</readonly>
         <executable>true</executable>
         <run_address>0x2000e9e4</run_address>
         <size>0x30</size>
         <alignment>0x2</alignment>
         <input_file_ref idref="fl-2a"/>
      </object_component>
      <object_component id="oc-1fe">
         <name>.text.notify</name>
         <load_address>0x2000ea14</load_address>
         <readonly>true</readonly>
         <executable>true</executable>
         <run_address>0x2000ea14</run_address>
         <size>0x30</size>
         <alignment>0x4</alignment>
         <input_file_ref idref="fl-16"/>
      </object_component>
      <object_component id="oc-1ab">
         <name>.text.GPIOIntStatus</name>
         <load_address>0x2000ea44</load_address>
         <readonly>true</readonly>
         <executable>true</executable>
         <run_address>0x2000ea44</run_address>
         <size>0x2e</size>
         <alignment>0x2</alignment>
         <input_file_ref idref="fl-23"/>
      </object_component>
      <object_component id="oc-155">
         <name>.text.HwiP_create</name>
         <load_address>0x2000ea72</load_address>
         <readonly>true</readonly>
         <executable>true</executable>
         <run_address>0x2000ea72</run_address>
         <size>0x2a</size>
         <alignment>0x2</alignment>
         <input_file_ref idref="fl-1e"/>
      </object_component>
      <object_component id="oc-16d">
         <name>.text.PRCMLPDSWakeUpGPIOSelect</name>
         <load_address>0x2000ea9c</load_address>
         <readonly>true</readonly>
         <executable>true</executable>
         <run_address>0x2000ea9c</run_address>
         <size>0x2a</size>
         <alignment>0x2</alignment>
         <input_file_ref idref="fl-27"/>
      </object_component>
      <object_component id="oc-112">
         <name>.text.PRCMPeripheralClkDisable</name>
         <load_address>0x2000eac6</load_address>
         <readonly>true</readonly>
         <executable>true</executable>
         <run_address>0x2000eac6</run_address>
         <size>0x2a</size>
         <alignment>0x2</alignment>
         <input_file_ref idref="fl-27"/>
      </object_component>
      <object_component id="oc-213">
         <name>.text.List_remove</name>
         <load_address>0x2000eaf0</load_address>
         <readonly>true</readonly>
         <executable>true</executable>
         <run_address>0x2000eaf0</run_address>
         <size>0x28</size>
         <alignment>0x2</alignment>
         <input_file_ref idref="fl-1a"/>
      </object_component>
      <object_component id="oc-1ff">
         <name>.text.PRCMSRAMRetentionEnable</name>
         <load_address>0x2000eb18</load_address>
         <readonly>true</readonly>
         <executable>true</executable>
         <run_address>0x2000eb18</run_address>
         <size>0x28</size>
         <alignment>0x2</alignment>
         <input_file_ref idref="fl-27"/>
      </object_component>
      <object_component id="oc-212">
         <name>.text.TimerSupport_timerDisable</name>
         <load_address>0x2000eb40</load_address>
         <readonly>true</readonly>
         <executable>true</executable>
         <run_address>0x2000eb40</run_address>
         <size>0x28</size>
         <alignment>0x2</alignment>
         <input_file_ref idref="fl-19"/>
      </object_component>
      <object_component id="oc-1d0">
         <name>.text.free_list_insert</name>
         <load_address>0x2000eb68</load_address>
         <readonly>true</readonly>
         <executable>true</executable>
         <run_address>0x2000eb68</run_address>
         <size>0x28</size>
         <alignment>0x4</alignment>
         <input_file_ref idref="fl-39"/>
      </object_component>
      <object_component id="oc-234">
         <name>.text.IntUnregister</name>
         <load_address>0x2000eb90</load_address>
         <readonly>true</readonly>
         <executable>true</executable>
         <run_address>0x2000eb90</run_address>
         <size>0x24</size>
         <alignment>0x2</alignment>
         <input_file_ref idref="fl-25"/>
      </object_component>
      <object_component id="oc-185">
         <name>.text.List_put</name>
         <load_address>0x2000ebb4</load_address>
         <readonly>true</readonly>
         <executable>true</executable>
         <run_address>0x2000ebb4</run_address>
         <size>0x24</size>
         <alignment>0x2</alignment>
         <input_file_ref idref="fl-1a"/>
      </object_component>
      <object_component id="oc-16b">
         <name>.text.PRCMLPDSWakeupSourceEnable</name>
         <load_address>0x2000ebd8</load_address>
         <readonly>true</readonly>
         <executable>true</executable>
         <run_address>0x2000ebd8</run_address>
         <size>0x24</size>
         <alignment>0x2</alignment>
         <input_file_ref idref="fl-27"/>
      </object_component>
      <object_component id="oc-20a">
         <name>.text.PowerCC32XX_restoreParkedPin</name>
         <load_address>0x2000ebfc</load_address>
         <readonly>true</readonly>
         <executable>true</executable>
         <run_address>0x2000ebfc</run_address>
         <size>0x24</size>
         <alignment>0x2</alignment>
         <input_file_ref idref="fl-16"/>
      </object_component>
      <object_component id="oc-12b">
         <name>.text.Power_registerNotify</name>
         <load_address>0x2000ec20</load_address>
         <readonly>true</readonly>
         <executable>true</executable>
         <run_address>0x2000ec20</run_address>
         <size>0x24</size>
         <alignment>0x4</alignment>
         <input_file_ref idref="fl-16"/>
      </object_component>
      <object_component id="oc-76">
         <name>.text:_c_int00_noargs</name>
         <load_address>0x2000ec44</load_address>
         <readonly>true</readonly>
         <executable>true</executable>
         <run_address>0x2000ec44</run_address>
         <size>0x24</size>
         <alignment>0x4</alignment>
         <input_file_ref idref="fl-3a"/>
      </object_component>
      <object_component id="oc-138">
         <name>.text.GPIOPinWrite</name>
         <load_address>0x2000ec68</load_address>
         <readonly>true</readonly>
         <executable>true</executable>
         <run_address>0x2000ec68</run_address>
         <size>0x22</size>
         <alignment>0x2</alignment>
         <input_file_ref idref="fl-23"/>
      </object_component>
      <object_component id="oc-209">
         <name>.text.PinUnlock</name>
         <load_address>0x2000ec8a</load_address>
         <readonly>true</readonly>
         <executable>true</executable>
         <run_address>0x2000ec8a</run_address>
         <size>0x22</size>
         <alignment>0x2</alignment>
         <input_file_ref idref="fl-26"/>
      </object_component>
      <object_component id="oc-1eb">
         <name>.text.IntRegister</name>
         <load_address>0x2000ecac</load_address>
         <readonly>true</readonly>
         <executable>true</executable>
         <run_address>0x2000ecac</run_address>
         <size>0x20</size>
         <alignment>0x2</alignment>
         <input_file_ref idref="fl-25"/>
      </object_component>
      <object_component id="oc-1d7">
         <name>.text.Power_unregisterNotify</name>
         <load_address>0x2000eccc</load_address>
         <readonly>true</readonly>
         <executable>true</executable>
         <run_address>0x2000eccc</run_address>
         <size>0x20</size>
         <alignment>0x4</alignment>
         <input_file_ref idref="fl-16"/>
      </object_component>
      <object_component id="oc-198">
         <name>.text.SemaphoreP_constructBinary</name>
         <load_address>0x2000ecec</load_address>
         <readonly>true</readonly>
         <executable>true</executable>
         <run_address>0x2000ecec</run_address>
         <size>0x20</size>
         <alignment>0x4</alignment>
         <input_file_ref idref="fl-1c"/>
      </object_component>
      <object_component id="oc-121">
         <name>.text.SemaphoreP_createBinary</name>
         <load_address>0x2000ed0c</load_address>
         <readonly>true</readonly>
         <executable>true</executable>
         <run_address>0x2000ed0c</run_address>
         <size>0x20</size>
         <alignment>0x4</alignment>
         <input_file_ref idref="fl-1c"/>
      </object_component>
      <object_component id="oc-1dc">
         <name>.text.TimerDisable</name>
         <load_address>0x2000ed2c</load_address>
         <readonly>true</readonly>
         <executable>true</executable>
         <run_address>0x2000ed2c</run_address>
         <size>0x20</size>
         <alignment>0x2</alignment>
         <input_file_ref idref="fl-2a"/>
      </object_component>
      <object_component id="oc-ee">
         <name>.text.GPIO_setCallback</name>
         <load_address>0x2000ed4c</load_address>
         <readonly>true</readonly>
         <executable>true</executable>
         <run_address>0x2000ed4c</run_address>
         <size>0x1c</size>
         <alignment>0x4</alignment>
         <input_file_ref idref="fl-14"/>
      </object_component>
      <object_component id="oc-1f0">
         <name>.text.HwiP_dispatch</name>
         <load_address>0x2000ed68</load_address>
         <readonly>true</readonly>
         <executable>true</executable>
         <run_address>0x2000ed68</run_address>
         <size>0x1c</size>
         <alignment>0x4</alignment>
         <input_file_ref idref="fl-1e"/>
      </object_component>
      <object_component id="oc-1af">
         <name>.text.SwiP_disable</name>
         <load_address>0x2000ed84</load_address>
         <readonly>true</readonly>
         <executable>true</executable>
         <run_address>0x2000ed84</run_address>
         <size>0x1c</size>
         <alignment>0x4</alignment>
         <input_file_ref idref="fl-21"/>
      </object_component>
      <object_component id="oc-1cf">
         <name>.text.free_list_remove</name>
         <load_address>0x2000eda0</load_address>
         <readonly>true</readonly>
         <executable>true</executable>
         <run_address>0x2000eda0</run_address>
         <size>0x1c</size>
         <alignment>0x4</alignment>
         <input_file_ref idref="fl-39"/>
      </object_component>
      <object_component id="oc-1d4">
         <name>.text.getPowerMgrId</name>
         <load_address>0x2000edbc</load_address>
         <readonly>true</readonly>
         <executable>true</executable>
         <run_address>0x2000edbc</run_address>
         <size>0x1c</size>
         <alignment>0x4</alignment>
         <input_file_ref idref="fl-19"/>
      </object_component>
      <object_component id="oc-21">
         <name>.text.resetISR</name>
         <load_address>0x2000edd8</load_address>
         <readonly>true</readonly>
         <executable>true</executable>
         <run_address>0x2000edd8</run_address>
         <size>0x1c</size>
         <alignment>0x2</alignment>
         <input_file_ref idref="fl-20"/>
      </object_component>
      <object_component id="oc-1f1">
         <name>.text.GPIOIntDisable</name>
         <load_address>0x2000edf4</load_address>
         <readonly>true</readonly>
         <executable>true</executable>
         <run_address>0x2000edf4</run_address>
         <size>0x1a</size>
         <alignment>0x2</alignment>
         <input_file_ref idref="fl-23"/>
      </object_component>
      <object_component id="oc-10f">
         <name>.text.PRCMHIBRegRead</name>
         <load_address>0x2000ee0e</load_address>
         <readonly>true</readonly>
         <executable>true</executable>
         <run_address>0x2000ee0e</run_address>
         <size>0x1a</size>
         <alignment>0x2</alignment>
         <input_file_ref idref="fl-27"/>
      </object_component>
      <object_component id="oc-10e">
         <name>.text.PRCMHIBRegWrite</name>
         <load_address>0x2000ee28</load_address>
         <readonly>true</readonly>
         <executable>true</executable>
         <run_address>0x2000ee28</run_address>
         <size>0x1a</size>
         <alignment>0x2</alignment>
         <input_file_ref idref="fl-27"/>
      </object_component>
      <object_component id="oc-16c">
         <name>.text.PRCMLPDSWakeupSourceDisable</name>
         <load_address>0x2000ee42</load_address>
         <readonly>true</readonly>
         <executable>true</executable>
         <run_address>0x2000ee42</run_address>
         <size>0x1a</size>
         <alignment>0x2</alignment>
         <input_file_ref idref="fl-27"/>
      </object_component>
      <object_component id="oc-202">
         <name>.text.PinToPadGet</name>
         <load_address>0x2000ee5c</load_address>
         <readonly>true</readonly>
         <executable>true</executable>
         <run_address>0x2000ee5c</run_address>
         <size>0x1a</size>
         <alignment>0x2</alignment>
         <input_file_ref idref="fl-26"/>
      </object_component>
      <object_component id="oc-1e9">
         <name>.text.TimerEnable</name>
         <load_address>0x2000ee76</load_address>
         <readonly>true</readonly>
         <executable>true</executable>
         <run_address>0x2000ee76</run_address>
         <size>0x1a</size>
         <alignment>0x2</alignment>
         <input_file_ref idref="fl-2a"/>
      </object_component>
      <object_component id="oc-141">
         <name>.text.GPIOIntEnable</name>
         <load_address>0x2000ee90</load_address>
         <readonly>true</readonly>
         <executable>true</executable>
         <run_address>0x2000ee90</run_address>
         <size>0x18</size>
         <alignment>0x2</alignment>
         <input_file_ref idref="fl-23"/>
      </object_component>
      <object_component id="oc-1ac">
         <name>.text.GPIOPinRead</name>
         <load_address>0x2000eea8</load_address>
         <readonly>true</readonly>
         <executable>true</executable>
         <run_address>0x2000eea8</run_address>
         <size>0x18</size>
         <alignment>0x2</alignment>
         <input_file_ref idref="fl-23"/>
      </object_component>
      <object_component id="oc-179">
         <name>.text.SemaphoreP_create</name>
         <load_address>0x2000eec0</load_address>
         <readonly>true</readonly>
         <executable>true</executable>
         <run_address>0x2000eec0</run_address>
         <size>0x18</size>
         <alignment>0x2</alignment>
         <input_file_ref idref="fl-1c"/>
      </object_component>
      <object_component id="oc-a6">
         <name>.text.Board_init</name>
         <load_address>0x2000eed8</load_address>
         <readonly>true</readonly>
         <executable>true</executable>
         <run_address>0x2000eed8</run_address>
         <size>0x16</size>
         <alignment>0x2</alignment>
         <input_file_ref idref="fl-2"/>
      </object_component>
      <object_component id="oc-1c6">
         <name>.text.SysTickPeriodSet</name>
         <load_address>0x2000eeee</load_address>
         <readonly>true</readonly>
         <executable>true</executable>
         <run_address>0x2000eeee</run_address>
         <size>0x16</size>
         <alignment>0x2</alignment>
         <input_file_ref idref="fl-29"/>
      </object_component>
      <object_component id="oc-230">
         <name>.text.TimerIntDisable</name>
         <load_address>0x2000ef04</load_address>
         <readonly>true</readonly>
         <executable>true</executable>
         <run_address>0x2000ef04</run_address>
         <size>0x16</size>
         <alignment>0x2</alignment>
         <input_file_ref idref="fl-2a"/>
      </object_component>
      <object_component id="oc-6c">
         <name>.text.CPUcpsid</name>
         <load_address>0x2000ef1a</load_address>
         <readonly>true</readonly>
         <executable>true</executable>
         <run_address>0x2000ef1a</run_address>
         <size>0x14</size>
         <alignment>0x2</alignment>
         <input_file_ref idref="fl-22"/>
      </object_component>
      <object_component id="oc-191">
         <name>.text.CPUcpsie</name>
         <load_address>0x2000ef2e</load_address>
         <readonly>true</readonly>
         <executable>true</executable>
         <run_address>0x2000ef2e</run_address>
         <size>0x14</size>
         <alignment>0x2</alignment>
         <input_file_ref idref="fl-22"/>
      </object_component>
      <object_component id="oc-215">
         <name>.text.HwiP_destruct</name>
         <load_address>0x2000ef42</load_address>
         <readonly>true</readonly>
         <executable>true</executable>
         <run_address>0x2000ef42</run_address>
         <size>0x14</size>
         <alignment>0x2</alignment>
         <input_file_ref idref="fl-1e"/>
      </object_component>
      <object_component id="oc-73">
         <name>.text.IntVTableBaseSet</name>
         <load_address>0x2000ef56</load_address>
         <readonly>true</readonly>
         <executable>true</executable>
         <run_address>0x2000ef56</run_address>
         <size>0x14</size>
         <alignment>0x2</alignment>
         <input_file_ref idref="fl-25"/>
      </object_component>
      <object_component id="oc-54">
         <name>.text.nmiISR</name>
         <load_address>0x2000ef6a</load_address>
         <readonly>true</readonly>
         <executable>true</executable>
         <run_address>0x2000ef6a</run_address>
         <size>0x2</size>
         <alignment>0x2</alignment>
         <input_file_ref idref="fl-20"/>
      </object_component>
      <object_component id="oc-18c">
         <name>.text.Power_disablePolicy</name>
         <load_address>0x2000ef6c</load_address>
         <readonly>true</readonly>
         <executable>true</executable>
         <run_address>0x2000ef6c</run_address>
         <size>0x14</size>
         <alignment>0x4</alignment>
         <input_file_ref idref="fl-16"/>
      </object_component>
      <object_component id="oc-1b7">
         <name>.text.Power_getTransitionLatency</name>
         <load_address>0x2000ef80</load_address>
         <readonly>true</readonly>
         <executable>true</executable>
         <run_address>0x2000ef80</run_address>
         <size>0x14</size>
         <alignment>0x4</alignment>
         <input_file_ref idref="fl-16"/>
      </object_component>
      <object_component id="oc-1ce">
         <name>.text.Power_idleFunc</name>
         <load_address>0x2000ef94</load_address>
         <readonly>true</readonly>
         <executable>true</executable>
         <run_address>0x2000ef94</run_address>
         <size>0x14</size>
         <alignment>0x4</alignment>
         <input_file_ref idref="fl-16"/>
      </object_component>
      <object_component id="oc-1e7">
         <name>.text.TimerIntEnable</name>
         <load_address>0x2000efa8</load_address>
         <readonly>true</readonly>
         <executable>true</executable>
         <run_address>0x2000efa8</run_address>
         <size>0x14</size>
         <alignment>0x2</alignment>
         <input_file_ref idref="fl-2a"/>
      </object_component>
      <object_component id="oc-1ba">
         <name>.text.__aeabi_uldivmod</name>
         <load_address>0x2000efbc</load_address>
         <readonly>true</readonly>
         <executable>true</executable>
         <run_address>0x2000efbc</run_address>
         <size>0x14</size>
         <alignment>0x4</alignment>
         <input_file_ref idref="fl-aa"/>
      </object_component>
      <object_component id="oc-17f">
         <name>.text.ClockP_add</name>
         <load_address>0x2000efd0</load_address>
         <readonly>true</readonly>
         <executable>true</executable>
         <run_address>0x2000efd0</run_address>
         <size>0x12</size>
         <alignment>0x2</alignment>
         <input_file_ref idref="fl-1d"/>
      </object_component>
      <object_component id="oc-1aa">
         <name>.text.GPIOIntClear</name>
         <load_address>0x2000efe2</load_address>
         <readonly>true</readonly>
         <executable>true</executable>
         <run_address>0x2000efe2</run_address>
         <size>0x12</size>
         <alignment>0x2</alignment>
         <input_file_ref idref="fl-23"/>
      </object_component>
      <object_component id="oc-154">
         <name>.text.HwiP_Params_init</name>
         <load_address>0x2000eff4</load_address>
         <readonly>true</readonly>
         <executable>true</executable>
         <run_address>0x2000eff4</run_address>
         <size>0x12</size>
         <alignment>0x2</alignment>
         <input_file_ref idref="fl-1e"/>
      </object_component>
      <object_component id="oc-1d9">
         <name>.text.HwiP_delete</name>
         <load_address>0x2000f006</load_address>
         <readonly>true</readonly>
         <executable>true</executable>
         <run_address>0x2000f006</run_address>
         <size>0x12</size>
         <alignment>0x2</alignment>
         <input_file_ref idref="fl-1e"/>
      </object_component>
      <object_component id="oc-1c7">
         <name>.text.SysTickEnable</name>
         <load_address>0x2000f018</load_address>
         <readonly>true</readonly>
         <executable>true</executable>
         <run_address>0x2000f018</run_address>
         <size>0x12</size>
         <alignment>0x2</alignment>
         <input_file_ref idref="fl-29"/>
      </object_component>
      <object_component id="oc-1be">
         <name>.text.SysTickIntDisable</name>
         <load_address>0x2000f02a</load_address>
         <readonly>true</readonly>
         <executable>true</executable>
         <run_address>0x2000f02a</run_address>
         <size>0x12</size>
         <alignment>0x2</alignment>
         <input_file_ref idref="fl-29"/>
      </object_component>
      <object_component id="oc-1c8">
         <name>.text.SysTickIntEnable</name>
         <load_address>0x2000f03c</load_address>
         <readonly>true</readonly>
         <executable>true</executable>
         <run_address>0x2000f03c</run_address>
         <size>0x12</size>
         <alignment>0x2</alignment>
         <input_file_ref idref="fl-29"/>
      </object_component>
      <object_component id="oc-81">
         <name>.text:TI_memcpy_small</name>
         <load_address>0x2000f04e</load_address>
         <readonly>true</readonly>
         <executable>true</executable>
         <run_address>0x2000f04e</run_address>
         <size>0x12</size>
         <alignment>0x1</alignment>
         <input_file_ref idref="fl-ad"/>
      </object_component>
      <object_component id="oc-43">
         <name>.text:decompress:ZI:__TI_zero_init_nomemset</name>
         <load_address>0x2000f060</load_address>
         <readonly>true</readonly>
         <executable>true</executable>
         <run_address>0x2000f060</run_address>
         <size>0x12</size>
         <alignment>0x2</alignment>
         <input_file_ref idref="fl-3f"/>
      </object_component>
      <object_component id="oc-199">
         <name>.text.ClockP_getCpuFreq</name>
         <load_address>0x2000f074</load_address>
         <readonly>true</readonly>
         <executable>true</executable>
         <run_address>0x2000f074</run_address>
         <size>0x10</size>
         <alignment>0x4</alignment>
         <input_file_ref idref="fl-1d"/>
      </object_component>
      <object_component id="oc-1b8">
         <name>.text.ClockP_getSystemTicks</name>
         <load_address>0x2000f084</load_address>
         <readonly>true</readonly>
         <executable>true</executable>
         <run_address>0x2000f084</run_address>
         <size>0x10</size>
         <alignment>0x4</alignment>
         <input_file_ref idref="fl-1d"/>
      </object_component>
      <object_component id="oc-1c5">
         <name>.text.ClockP_setTicks</name>
         <load_address>0x2000f094</load_address>
         <readonly>true</readonly>
         <executable>true</executable>
         <run_address>0x2000f094</run_address>
         <size>0x10</size>
         <alignment>0x4</alignment>
         <input_file_ref idref="fl-1d"/>
      </object_component>
      <object_component id="oc-18b">
         <name>.text.HwiP_inISR</name>
         <load_address>0x2000f0a4</load_address>
         <readonly>true</readonly>
         <executable>true</executable>
         <run_address>0x2000f0a4</run_address>
         <size>0x10</size>
         <alignment>0x4</alignment>
         <input_file_ref idref="fl-1e"/>
      </object_component>
      <object_component id="oc-182">
         <name>.text.Power_enablePolicy</name>
         <load_address>0x2000f0b4</load_address>
         <readonly>true</readonly>
         <executable>true</executable>
         <run_address>0x2000f0b4</run_address>
         <size>0x10</size>
         <alignment>0x4</alignment>
         <input_file_ref idref="fl-16"/>
      </object_component>
      <object_component id="oc-1e6">
         <name>.text.TimerIntClear</name>
         <load_address>0x2000f0c4</load_address>
         <readonly>true</readonly>
         <executable>true</executable>
         <run_address>0x2000f0c4</run_address>
         <size>0x10</size>
         <alignment>0x2</alignment>
         <input_file_ref idref="fl-2a"/>
      </object_component>
      <object_component id="oc-147">
         <name>.text.Timer_Params_init</name>
         <load_address>0x2000f0d4</load_address>
         <readonly>true</readonly>
         <executable>true</executable>
         <run_address>0x2000f0d4</run_address>
         <size>0x10</size>
         <alignment>0x4</alignment>
         <input_file_ref idref="fl-18"/>
      </object_component>
      <object_component id="oc-8f">
         <name>.text.main</name>
         <load_address>0x2000f0e4</load_address>
         <readonly>true</readonly>
         <executable>true</executable>
         <run_address>0x2000f0e4</run_address>
         <size>0x10</size>
         <alignment>0x2</alignment>
         <input_file_ref idref="fl-3"/>
      </object_component>
      <object_component id="oc-1c">
         <name>.text:decompress:none</name>
         <load_address>0x2000f0f4</load_address>
         <readonly>true</readonly>
         <executable>true</executable>
         <run_address>0x2000f0f4</run_address>
         <size>0xe</size>
         <alignment>0x2</alignment>
         <input_file_ref idref="fl-40"/>
      </object_component>
      <object_component id="oc-20f">
         <name>.text.CPUwfi</name>
         <load_address>0x2000f102</load_address>
         <readonly>true</readonly>
         <executable>true</executable>
         <run_address>0x2000f102</run_address>
         <size>0xc</size>
         <alignment>0x2</alignment>
         <input_file_ref idref="fl-22"/>
      </object_component>
      <object_component id="oc-20b">
         <name>.text.PRCMLPDSWakeupCauseGet</name>
         <load_address>0x2000f10e</load_address>
         <readonly>true</readonly>
         <executable>true</executable>
         <run_address>0x2000f10e</run_address>
         <size>0xc</size>
         <alignment>0x2</alignment>
         <input_file_ref idref="fl-27"/>
      </object_component>
      <object_component id="oc-1b5">
         <name>.text.Power_getConstraintMask</name>
         <load_address>0x2000f11c</load_address>
         <readonly>true</readonly>
         <executable>true</executable>
         <run_address>0x2000f11c</run_address>
         <size>0xc</size>
         <alignment>0x4</alignment>
         <input_file_ref idref="fl-16"/>
      </object_component>
      <object_component id="oc-1a0">
         <name>.text.postNotifyFxn</name>
         <load_address>0x2000f128</load_address>
         <readonly>true</readonly>
         <executable>true</executable>
         <run_address>0x2000f128</run_address>
         <size>0xc</size>
         <alignment>0x2</alignment>
         <input_file_ref idref="fl-19"/>
      </object_component>
      <object_component id="oc-150">
         <name>.text.timerCallback</name>
         <load_address>0x2000f134</load_address>
         <readonly>true</readonly>
         <executable>true</executable>
         <run_address>0x2000f134</run_address>
         <size>0xc</size>
         <alignment>0x4</alignment>
         <input_file_ref idref="fl-1"/>
      </object_component>
      <object_component id="oc-181">
         <name>.text.ClockP_isActive</name>
         <load_address>0x2000f140</load_address>
         <readonly>true</readonly>
         <executable>true</executable>
         <run_address>0x2000f140</run_address>
         <size>0xa</size>
         <alignment>0x2</alignment>
         <input_file_ref idref="fl-1d"/>
      </object_component>
      <object_component id="oc-4a">
         <name>.text.IntMasterDisable</name>
         <load_address>0x2000f14a</load_address>
         <readonly>true</readonly>
         <executable>true</executable>
         <run_address>0x2000f14a</run_address>
         <size>0xa</size>
         <alignment>0x2</alignment>
         <input_file_ref idref="fl-25"/>
      </object_component>
      <object_component id="oc-134">
         <name>.text.IntMasterEnable</name>
         <load_address>0x2000f154</load_address>
         <readonly>true</readonly>
         <executable>true</executable>
         <run_address>0x2000f154</run_address>
         <size>0xa</size>
         <alignment>0x2</alignment>
         <input_file_ref idref="fl-25"/>
      </object_component>
      <object_component id="oc-128">
         <name>.text.HwiP_restore</name>
         <load_address>0x2000f15e</load_address>
         <readonly>true</readonly>
         <executable>true</executable>
         <run_address>0x2000f15e</run_address>
         <size>0x8</size>
         <alignment>0x2</alignment>
         <input_file_ref idref="fl-1e"/>
      </object_component>
      <object_component id="oc-1c9">
         <name>.text.PRCMSleepEnter</name>
         <load_address>0x2000f166</load_address>
         <readonly>true</readonly>
         <executable>true</executable>
         <run_address>0x2000f166</run_address>
         <size>0x8</size>
         <alignment>0x2</alignment>
         <input_file_ref idref="fl-27"/>
      </object_component>
      <object_component id="oc-10a">
         <name>.text.UtilsDelay</name>
         <load_address>0x2000f16e</load_address>
         <readonly>true</readonly>
         <executable>true</executable>
[...]
         <object_component_ref idref="oc-183"/>
      </symbol>
      <symbol id="sm-1d3">
         <name>ClockP_doTick</name>
         <value>0x2000f18b</value>
         <object_component_ref idref="oc-1cb"/>
      </symbol>
      <symbol id="sm-1d4">
         <name>ClockP_getCpuFreq</name>
         <value>0x2000f075</value>
         <object_component_ref idref="oc-199"/>
      </symbol>
      <symbol id="sm-1d5">
         <name>ClockP_getSystemTicks</name>
         <value>0x2000f085</value>
         <object_component_ref idref="oc-1b8"/>
      </symbol>
      <symbol id="sm-1d6">
         <name>ClockP_getTicksUntilInterrupt</name>
         <value>0x2000e925</value>
         <object_component_ref idref="oc-1b6"/>
      </symbol>
      <symbol id="sm-1d7">
         <name>ClockP_isActive</name>
         <value>0x2000f141</value>
         <object_component_ref idref="oc-181"/>
      </symbol>
      <symbol id="sm-1d8">
         <name>ClockP_setTicks</name>
         <value>0x2000f095</value>
         <object_component_ref idref="oc-1c5"/>
      </symbol>
      <symbol id="sm-1d9">
         <name>ClockP_tickPeriod</name>
         <value>0x2000f824</value>
         <object_component_ref idref="oc-1cc"/>
      </symbol>
      <symbol id="sm-1fe">
         <name>HwiP_enable</name>
         <value>0x2000f193</value>
         <object_component_ref idref="oc-e5"/>
      </symbol>
      <symbol id="sm-1ff">
         <name>HwiP_disable</name>
         <value>0x2000d439</value>
         <object_component_ref idref="oc-127"/>
      </symbol>
      <symbol id="sm-200">
         <name>HwiP_restore</name>
         <value>0x2000f15f</value>
         <object_component_ref idref="oc-128"/>
      </symbol>
      <symbol id="sm-201">
         <name>HwiP_clearInterrupt</name>
         <value>0x2000f18f</value>
         <object_component_ref idref="oc-1d8"/>
      </symbol>
      <symbol id="sm-202">
         <name>HwiP_destruct</name>
         <value>0x2000ef43</value>
         <object_component_ref idref="oc-215"/>
      </symbol>
      <symbol id="sm-203">
         <name>HwiP_delete</name>
         <value>0x2000f007</value>
         <object_component_ref idref="oc-1d9"/>
      </symbol>
      <symbol id="sm-204">
         <name>HwiP_dispatch</name>
         <value>0x2000ed69</value>
         <object_component_ref idref="oc-1f0"/>
      </symbol>
      <symbol id="sm-205">
         <name>HwiP_construct</name>
         <value>0x2000d6f9</value>
         <object_component_ref idref="oc-1a7"/>
      </symbol>
      <symbol id="sm-206">
         <name>HwiP_swiPIntNum</name>
         <value>0x2000f828</value>
         <object_component_ref idref="oc-1ee"/>
      </symbol>
      <symbol id="sm-207">
         <name>HwiP_Params_init</name>
         <value>0x2000eff5</value>
         <object_component_ref idref="oc-154"/>
      </symbol>
      <symbol id="sm-208">
         <name>HwiP_create</name>
         <value>0x2000ea73</value>
         <object_component_ref idref="oc-155"/>
      </symbol>
      <symbol id="sm-209">
         <name>HwiP_post</name>
         <value>0x2000f197</value>
         <object_component_ref idref="oc-210"/>
      </symbol>
      <symbol id="sm-20a">
         <name>HwiP_inISR</name>
         <value>0x2000f0a5</value>
         <object_component_ref idref="oc-18b"/>
      </symbol>
      <symbol id="sm-21a">
         <name>PowerCC32XX_initPolicy</name>
         <value>0x2000d4d7</value>
         <object_component_ref idref="oc-171"/>
      </symbol>
      <symbol id="sm-21b">
         <name>PowerCC32XX_sleepPolicy</name>
         <value>0x2000c8dd</value>
         <object_component_ref idref="oc-176"/>
      </symbol>
      <symbol id="sm-238">
         <name>resetISR</name>
         <value>0x2000edd9</value>
         <object_component_ref idref="oc-21"/>
      </symbol>
      <symbol id="sm-239">
         <name>initVectors</name>
         <value>0x2000e8f1</value>
         <object_component_ref idref="oc-4f"/>
      </symbol>
      <symbol id="sm-24e">
         <name>SwiP_disable</name>
         <value>0x2000ed85</value>
         <object_component_ref idref="oc-1af"/>
      </symbol>
      <symbol id="sm-24f">
         <name>SwiP_restore</name>
         <value>0x2000e711</value>
         <object_component_ref idref="oc-1ca"/>
      </symbol>
      <symbol id="sm-266">
         <name>CPUcpsid</name>
         <value>0x2000ef1b</value>
         <object_component_ref idref="oc-6c"/>
      </symbol>
      <symbol id="sm-267">
         <name>CPUcpsie</name>
         <value>0x2000ef2f</value>
         <object_component_ref idref="oc-191"/>
      </symbol>
      <symbol id="sm-268">
         <name>CPUwfi</name>
         <value>0x2000f103</value>
         <object_component_ref idref="oc-20f"/>
      </symbol>
      <symbol id="sm-2a3">
         <name>GPIODirModeSet</name>
         <value>0x2000e28b</value>
         <object_component_ref idref="oc-156"/>
      </symbol>
      <symbol id="sm-2a4">
         <name>GPIOIntClear</name>
         <value>0x2000efe3</value>
         <object_component_ref idref="oc-1aa"/>
      </symbol>
      <symbol id="sm-2a5">
         <name>GPIOIntDisable</name>
         <value>0x2000edf5</value>
         <object_component_ref idref="oc-1f1"/>
      </symbol>
      <symbol id="sm-2a6">
         <name>GPIOIntEnable</name>
         <value>0x2000ee91</value>
         <object_component_ref idref="oc-141"/>
      </symbol>
      <symbol id="sm-2a7">
         <name>GPIOIntStatus</name>
         <value>0x2000ea45</value>
         <object_component_ref idref="oc-1ab"/>
      </symbol>
      <symbol id="sm-2a8">
         <name>GPIOIntTypeSet</name>
         <value>0x2000d105</value>
         <object_component_ref idref="oc-1a8"/>
      </symbol>
      <symbol id="sm-2a9">
         <name>GPIOPinRead</name>
         <value>0x2000eea9</value>
         <object_component_ref idref="oc-1ac"/>
      </symbol>
      <symbol id="sm-2aa">
         <name>GPIOPinWrite</name>
         <value>0x2000ec69</value>
         <object_component_ref idref="oc-138"/>
      </symbol>
      <symbol id="sm-2fa">
         <name>IntDisable</name>
         <value>0x2000cec5</value>
         <object_component_ref idref="oc-233"/>
      </symbol>
      <symbol id="sm-2fb">
         <name>IntEnable</name>
         <value>0x2000cf8d</value>
         <object_component_ref idref="oc-1ed"/>
      </symbol>
      <symbol id="sm-2fc">
         <name>IntMasterDisable</name>
         <value>0x2000f14b</value>
         <object_component_ref idref="oc-4a"/>
      </symbol>
      <symbol id="sm-2fd">
         <name>IntMasterEnable</name>
         <value>0x2000f155</value>
         <object_component_ref idref="oc-134"/>
      </symbol>
      <symbol id="sm-2fe">
         <name>IntPendClear</name>
         <value>0x2000da6b</value>
         <object_component_ref idref="oc-214"/>
      </symbol>
      <symbol id="sm-2ff">
         <name>IntPendSet</name>
         <value>0x2000d259</value>
         <object_component_ref idref="oc-22f"/>
      </symbol>
      <symbol id="sm-300">
         <name>IntPrioritySet</name>
         <value>0x2000dd59</value>
         <object_component_ref idref="oc-1ec"/>
      </symbol>
      <symbol id="sm-301">
         <name>IntRegister</name>
         <value>0x2000ecad</value>
         <object_component_ref idref="oc-1eb"/>
      </symbol>
      <symbol id="sm-302">
         <name>IntUnregister</name>
         <value>0x2000eb91</value>
         <object_component_ref idref="oc-234"/>
      </symbol>
      <symbol id="sm-303">
         <name>IntVTableBaseSet</name>
         <value>0x2000ef57</value>
         <object_component_ref idref="oc-73"/>
      </symbol>
      <symbol id="sm-349">
         <name>PinConfigGet</name>
         <value>0x2000e1fd</value>
         <object_component_ref idref="oc-225"/>
      </symbol>
      <symbol id="sm-34a">
         <name>PinConfigSet</name>
         <value>0x2000d2fd</value>
         <object_component_ref idref="oc-152"/>
      </symbol>
      <symbol id="sm-34b">
         <name>PinDirModeGet</name>
         <value>0x2000e821</value>
         <object_component_ref idref="oc-226"/>
      </symbol>
      <symbol id="sm-34c">
         <name>PinDirModeSet</name>
         <value>0x2000e5ad</value>
         <object_component_ref idref="oc-227"/>
      </symbol>
      <symbol id="sm-34d">
         <name>PinLock</name>
         <value>0x2000e781</value>
         <object_component_ref idref="oc-203"/>
      </symbol>
      <symbol id="sm-34e">
         <name>PinLockLevelSet</name>
         <value>0x2000d851</value>
         <object_component_ref idref="oc-201"/>
      </symbol>
      <symbol id="sm-34f">
         <name>PinModeGet</name>
         <value>0x2000e855</value>
         <object_component_ref idref="oc-113"/>
      </symbol>
      <symbol id="sm-350">
         <name>PinModeSet</name>
         <value>0x2000e425</value>
         <object_component_ref idref="oc-118"/>
      </symbol>
      <symbol id="sm-351">
         <name>PinToPadGet</name>
         <value>0x2000ee5d</value>
         <object_component_ref idref="oc-202"/>
      </symbol>
      <symbol id="sm-352">
         <name>PinUnlock</name>
         <value>0x2000ec8b</value>
         <object_component_ref idref="oc-209"/>
      </symbol>
      <symbol id="sm-404">
         <name>PRCMCC3200MCUInit</name>
         <value>0x2000c041</value>
         <object_component_ref idref="oc-d2"/>
      </symbol>
      <symbol id="sm-405">
         <name>PRCMHIBRegRead</name>
         <value>0x2000ee0f</value>
         <object_component_ref idref="oc-10f"/>
      </symbol>
      <symbol id="sm-406">
         <name>PRCMHIBRegWrite</name>
         <value>0x2000ee29</value>
         <object_component_ref idref="oc-10e"/>
      </symbol>
      <symbol id="sm-407">
         <name>PRCMHibernateWakeUpGPIOSelect</name>
         <value>0x2000d76d</value>
         <object_component_ref idref="oc-16e"/>
      </symbol>
      <symbol id="sm-408">
         <name>PRCMHibernateWakeupSourceDisable</name>
         <value>0x2000db91</value>
         <object_component_ref idref="oc-170"/>
      </symbol>
      <symbol id="sm-409">
         <name>PRCMHibernateWakeupSourceEnable</name>
         <value>0x2000df55</value>
         <object_component_ref idref="oc-16f"/>
      </symbol>
      <symbol id="sm-40a">
         <name>PRCMIntEnable</name>
         <value>0x2000e16d</value>
         <object_component_ref idref="oc-208"/>
      </symbol>
      <symbol id="sm-40b">
         <name>PRCMLPDSEnter</name>
         <value>0x2000ddb1</value>
         <object_component_ref idref="oc-20e"/>
      </symbol>
      <symbol id="sm-40c">
         <name>PRCMLPDSEnterKeepDebugIf</name>
         <value>0x2000e245</value>
         <object_component_ref idref="oc-20d"/>
      </symbol>
      <symbol id="sm-40d">
         <name>PRCMLPDSIntervalSet</name>
         <value>0x2000e955</value>
         <object_component_ref idref="oc-1c3"/>
      </symbol>
      <symbol id="sm-40e">
         <name>PRCMLPDSRestoreInfoSet</name>
         <value>0x2000e041</value>
         <object_component_ref idref="oc-228"/>
      </symbol>
      <symbol id="sm-40f">
         <name>PRCMLPDSWakeUpGPIOSelect</name>
         <value>0x2000ea9d</value>
         <object_component_ref idref="oc-16d"/>
      </symbol>
      <symbol id="sm-410">
         <name>PRCMLPDSWakeupCauseGet</name>
         <value>0x2000f10f</value>
         <object_component_ref idref="oc-20b"/>
      </symbol>
      <symbol id="sm-411">
         <name>PRCMLPDSWakeupSourceDisable</name>
         <value>0x2000ee43</value>
         <object_component_ref idref="oc-16c"/>
      </symbol>
      <symbol id="sm-412">
         <name>PRCMLPDSWakeupSourceEnable</name>
         <value>0x2000ebd9</value>
         <object_component_ref idref="oc-16b"/>
      </symbol>
      <symbol id="sm-413">
         <name>PRCMPeripheralClkDisable</name>
         <value>0x2000eac7</value>
         <object_component_ref idref="oc-112"/>
      </symbol>
      <symbol id="sm-414">
         <name>PRCMPeripheralClkEnable</name>
         <value>0x2000dca5</value>
         <object_component_ref idref="oc-110"/>
      </symbol>
      <symbol id="sm-415">
         <name>PRCMPeripheralReset</name>
         <value>0x2000da01</value>
         <object_component_ref idref="oc-111"/>
      </symbol>
      <symbol id="sm-416">
         <name>PRCMPeripheralStatusGet</name>
         <value>0x2000e1b5</value>
         <object_component_ref idref="oc-1a5"/>
      </symbol>
      <symbol id="sm-417">
         <name>PRCMSRAMRetentionEnable</name>
         <value>0x2000eb19</value>
         <object_component_ref idref="oc-1ff"/>
      </symbol>
      <symbol id="sm-418">
         <name>PRCMSleepEnter</name>
         <value>0x2000f167</value>
         <object_component_ref idref="oc-1c9"/>
      </symbol>
      <symbol id="sm-419">
         <name>PRCMSlowClkCtrFastGet</name>
         <value>0x2000e985</value>
         <object_component_ref idref="oc-1f6"/>
      </symbol>
      <symbol id="sm-41a">
         <name>PRCMSysResetCauseGet</name>
         <value>0x2000d569</value>
         <object_component_ref idref="oc-109"/>
      </symbol>
      <symbol id="sm-438">
         <name>SysTickEnable</name>
         <value>0x2000f019</value>
         <object_component_ref idref="oc-1c7"/>
      </symbol>
      <symbol id="sm-439">
         <name>SysTickIntDisable</name>
         <value>0x2000f02b</value>
         <object_component_ref idref="oc-1be"/>
      </symbol>
      <symbol id="sm-43a">
         <name>SysTickIntEnable</name>
         <value>0x2000f03d</value>
         <object_component_ref idref="oc-1c8"/>
      </symbol>
      <symbol id="sm-43b">
         <name>SysTickPeriodSet</name>
         <value>0x2000eeef</value>
         <object_component_ref idref="oc-1c6"/>
      </symbol>
      <symbol id="sm-47a">
         <name>TimerControlStall</name>
         <value>0x2000e467</value>
         <object_component_ref idref="oc-1e3"/>
      </symbol>
      <symbol id="sm-47b">
         <name>TimerDisable</name>
         <value>0x2000ed2d</value>
         <object_component_ref idref="oc-1dc"/>
      </symbol>
      <symbol id="sm-47c">
         <name>TimerEnable</name>
         <value>0x2000ee77</value>
         <object_component_ref idref="oc-1e9"/>
      </symbol>
      <symbol id="sm-47d">
         <name>TimerIntClear</name>
         <value>0x2000f0c5</value>
         <object_component_ref idref="oc-1e6"/>
      </symbol>
      <symbol id="sm-47e">
         <name>TimerIntDisable</name>
         <value>0x2000ef05</value>
         <object_component_ref idref="oc-230"/>
      </symbol>
      <symbol id="sm-47f">
         <name>TimerIntEnable</name>
         <value>0x2000efa9</value>
         <object_component_ref idref="oc-1e7"/>
      </symbol>
      <symbol id="sm-480">
         <name>TimerLoadSet</name>
         <value>0x2000e9b5</value>
         <object_component_ref idref="oc-1e2"/>
      </symbol>
      <symbol id="sm-481">
         <name>TimerPrescaleSet</name>
         <value>0x2000e9e5</value>
         <object_component_ref idref="oc-1e1"/>
      </symbol>
      <symbol id="sm-48c">
         <name>UtilsDelay</name>
         <value>0x2000f16f</value>
         <object_component_ref idref="oc-10a"/>
      </symbol>
      <symbol id="sm-4b9">
         <name>FlashDisable</name>
         <value>0x2000db35</value>
         <object_component_ref idref="oc-22a"/>
      </symbol>
      <symbol id="sm-4d9">
         <name>malloc</name>
         <value>0x2000f177</value>
         <object_component_ref idref="oc-1a6"/>
      </symbol>
      <symbol id="sm-4da">
         <name>aligned_alloc</name>
         <value>0x2000ccb5</value>
         <object_component_ref idref="oc-1ea"/>
      </symbol>
      <symbol id="sm-4db">
         <name>free</name>
         <value>0x2000cdd5</value>
         <object_component_ref idref="oc-17d"/>
      </symbol>
      <symbol id="sm-4dc">
         <name>_sys_memory</name>
         <value>0x20004040</value>
         <object_component_ref idref="oc-31"/>
      </symbol>
      <symbol id="sm-4dd">
         <name>memalign</name>
         <value>0x2000ccb5</value>
         <object_component_ref idref="oc-1ea"/>
      </symbol>
      <symbol id="sm-4e8">
         <name>_c_int00_noargs</name>
         <value>0x2000ec45</value>
         <object_component_ref idref="oc-76"/>
      </symbol>
      <symbol id="sm-4e9">
         <name>__stack</name>
         <value>0x20003000</value>
         <object_component_ref idref="oc-16"/>
      </symbol>
      <symbol id="sm-4f5">
         <name>__TI_auto_init_nobinit_nopinit</name>
         <value>0x2000e749</value>
         <object_component_ref idref="oc-bf"/>
      </symbol>
      <symbol id="sm-4fd">
         <name>_system_pre_init</name>
         <value>0x2000f1ad</value>
         <object_component_ref idref="oc-8b"/>
      </symbol>
      <symbol id="sm-508">
         <name>__TI_zero_init_nomemset</name>
         <value>0x2000f061</value>
         <object_component_ref idref="oc-43"/>
      </symbol>
      <symbol id="sm-511">
         <name>__TI_decompress_none</name>
         <value>0x2000f0f5</value>
         <object_component_ref idref="oc-1c"/>
      </symbol>
      <symbol id="sm-51b">
         <name>__TI_decompress_lzss</name>
         <value>0x2000d7e1</value>
         <object_component_ref idref="oc-18"/>
      </symbol>
      <symbol id="sm-525">
         <name>abort</name>
         <value>0x2000f1b1</value>
         <object_component_ref idref="oc-b8"/>
      </symbol>
      <symbol id="sm-526">
         <name>C$$EXIT</name>
         <value>0x2000f1b0</value>
         <object_component_ref idref="oc-b8"/>
      </symbol>
      <symbol id="sm-52f">
         <name>_nop</name>
         <value>0x2000de07</value>
         <object_component_ref idref="oc-15c"/>
      </symbol>
      <symbol id="sm-530">
         <name>_lock</name>
         <value>0x2000f82c</value>
         <object_component_ref idref="oc-ff"/>
      </symbol>
      <symbol id="sm-531">
         <name>_unlock</name>
         <value>0x2000f830</value>
         <object_component_ref idref="oc-102"/>
      </symbol>
      <symbol id="sm-538">
         <name>__aeabi_memcpy</name>
         <value>0x2000f1a9</value>
         <object_component_ref idref="oc-3c"/>
      </symbol>
      <symbol id="sm-539">
         <name>__aeabi_memcpy4</name>
         <value>0x2000f1a9</value>
         <object_component_ref idref="oc-3c"/>
      </symbol>
      <symbol id="sm-53a">
         <name>__aeabi_memcpy8</name>
         <value>0x2000f1a9</value>
         <object_component_ref idref="oc-3c"/>
      </symbol>
      <symbol id="sm-540">
         <name>__aeabi_uldivmod</name>
         <value>0x2000efbd</value>
         <object_component_ref idref="oc-1ba"/>
      </symbol>
      <symbol id="sm-546">
         <name>__udivmoddi4</name>
         <value>0x2000d055</value>
         <object_component_ref idref="oc-1f7"/>
      </symbol>
      <symbol id="sm-550">
         <name>__aeabi_ldiv0</name>
         <value>0x2000dcff</value>
         <object_component_ref idref="oc-21e"/>
      </symbol>
      <symbol id="sm-558">
         <name>TI_memcpy_small</name>
         <value>0x2000f04f</value>
         <object_component_ref idref="oc-81"/>
      </symbol>
      <symbol id="sm-559">
         <name>__TI_static_base__</name>
         <value>0x2000ff5c</value>
      </symbol>
      <symbol id="sm-55c">
         <name>ITM_flush</name>
         <value>0x0</value>
      </symbol>
      <symbol id="sm-55d">
         <name>ITM_restore</name>
         <value>0x0</value>
      </symbol>
      <symbol id="sm-55e">
         <name>__mpu_init</name>
         <value>0x0</value>
      </symbol>
      <symbol id="sm-55f">
         <name>_system_post_cinit</name>
         <value>0x0</value>
      </symbol>
   </symbol_table>
   <title>Link successful</title>
</link_info>
