******************************************************************************
            TI ARM Clang Linker PC v3.2.0                      
******************************************************************************
>> Linked Sat Nov 25 16:51:53 2023

OUTPUT FILE NAME:   <gpiointerrupt_CC3220S_LAUNCHXL_nortos_ticlang.out>
ENTRY POINT SYMBOL: "resetISR"  address: 2000eda5


MEMORY CONFIGURATION

         name            origin    length      used     unused   attr    fill
----------------------  --------  ---------  --------  --------  ----  --------
  SRAM2                 20000000   00004000  0000130c  00002cf4  RW X
  SRAM                  20004000   0003c000  0000c01e  0002ffe2  RW X
  LOG_DATA              90000000   00040000  00000000  00040000  R   
  LOG_PTR               94000008   00040000  00000000  00040000  R   


SEGMENT ALLOCATION MAP

run origin  load origin   length   init length attrs members
----------  ----------- ---------- ----------- ----- -------
20003000    20003000    00001000   00000000    rw-
  20003000    20003000    00001000   00000000    rw- .stack
20004000    20004000    00000040   00000040    r--
  20004000    20004000    00000040   00000040    r-- .resetVecs
20004040    20004040    00008000   00000000    rw-
  20004040    20004040    00008000   00000000    rw- .sysmem
2000c040    2000c040    00003148   00003148    r-x
  2000c040    2000c040    00003148   00003148    r-x .text
2000f188    2000f188    00000681   00000000    rw-
  2000f188    2000f188    00000681   00000000    rw- .data
2000f80c    2000f80c    000003c4   000003c4    r--
  2000f80c    2000f80c    000003c4   000003c4    r-- .rodata
2000fbd0    2000fbd0    00000359   00000000    rw-
  2000fbd0    2000fbd0    00000359   00000000    rw- .bss
2000ff2c    2000ff2c    000000f8   000000f8    r--
  2000ff2c    2000ff2c    000000f8   000000f8    r-- .cinit


SECTION ALLOCATION MAP

 output                                  attributes/
section   page    origin      length       input sections
--------  ----  ----------  ----------   ----------------
.text      0    2000c040    00003148     
                  2000c040    000004b8     driverlib.a : prcm.obj (.text.PRCMCC3200MCUInit)
                  2000c4f8    000003e4     drivers_cc32xx.a : PowerCC32XX.c.obj (.text.Power_sleep)
                  2000c8dc    00000150     nortos_cc32xx.a : PowerCC32XX_nortos.c.obj (.text.PowerCC32XX_sleepPolicy)
                  2000ca2c    00000148     drivers_cc32xx.a : TimerCC32XX.c.obj (.text.Timer_open)
                  2000cb74    00000140                      : GPIOCC32XX.c.obj (.text.GPIO_setConfig)
                  2000ccb4    00000120     libc.a : memory.c.obj (.text.aligned_alloc)
                  2000cdd4    000000f0            : memory.c.obj (.text.free)
                  2000cec4    000000c8     driverlib.a : interrupt.obj (.text.IntDisable)
                  2000cf8c    000000c8                 : interrupt.obj (.text.IntEnable)
                  2000d054    000000b0     libclang_rt.builtins.a : udivmoddi4.S.obj (.text)
                  2000d104    000000ac     driverlib.a : gpio.obj (.text.GPIOIntTypeSet)
                  2000d1b0    000000a4                 : interrupt.obj (.text.IntPendSet)
                  2000d254    000000a2                 : pin.obj (.text.PinConfigSet)
                  2000d2f6    00000002     ti_drivers_config.o (.text.Board_initHook)
                  2000d2f8    00000098     nortos_cc32xx.a : SemaphoreP_nortos.c.obj (.text.SemaphoreP_pend)
                  2000d390    00000096     drivers_cc32xx.a : PowerCC32XX_ticlang.asm.obj (.text)
                  2000d426    00000002     nortos_cc32xx.a : PowerCC32XX_nortos.c.obj (.text.PowerCC32XX_initPolicy)
                  2000d428    00000090     drivers_cc32xx.a : GPIOCC32XX.c.obj (.text.GPIO_init)
                  2000d4b8    0000008e     driverlib.a : prcm.obj (.text.PRCMSysResetCauseGet)
                  2000d546    00000002     nortos_cc32xx.a : SemaphoreP_nortos.c.obj (.text.SemaphoreP_destruct)
                  2000d548    00000088     drivers_cc32xx.a : PowerCC32XX.c.obj (.text.PowerCC32XX_configureWakeup)
                  2000d5d0    0000007c     gpiointerrupt.o (.text.mainThread)
                  2000d64c    00000078     drivers_cc32xx.a : PowerCC32XX.c.obj (.text.Power_init)
                  2000d6c4    00000074     nortos_cc32xx.a : HwiPCC32XX_nortos.c.obj (.text.HwiP_construct)
                  2000d738    00000074     driverlib.a : prcm.obj (.text.PRCMHibernateWakeUpGPIOSelect)
                  2000d7ac    00000070     libc.a : copy_decompress_lzss.c.obj (.text:decompress:lzss)
                  2000d81c    0000006c     driverlib.a : pin.obj (.text.PinLockLevelSet)
                  2000d888    0000006c     drivers_cc32xx.a : PowerCC32XX.c.obj (.text.Power_setDependency)
                  2000d8f4    0000006c                      : GPIOCC32XX.c.obj (.text.powerNotifyFxn)
                  2000d960    0000006c     libc.a : memory.c.obj (.text.split)
                  2000d9cc    0000006a     driverlib.a : prcm.obj (.text.PRCMPeripheralReset)
                  2000da36    00000068                 : interrupt.obj (.text.IntPendClear)
                  2000da9e    00000002     drivers_cc32xx.a : Timer.c.obj (.text.Timer_init)
                  2000daa0    00000060                      : GPIOCC32XX.c.obj (.text.GPIO_write)
                  2000db00    0000005c     driverlib.a : flash.obj (.text.FlashDisable)
                  2000db5c    0000005c                 : prcm.obj (.text.PRCMHibernateWakeupSourceDisable)
                  2000dbb8    0000005c     gpiointerrupt.o (.text.TickFct_Blink)
                  2000dc14    0000005c     drivers_cc32xx.a : TimerCC32XX.c.obj (.text.TimerCC32XX_allocateTimerResource)
                  2000dc70    0000005a     driverlib.a : prcm.obj (.text.PRCMPeripheralClkEnable)
                  2000dcca    00000002     libclang_rt.builtins.a : aeabi_div0.c.obj (.text.__aeabi_ldiv0)
                  2000dccc    00000058     nortos_cc32xx.a : ClockPSysTick_nortos.c.obj (.text.ClockP_startup)
                  2000dd24    00000058     driverlib.a : interrupt.obj (.text.IntPrioritySet)
                  2000dd7c    00000056                 : prcm.obj (.text.PRCMLPDSEnter)
                  2000ddd2    00000002     libc.a : _lock.c.obj (.text._nop)
                  2000ddd4    00000054     drivers_cc32xx.a : GPIOCC32XX.c.obj (.text.GPIO_toggle)
                  2000de28    00000054                      : PowerCC32XX.c.obj (.text.PowerCC32XX_setParkState)
                  2000de7c    00000054                      : PowerCC32XX.c.obj (.text.Power_releaseDependency)
                  2000ded0    00000050                      : GPIOCC32XX.c.obj (.text.GPIO_hwiIntFxn)
                  2000df20    00000050     driverlib.a : prcm.obj (.text.PRCMHibernateWakeupSourceEnable)
                  2000df70    00000050     nortos_cc32xx.a : SemaphoreP_nortos.c.obj (.text.SemaphoreP_construct)
                  2000dfc0    0000004c     drivers_cc32xx.a : GPIOCC32XX.c.obj (.text.GPIO_setInterruptConfig)
                  2000e00c    0000004c     driverlib.a : prcm.obj (.text.PRCMLPDSRestoreInfoSet)
                  2000e058    0000004c     drivers_cc32xx.a : TimerCC32XX.c.obj (.text.initHw)
                  2000e0a4    0000004a                      : TimerCC32XX.c.obj (.text.getPrescaler)
                  2000e0ee    00000002     nortos_cc32xx.a : startup_cc32xx_ticlang.c.obj (.text.busFaultHandler)
                  2000e0f0    00000048                     : ClockPSysTick_nortos.c.obj (.text.ClockP_sysTickHandler)
                  2000e138    00000048     driverlib.a : prcm.obj (.text.PRCMIntEnable)
                  2000e180    00000048                 : prcm.obj (.text.PRCMPeripheralStatusGet)
                  2000e1c8    00000048                 : pin.obj (.text.PinConfigGet)
                  2000e210    00000046                 : prcm.obj (.text.PRCMLPDSEnterKeepDebugIf)
                  2000e256    00000044                 : gpio.obj (.text.GPIODirModeSet)
                  2000e29a    00000002     nortos_cc32xx.a : SemaphoreP_nortos.c.obj (.text.clkFxn)
                  2000e29c    00000044     drivers_cc32xx.a : GPIOCC32XX.c.obj (.text.GPIO_disableInt)
                  2000e2e0    00000044                      : GPIOCC32XX.c.obj (.text.GPIO_enableInt)
                  2000e324    00000044                      : PowerCC32XX.c.obj (.text.Power_releaseConstraint)
                  2000e368    00000044                      : Timer.c.obj (.text.Timer_start)
                  2000e3ac    00000044     nortos_cc32xx.a : ClockPSysTick_nortos.c.obj (.text.addToList)
                  2000e3f0    00000042     driverlib.a : pin.obj (.text.PinModeSet)
                  2000e432    00000042                 : timer.obj (.text.TimerControlStall)
                  2000e474    00000042     drivers_cc32xx.a : TimerCC32XX.c.obj (.text.Timer_close)
                  2000e4b6    00000042     nortos_cc32xx.a : PowerCC32XX_nortos.c.obj (.text.getCountsRTC)
                  2000e4f8    00000040                     : SemaphoreP_nortos.c.obj (.text.SemaphoreP_post)
                  2000e538    00000040     drivers_cc32xx.a : Timer.c.obj (.text.Timer_stop)
                  2000e578    0000003e     driverlib.a : pin.obj (.text.PinDirModeSet)
                  2000e5b6    00000002     nortos_cc32xx.a : startup_cc32xx_ticlang.c.obj (.text.defaultHandler)
                  2000e5b8    0000003c                     : ClockPSysTick_nortos.c.obj (.text.ClockP_stop)
                  2000e5f4    0000003c     gpiointerrupt.o (.text.initTimer)
                  2000e630    0000003a     drivers_cc32xx.a : TimerCC32XX.c.obj (.text.TimerSupport_timerEnable)
                  2000e66a    00000002     nortos_cc32xx.a : startup_cc32xx_ticlang.c.obj (.text.faultISR)
                  2000e66c    00000038                     : ClockPSysTick_nortos.c.obj (.text.ClockP_destruct)
                  2000e6a4    00000038     drivers_cc32xx.a : PowerCC32XX.c.obj (.text.Power_setConstraint)
                  2000e6dc    00000038     nortos_cc32xx.a : SwiP_nortos.c.obj (.text.SwiP_restore)
                  2000e714    00000038     libc.a : autoinit.c.obj (.text:__TI_auto_init_nobinit_nopinit)
                  2000e74c    00000036     driverlib.a : pin.obj (.text.PinLock)
                  2000e782    00000036     drivers_cc32xx.a : TimerCC32XX.c.obj (.text.TimerCC32XX_hwiIntFunction)
                  2000e7b8    00000034     nortos_cc32xx.a : ClockPSysTick_nortos.c.obj (.text.ClockP_start)
                  2000e7ec    00000034     driverlib.a : pin.obj (.text.PinDirModeGet)
                  2000e820    00000034                 : pin.obj (.text.PinModeGet)
                  2000e854    00000034     drivers_cc32xx.a : PowerCC32XX.c.obj (.text.PowerCC32XX_parkPin)
                  2000e888    00000034                      : TimerCC32XX.c.obj (.text.TimerCC32XX_freeTimerResource)
                  2000e8bc    00000034     nortos_cc32xx.a : startup_cc32xx_ticlang.c.obj (.text.initVectors)
                  2000e8f0    00000030                     : ClockPSysTick_nortos.c.obj (.text.ClockP_getTicksUntilInterrupt)
                  2000e920    00000030     driverlib.a : prcm.obj (.text.PRCMLPDSIntervalSet)
                  2000e950    00000030                 : prcm.obj (.text.PRCMSlowClkCtrFastGet)
                  2000e980    00000030                 : timer.obj (.text.TimerLoadSet)
                  2000e9b0    00000030                 : timer.obj (.text.TimerPrescaleSet)
                  2000e9e0    00000030     drivers_cc32xx.a : PowerCC32XX.c.obj (.text.notify)
                  2000ea10    0000002e     driverlib.a : gpio.obj (.text.GPIOIntStatus)
                  2000ea3e    0000002a     nortos_cc32xx.a : HwiPCC32XX_nortos.c.obj (.text.HwiP_create)
                  2000ea68    0000002a     driverlib.a : prcm.obj (.text.PRCMLPDSWakeUpGPIOSelect)
                  2000ea92    0000002a                 : prcm.obj (.text.PRCMPeripheralClkDisable)
                  2000eabc    00000028     drivers_cc32xx.a : List.c.obj (.text.List_remove)
                  2000eae4    00000028     driverlib.a : prcm.obj (.text.PRCMSRAMRetentionEnable)
                  2000eb0c    00000028     drivers_cc32xx.a : TimerCC32XX.c.obj (.text.TimerSupport_timerDisable)
                  2000eb34    00000028     libc.a : memory.c.obj (.text.free_list_insert)
                  2000eb5c    00000024     driverlib.a : interrupt.obj (.text.IntUnregister)
                  2000eb80    00000024     drivers_cc32xx.a : List.c.obj (.text.List_put)
                  2000eba4    00000024     driverlib.a : prcm.obj (.text.PRCMLPDSWakeupSourceEnable)
                  2000ebc8    00000024     drivers_cc32xx.a : PowerCC32XX.c.obj (.text.PowerCC32XX_restoreParkedPin)
                  2000ebec    00000024                      : PowerCC32XX.c.obj (.text.Power_registerNotify)
                  2000ec10    00000024     libc.a : boot_cortex_m.c.obj (.text:_c_int00_noargs)
                  2000ec34    00000022     driverlib.a : gpio.obj (.text.GPIOPinWrite)
                  2000ec56    00000022                 : pin.obj (.text.PinUnlock)
                  2000ec78    00000020                 : interrupt.obj (.text.IntRegister)
                  2000ec98    00000020     drivers_cc32xx.a : PowerCC32XX.c.obj (.text.Power_unregisterNotify)
                  2000ecb8    00000020     nortos_cc32xx.a : SemaphoreP_nortos.c.obj (.text.SemaphoreP_constructBinary)
                  2000ecd8    00000020                     : SemaphoreP_nortos.c.obj (.text.SemaphoreP_createBinary)
                  2000ecf8    00000020     driverlib.a : timer.obj (.text.TimerDisable)
                  2000ed18    0000001c     drivers_cc32xx.a : GPIO.c.obj (.text.GPIO_setCallback)
                  2000ed34    0000001c     nortos_cc32xx.a : HwiPCC32XX_nortos.c.obj (.text.HwiP_dispatch)
                  2000ed50    0000001c                     : SwiP_nortos.c.obj (.text.SwiP_disable)
                  2000ed6c    0000001c     libc.a : memory.c.obj (.text.free_list_remove)
                  2000ed88    0000001c     drivers_cc32xx.a : TimerCC32XX.c.obj (.text.getPowerMgrId)
                  2000eda4    0000001c     nortos_cc32xx.a : startup_cc32xx_ticlang.c.obj (.text.resetISR)
                  2000edc0    0000001a     driverlib.a : gpio.obj (.text.GPIOIntDisable)
                  2000edda    0000001a                 : prcm.obj (.text.PRCMHIBRegRead)
                  2000edf4    0000001a                 : prcm.obj (.text.PRCMHIBRegWrite)
                  2000ee0e    0000001a                 : prcm.obj (.text.PRCMLPDSWakeupSourceDisable)
                  2000ee28    0000001a                 : pin.obj (.text.PinToPadGet)
                  2000ee42    0000001a                 : timer.obj (.text.TimerEnable)
                  2000ee5c    00000018                 : gpio.obj (.text.GPIOIntEnable)
                  2000ee74    00000018                 : gpio.obj (.text.GPIOPinRead)
                  2000ee8c    00000018     nortos_cc32xx.a : SemaphoreP_nortos.c.obj (.text.SemaphoreP_create)
                  2000eea4    00000016     ti_drivers_config.o (.text.Board_init)
                  2000eeba    00000016     driverlib.a : systick.obj (.text.SysTickPeriodSet)
                  2000eed0    00000016                 : timer.obj (.text.TimerIntDisable)
                  2000eee6    00000014                 : cpu.obj (.text.CPUcpsid)
                  2000eefa    00000014                 : cpu.obj (.text.CPUcpsie)
                  2000ef0e    00000014     nortos_cc32xx.a : HwiPCC32XX_nortos.c.obj (.text.HwiP_destruct)
                  2000ef22    00000014     driverlib.a : interrupt.obj (.text.IntVTableBaseSet)
                  2000ef36    00000002     nortos_cc32xx.a : startup_cc32xx_ticlang.c.obj (.text.nmiISR)
                  2000ef38    00000014     drivers_cc32xx.a : PowerCC32XX.c.obj (.text.Power_disablePolicy)
                  2000ef4c    00000014                      : PowerCC32XX.c.obj (.text.Power_getTransitionLatency)
                  2000ef60    00000014                      : PowerCC32XX.c.obj (.text.Power_idleFunc)
                  2000ef74    00000014     driverlib.a : timer.obj (.text.TimerIntEnable)
                  2000ef88    00000014     libclang_rt.builtins.a : aeabi_uldivmod.S.obj (.text.__aeabi_uldivmod)
                  2000ef9c    00000012     nortos_cc32xx.a : ClockPSysTick_nortos.c.obj (.text.ClockP_add)
                  2000efae    00000012     driverlib.a : gpio.obj (.text.GPIOIntClear)
                  2000efc0    00000012     nortos_cc32xx.a : HwiPCC32XX_nortos.c.obj (.text.HwiP_Params_init)
                  2000efd2    00000012                     : HwiPCC32XX_nortos.c.obj (.text.HwiP_delete)
                  2000efe4    00000012     driverlib.a : systick.obj (.text.SysTickEnable)
                  2000eff6    00000012                 : systick.obj (.text.SysTickIntDisable)
                  2000f008    00000012                 : systick.obj (.text.SysTickIntEnable)
                  2000f01a    00000012     libc.a : memcpy_t2.S.obj (.text:TI_memcpy_small)
                  2000f02c    00000012            : copy_zero_init.c.obj (.text:decompress:ZI:__TI_zero_init_nomemset)
                  2000f03e    00000002     --HOLE-- [fill = 0]
                  2000f040    00000010     nortos_cc32xx.a : ClockPSysTick_nortos.c.obj (.text.ClockP_getCpuFreq)
                  2000f050    00000010                     : ClockPSysTick_nortos.c.obj (.text.ClockP_getSystemTicks)
                  2000f060    00000010                     : ClockPSysTick_nortos.c.obj (.text.ClockP_setTicks)
                  2000f070    00000010                     : HwiPCC32XX_nortos.c.obj (.text.HwiP_inISR)
                  2000f080    00000010     drivers_cc32xx.a : PowerCC32XX.c.obj (.text.Power_enablePolicy)
                  2000f090    00000010     driverlib.a : timer.obj (.text.TimerIntClear)
                  2000f0a0    00000010     drivers_cc32xx.a : Timer.c.obj (.text.Timer_Params_init)
                  2000f0b0    00000010     main_nortos.o (.text.main)
                  2000f0c0    0000000e     libc.a : copy_decompress_none.c.obj (.text:decompress:none)
                  2000f0ce    0000000c     driverlib.a : cpu.obj (.text.CPUwfi)
                  2000f0da    0000000c                 : prcm.obj (.text.PRCMLPDSWakeupCauseGet)
                  2000f0e6    00000002     --HOLE-- [fill = 0]
                  2000f0e8    0000000c     drivers_cc32xx.a : PowerCC32XX.c.obj (.text.Power_getConstraintMask)
                  2000f0f4    0000000c                      : TimerCC32XX.c.obj (.text.postNotifyFxn)
                  2000f100    0000000c     gpiointerrupt.o (.text.timerCallback)
                  2000f10c    0000000a     nortos_cc32xx.a : ClockPSysTick_nortos.c.obj (.text.ClockP_isActive)
                  2000f116    0000000a     driverlib.a : interrupt.obj (.text.IntMasterDisable)
                  2000f120    0000000a                 : interrupt.obj (.text.IntMasterEnable)
                  2000f12a    00000008     nortos_cc32xx.a : HwiPCC32XX_nortos.c.obj (.text.HwiP_disable)
                  2000f132    00000008                     : HwiPCC32XX_nortos.c.obj (.text.HwiP_restore)
                  2000f13a    00000008     driverlib.a : prcm.obj (.text.PRCMSleepEnter)
                  2000f142    00000008                 : utils.obj (.text.UtilsDelay)
                  2000f14a    00000008     libc.a : memory.c.obj (.text.malloc)
                  2000f152    00000006     gpiointerrupt.o (.text.gpioButtonFxn0)
                  2000f158    00000006     gpiointerrupt.o (.text.gpioButtonFxn1)
                  2000f15e    00000004     nortos_cc32xx.a : ClockPSysTick_nortos.c.obj (.text.ClockP_doTick)
                  2000f162    00000004                     : HwiPCC32XX_nortos.c.obj (.text.HwiP_clearInterrupt)
                  2000f166    00000004                     : HwiPCC32XX_nortos.c.obj (.text.HwiP_enable)
                  2000f16a    00000004                     : HwiPCC32XX_nortos.c.obj (.text.HwiP_post)
                  2000f16e    00000004     driverlib.a : interrupt.obj (.text.IntDefaultHandler)
                  2000f172    00000004     nortos_cc32xx.a : NoRTOS.c.obj (.text.NoRTOS_start)
                  2000f176    00000004                     : SemaphoreP_nortos.c.obj (.text.SemaphoreP_delete)
                  2000f17a    00000002     --HOLE-- [fill = 0]
                  2000f17c    00000004     libclang_rt.builtins.a : aeabi_memcpy.S.obj (.text.__aeabi_memcpy)
                  2000f180    00000004     libc.a : pre_init.c.obj (.text._system_pre_init)
                  2000f184    00000004            : exit.c.obj (.text:abort)

.ramVecs   0    20000000    0000030c     NOLOAD SECTION
                  20000000    0000030c     nortos_cc32xx.a : startup_cc32xx_ticlang.c.obj (.ramVecs)

.stack     0    20003000    00001000     UNINITIALIZED
                  20003000    00000004     libc.a : boot_cortex_m.c.obj (.stack)
                  20003004    00000ffc     --HOLE--

.resetVecs 
*          0    20004000    00000040     
                  20004000    00000040     nortos_cc32xx.a : startup_cc32xx_ticlang.c.obj (.resetVecs)

.sysmem    0    20004040    00008000     UNINITIALIZED
                  20004040    00000010     libc.a : memory.c.obj (.sysmem)
                  20004050    00007ff0     --HOLE--

.rodata    0    2000f80c    000003c4     
                  2000f80c    00000100     driverlib.a : pin.obj (.rodata.g_ulPinToPadMap)
                  2000f90c    000000d4                 : interrupt.obj (.rodata.g_pulRegs)
                  2000f9e0    000000a8                 : prcm.obj (.rodata.PRCM_PeriphRegsList)
                  2000fa88    00000044     ti_drivers_config.o (.rodata.PowerCC32XX_config)
                  2000facc    00000028     drivers_cc32xx.a : GPIOCC32XX.c.obj (.rodata.portConfigs)
                  2000faf4    00000021                      : GPIOCC32XX.c.obj (.rodata.pinTable)
                  2000fb15    00000001     ti_drivers_config.o (.rodata.GPIO_pinUpperBound)
                  2000fb16    00000001     ti_drivers_config.o (.rodata.Timer_count)
                  2000fb17    00000001     --HOLE-- [fill = 0]
                  2000fb18    00000020     ti_drivers_config.o (.rodata.timerCC32XXHWAttrs)
                  2000fb38    00000018     driverlib.a : interrupt.obj (.rodata.g_pulDisRegs)
                  2000fb50    00000018                 : interrupt.obj (.rodata.g_pulEnRegs)
                  2000fb68    00000018                 : interrupt.obj (.rodata.g_pulPendRegs)
                  2000fb80    00000018                 : interrupt.obj (.rodata.g_pulUnpendRegs)
                  2000fb98    00000010     ti_drivers_config.o (.rodata.GPIO_config)
                  2000fba8    00000010     ti_drivers_config.o (.rodata.Timer_config)
                  2000fbb8    0000000c     drivers_cc32xx.a : Timer.c.obj (.rodata.defaultParams)
                  2000fbc4    0000000c                      : TimerCC32XX.c.obj (.rodata.defaultParams)

.cinit     0    2000ff2c    000000f8     
                  2000ff2c    000000d2     (.cinit..data.load) [load image, compression = lzss]
                  2000fffe    00000002     --HOLE-- [fill = 0]
                  20010000    0000000c     (__TI_handler_table)
                  2001000c    00000008     (.cinit..bss.load) [load image, compression = zero_init]
                  20010014    00000010     (__TI_cinit_table)

.init_array 
*          0    20004000    00000000     UNINITIALIZED

.data      0    2000f188    00000681     UNINITIALIZED
                  2000f188    0000030c     nortos_cc32xx.a : HwiPCC32XX_nortos.c.obj (.data.HwiP_dispatchTable)
                  2000f494    0000016c     drivers_cc32xx.a : PowerCC32XX.c.obj (.data.PowerCC32XX_module)
                  2000f600    000000f8     ti_drivers_config.o (.data.parkInfo)
                  2000f6f8    00000084     ti_drivers_config.o (.data.gpioPinConfigs)
                  2000f77c    0000004c     nortos_cc32xx.a : SwiP_nortos.c.obj (.data..L_MergedGlobals)
                  2000f7c8    00000018     drivers_cc32xx.a : GPIOCC32XX.c.obj (.data..L_MergedGlobals)
                  2000f7e0    00000010     nortos_cc32xx.a : SemaphoreP_nortos.c.obj (.data..L_MergedGlobals)
                  2000f7f0    00000008                     : ClockPSysTick_nortos.c.obj (.data..L_MergedGlobals)
                  2000f7f8    00000004                     : HwiPCC32XX_nortos.c.obj (.data.HwiP_swiPIntNum)
                  2000f7fc    00000004     libc.a : _lock.c.obj (.data._lock)
                  2000f800    00000004            : _lock.c.obj (.data._unlock)
                  2000f804    00000001     gpiointerrupt.o (.data.TimerFlag)
                  2000f805    00000001     drivers_cc32xx.a : GPIOCC32XX.c.obj (.data.initCalled)
                  2000f806    00000001                      : GPIOCC32XX.c.obj (.data.portHwiCreatedBitMask)
                  2000f807    00000001     gpiointerrupt.o (.data.ticks)
                  2000f808    00000001     libc.a : memory.c.obj (.data.memory_is_initialized)

.bss       0    2000fbd0    00000359     UNINITIALIZED
                  2000fbd0    0000012c     (.common:PowerCC32XX_contextSave)
                  2000fcfc    00000108     (.common:timerCC32XXObjects)
                  2000fe04    00000084     (.common:gpioCallbackFunctions)
                  2000fe88    00000084     (.common:gpioUserArgs)
                  2000ff0c    00000004     nortos_cc32xx.a : ClockPSysTick_nortos.c.obj (.bss.sysTickPeriod)
                  2000ff10    00000010     (.common:ClockP_ctrl)
                  2000ff20    00000004     libc.a : memory.c.obj (.bss.sys_free)
                  2000ff24    00000004     drivers_cc32xx.a : TimerCC32XX.c.obj (.bss.timerState.0)
                  2000ff28    00000001     (.common:BL_State)

.log_data 
*          0    90000000    00000000     COPY SECTION

.log_ptr   0    94000008    00000000     COPY SECTION

__llvm_prf_cnts 
*          0    20004000    00000000     UNINITIALIZED

__llvm_prf_bits 
*          0    20004000    00000000     UNINITIALIZED

MODULE SUMMARY

       Module                         code    ro data   rw data
       ------                         ----    -------   -------
    .\
       gpiointerrupt.o                300     0         3      
       main_nortos.o                  16      0         0      
    +--+------------------------------+-------+---------+---------+
       Total:                         316     0         3      
                                                               
    .\syscfg\
       ti_drivers_config.o            24      134       908    
    +--+------------------------------+-------+---------+---------+
       Total:                         24      134       908    
                                                               
    C:/ti/simplelink_cc32xx_sdk_7_10_00_13/kernel/nortos/lib/ticlang/m4/nortos_cc32xx.a
       HwiPCC32XX_nortos.c.obj        286     0         784    
       startup_cc32xx_ticlang.c.obj   88      64        780    
       ClockPSysTick_nortos.c.obj     524     0         28     
       SemaphoreP_nortos.c.obj        392     0         16     
       PowerCC32XX_nortos.c.obj       404     0         0      
       SwiP_nortos.c.obj              84      0         76     
       NoRTOS.c.obj                   4       0         0      
    +--+------------------------------+-------+---------+---------+
       Total:                         1782    64        1684   
                                                               
    C:/ti/simplelink_cc32xx_sdk_7_10_00_13/source/ti/devices/cc32xx/driverlib/ticlang/Release/driverlib.a
       prcm.obj                       2564    168       0      
       interrupt.obj                  868     308       0      
       pin.obj                        688     256       0      
       gpio.obj                       412     0         0      
       timer.obj                      278     0         0      
       flash.obj                      92      0         0      
       systick.obj                    76      0         0      
       cpu.obj                        52      0         0      
       utils.obj                      8       0         0      
    +--+------------------------------+-------+---------+---------+
       Total:                         5038    732       0      
                                                               
    C:/ti/simplelink_cc32xx_sdk_7_10_00_13/source/ti/drivers/lib/ticlang/m4/drivers_cc32xx.a
       PowerCC32XX.c.obj              1944    0         664    
       GPIOCC32XX.c.obj               1044    73        26     
       TimerCC32XX.c.obj              880     12        4      
       Timer.c.obj                    150     12        0      
       PowerCC32XX_ticlang.asm.obj    150     0         0      
       List.c.obj                     76      0         0      
       GPIO.c.obj                     28      0         0      
    +--+------------------------------+-------+---------+---------+
       Total:                         4272    97        694    
                                                               
    C:\ti\ccs1250\ccs\tools\compiler\ti-cgt-armllvm_3.2.0.LTS\lib\armv7em-ti-none-eabi/c/libc.a
       memory.c.obj                   712     0         5      
       copy_decompress_lzss.c.obj     112     0         0      
       autoinit.c.obj                 56      0         0      
       boot_cortex_m.c.obj            36      0         0      
       copy_zero_init.c.obj           18      0         0      
       memcpy_t2.S.obj                18      0         0      
       copy_decompress_none.c.obj     14      0         0      
       _lock.c.obj                    2       0         8      
       exit.c.obj                     4       0         0      
       pre_init.c.obj                 4       0         0      
    +--+------------------------------+-------+---------+---------+
       Total:                         976     0         13     
                                                               
    C:\ti\ccs1250\ccs\tools\compiler\ti-cgt-armllvm_3.2.0.LTS\lib\clang/15.0.7/lib/armv7em-ti-none-eabi/libclang_rt.builtins.a
       udivmoddi4.S.obj               176     0         0      
       aeabi_uldivmod.S.obj           20      0         0      
       aeabi_memcpy.S.obj             4       0         0      
       aeabi_div0.c.obj               2       0         0      
    +--+------------------------------+-------+---------+---------+
       Total:                         202     0         0      
                                                               
       Heap:                          0       0         32768  
       Stack:                         0       0         4096   
       Linker Generated:              0       246       0      
    +--+------------------------------+-------+---------+---------+
       Grand Total:                   12610   1273      40166  


LINKER GENERATED COPY TABLES

__TI_cinit_table @ 20010014 records: 2, size/record: 8, table size: 16
	.data: load addr=2000ff2c, load size=000000d2 bytes, run addr=2000f188, run size=00000681 bytes, compression=lzss
	.bss: load addr=2001000c, load size=00000008 bytes, run addr=2000fbd0, run size=00000359 bytes, compression=zero_init


LINKER GENERATED HANDLER TABLE

__TI_handler_table @ 20010000 records: 3, size/record: 4, table size: 12
	index: 0, handler: __TI_decompress_lzss
	index: 1, handler: __TI_decompress_none
	index: 2, handler: __TI_zero_init


GLOBAL SYMBOLS: SORTED ALPHABETICALLY BY Name 

address   name                             
-------   ----                             
2000ff28  BL_State                         
2000eea5  Board_init                       
2000d2f7  Board_initHook                   
2000f184  C$$EXIT                          
2000eee7  CPUcpsid                         
2000eefb  CPUcpsie                         
2000f0cf  CPUwfi                           
2000ef9d  ClockP_add                       
2000ff10  ClockP_ctrl                      
2000e66d  ClockP_destruct                  
2000f15f  ClockP_doTick                    
2000f041  ClockP_getCpuFreq                
2000f051  ClockP_getSystemTicks            
2000e8f1  ClockP_getTicksUntilInterrupt    
2000f10d  ClockP_isActive                  
2000f061  ClockP_setTicks                  
2000e7b9  ClockP_start                     
2000dccd  ClockP_startup                   
2000e5b9  ClockP_stop                      
2000e0f1  ClockP_sysTickHandler            
2000f7f4  ClockP_tickPeriod                
2000db01  FlashDisable                     
2000e257  GPIODirModeSet                   
2000efaf  GPIOIntClear                     
2000edc1  GPIOIntDisable                   
2000ee5d  GPIOIntEnable                    
2000ea11  GPIOIntStatus                    
2000d105  GPIOIntTypeSet                   
2000ee75  GPIOPinRead                      
2000ec35  GPIOPinWrite                     
2000fb98  GPIO_config                      
2000e29d  GPIO_disableInt                  
2000e2e1  GPIO_enableInt                   
2000ded1  GPIO_hwiIntFxn                   
2000d429  GPIO_init                        
2000fb15  GPIO_pinUpperBound               
2000ed19  GPIO_setCallback                 
2000cb75  GPIO_setConfig                   
2000dfc1  GPIO_setInterruptConfig          
2000ddd5  GPIO_toggle                      
2000daa1  GPIO_write                       
2000efc1  HwiP_Params_init                 
2000f163  HwiP_clearInterrupt              
2000d6c5  HwiP_construct                   
2000ea3f  HwiP_create                      
2000efd3  HwiP_delete                      
2000ef0f  HwiP_destruct                    
2000f12b  HwiP_disable                     
2000ed35  HwiP_dispatch                    
2000f167  HwiP_enable                      
2000f071  HwiP_inISR                       
2000f16b  HwiP_post                        
2000f133  HwiP_restore                     
2000f7f8  HwiP_swiPIntNum                  
UNDEFED   ITM_flush                        
UNDEFED   ITM_restore                      
2000cec5  IntDisable                       
2000cf8d  IntEnable                        
2000f117  IntMasterDisable                 
2000f121  IntMasterEnable                  
2000da37  IntPendClear                     
2000d1b1  IntPendSet                       
2000dd25  IntPrioritySet                   
2000ec79  IntRegister                      
2000eb5d  IntUnregister                    
2000ef23  IntVTableBaseSet                 
2000eb81  List_put                         
2000eabd  List_remove                      
2000f173  NoRTOS_start                     
2000c041  PRCMCC3200MCUInit                
2000eddb  PRCMHIBRegRead                   
2000edf5  PRCMHIBRegWrite                  
2000d739  PRCMHibernateWakeUpGPIOSelect    
2000db5d  PRCMHibernateWakeupSourceDisable 
2000df21  PRCMHibernateWakeupSourceEnable  
2000e139  PRCMIntEnable                    
2000dd7d  PRCMLPDSEnter                    
2000e211  PRCMLPDSEnterKeepDebugIf         
2000e921  PRCMLPDSIntervalSet              
2000e00d  PRCMLPDSRestoreInfoSet           
2000ea69  PRCMLPDSWakeUpGPIOSelect         
2000f0db  PRCMLPDSWakeupCauseGet           
2000ee0f  PRCMLPDSWakeupSourceDisable      
2000eba5  PRCMLPDSWakeupSourceEnable       
2000ea93  PRCMPeripheralClkDisable         
2000dc71  PRCMPeripheralClkEnable          
2000d9cd  PRCMPeripheralReset              
2000e181  PRCMPeripheralStatusGet          
2000eae5  PRCMSRAMRetentionEnable          
2000f13b  PRCMSleepEnter                   
2000e951  PRCMSlowClkCtrFastGet            
2000d4b9  PRCMSysResetCauseGet             
2000e1c9  PinConfigGet                     
2000d255  PinConfigSet                     
2000e7ed  PinDirModeGet                    
2000e579  PinDirModeSet                    
2000e74d  PinLock                          
2000d81d  PinLockLevelSet                  
2000e821  PinModeGet                       
2000e3f1  PinModeSet                       
2000ee29  PinToPadGet                      
2000ec57  PinUnlock                        
2000fa88  PowerCC32XX_config               
2000d549  PowerCC32XX_configureWakeup      
2000fbd0  PowerCC32XX_contextSave          
2000d391  PowerCC32XX_enterLPDS            
2000d427  PowerCC32XX_initPolicy           
2000f494  PowerCC32XX_module               
2000e855  PowerCC32XX_parkPin              
2000ebc9  PowerCC32XX_restoreParkedPin     
2000d3d5  PowerCC32XX_resumeLPDS           
2000de29  PowerCC32XX_setParkState         
2000c8dd  PowerCC32XX_sleepPolicy          
2000ef39  Power_disablePolicy              
2000f081  Power_enablePolicy               
2000f0e9  Power_getConstraintMask          
2000ef4d  Power_getTransitionLatency       
2000ef61  Power_idleFunc                   
2000d64d  Power_init                       
2000ebed  Power_registerNotify             
2000e325  Power_releaseConstraint          
2000de7d  Power_releaseDependency          
2000e6a5  Power_setConstraint              
2000d889  Power_setDependency              
2000c4f9  Power_sleep                      
2000ec99  Power_unregisterNotify           
2000df71  SemaphoreP_construct             
2000ecb9  SemaphoreP_constructBinary       
2000ee8d  SemaphoreP_create                
2000ecd9  SemaphoreP_createBinary          
2000f7e8  SemaphoreP_defaultParams         
2000f177  SemaphoreP_delete                
2000d547  SemaphoreP_destruct              
2000d2f9  SemaphoreP_pend                  
2000e4f9  SemaphoreP_post                  
2000ed51  SwiP_disable                     
2000e6dd  SwiP_restore                     
2000efe5  SysTickEnable                    
2000eff7  SysTickIntDisable                
2000f009  SysTickIntEnable                 
2000eebb  SysTickPeriodSet                 
2000f01b  TI_memcpy_small                  
2000dbb9  TickFct_Blink                    
2000dc15  TimerCC32XX_allocateTimerResource
2000e889  TimerCC32XX_freeTimerResource    
2000e433  TimerControlStall                
2000ecf9  TimerDisable                     
2000ee43  TimerEnable                      
2000f804  TimerFlag                        
2000f091  TimerIntClear                    
2000eed1  TimerIntDisable                  
2000ef75  TimerIntEnable                   
2000e981  TimerLoadSet                     
2000e9b1  TimerPrescaleSet                 
2000eb0d  TimerSupport_timerDisable        
2000e631  TimerSupport_timerEnable         
2000f0a1  Timer_Params_init                
2000e475  Timer_close                      
2000fba8  Timer_config                     
2000fb16  Timer_count                      
2000da9f  Timer_init                       
2000ca2d  Timer_open                       
2000e369  Timer_start                      
2000e539  Timer_stop                       
2000f143  UtilsDelay                       
20004000  __STACK_END                      
00001000  __STACK_SIZE                     
00008000  __SYSMEM_SIZE                    
00000000  __TI_ATRegion0_region_sz         
00000000  __TI_ATRegion0_src_addr          
00000000  __TI_ATRegion0_trg_addr          
00000000  __TI_ATRegion1_region_sz         
00000000  __TI_ATRegion1_src_addr          
00000000  __TI_ATRegion1_trg_addr          
00000000  __TI_ATRegion2_region_sz         
00000000  __TI_ATRegion2_src_addr          
00000000  __TI_ATRegion2_trg_addr          
20010014  __TI_CINIT_Base                  
20010024  __TI_CINIT_Limit                 
20010024  __TI_CINIT_Warm                  
20010000  __TI_Handler_Table_Base          
2001000c  __TI_Handler_Table_Limit         
2000e715  __TI_auto_init_nobinit_nopinit   
2000d7ad  __TI_decompress_lzss             
2000f0c1  __TI_decompress_none             
ffffffff  __TI_pprof_out_hndl              
ffffffff  __TI_prof_data_size              
ffffffff  __TI_prof_data_start             
2000ff2c  __TI_static_base__               
2000f02d  __TI_zero_init_nomemset          
2000dccb  __aeabi_ldiv0                    
2000f17d  __aeabi_memcpy                   
2000f17d  __aeabi_memcpy4                  
2000f17d  __aeabi_memcpy8                  
2000ef89  __aeabi_uldivmod                 
ffffffff  __binit__                        
UNDEFED   __mpu_init                       
20003000  __stack                          
20004000  __start___llvm_prf_bits          
20004000  __start___llvm_prf_cnts          
20004000  __stop___llvm_prf_bits           
20004000  __stop___llvm_prf_cnts           
2000d055  __udivmoddi4                     
2000ec11  _c_int00_noargs                  
2000f7fc  _lock                            
2000ddd3  _nop                             
20004040  _sys_memory                      
UNDEFED   _system_post_cinit               
2000f181  _system_pre_init                 
2000f800  _unlock                          
2000f185  abort                            
2000ccb5  aligned_alloc                    
ffffffff  binit                            
2000e29b  clkFxn                           
2000cdd5  free                             
2000f153  gpioButtonFxn0                   
2000f159  gpioButtonFxn1                   
2000fe04  gpioCallbackFunctions            
2000f6f8  gpioPinConfigs                   
2000fe88  gpioUserArgs                     
2000e5f5  initTimer                        
2000e8bd  initVectors                      
2000f0b1  main                             
2000d5d1  mainThread                       
2000f14b  malloc                           
2000ccb5  memalign                         
2000f600  parkInfo                         
2000eda5  resetISR                         
2000f807  ticks                            
2000fb18  timerCC32XXHWAttrs               
2000fcfc  timerCC32XXObjects               
2000f101  timerCallback                    


GLOBAL SYMBOLS: SORTED BY Symbol Address 

address   name                             
-------   ----                             
00000000  __TI_ATRegion0_region_sz         
00000000  __TI_ATRegion0_src_addr          
00000000  __TI_ATRegion0_trg_addr          
00000000  __TI_ATRegion1_region_sz         
00000000  __TI_ATRegion1_src_addr          
00000000  __TI_ATRegion1_trg_addr          
00000000  __TI_ATRegion2_region_sz         
00000000  __TI_ATRegion2_src_addr          
00000000  __TI_ATRegion2_trg_addr          
00001000  __STACK_SIZE                     
00008000  __SYSMEM_SIZE                    
20003000  __stack                          
20004000  __STACK_END                      
20004000  __start___llvm_prf_bits          
20004000  __start___llvm_prf_cnts          
20004000  __stop___llvm_prf_bits           
20004000  __stop___llvm_prf_cnts           
20004040  _sys_memory                      
2000c041  PRCMCC3200MCUInit                
2000c4f9  Power_sleep                      
2000c8dd  PowerCC32XX_sleepPolicy          
2000ca2d  Timer_open                       
2000cb75  GPIO_setConfig                   
2000ccb5  aligned_alloc                    
2000ccb5  memalign                         
2000cdd5  free                             
2000cec5  IntDisable                       
2000cf8d  IntEnable                        
2000d055  __udivmoddi4                     
2000d105  GPIOIntTypeSet                   
2000d1b1  IntPendSet                       
2000d255  PinConfigSet                     
2000d2f7  Board_initHook                   
2000d2f9  SemaphoreP_pend                  
2000d391  PowerCC32XX_enterLPDS            
2000d3d5  PowerCC32XX_resumeLPDS           
2000d427  PowerCC32XX_initPolicy           
2000d429  GPIO_init                        
2000d4b9  PRCMSysResetCauseGet             
2000d547  SemaphoreP_destruct              
2000d549  PowerCC32XX_configureWakeup      
2000d5d1  mainThread                       
2000d64d  Power_init                       
2000d6c5  HwiP_construct                   
2000d739  PRCMHibernateWakeUpGPIOSelect    
2000d7ad  __TI_decompress_lzss             
2000d81d  PinLockLevelSet                  
2000d889  Power_setDependency              
2000d9cd  PRCMPeripheralReset              
2000da37  IntPendClear                     
2000da9f  Timer_init                       
2000daa1  GPIO_write                       
2000db01  FlashDisable                     
2000db5d  PRCMHibernateWakeupSourceDisable 
2000dbb9  TickFct_Blink                    
2000dc15  TimerCC32XX_allocateTimerResource
2000dc71  PRCMPeripheralClkEnable          
2000dccb  __aeabi_ldiv0                    
2000dccd  ClockP_startup                   
2000dd25  IntPrioritySet                   
2000dd7d  PRCMLPDSEnter                    
2000ddd3  _nop                             
2000ddd5  GPIO_toggle                      
2000de29  PowerCC32XX_setParkState         
2000de7d  Power_releaseDependency          
2000ded1  GPIO_hwiIntFxn                   
2000df21  PRCMHibernateWakeupSourceEnable  
2000df71  SemaphoreP_construct             
2000dfc1  GPIO_setInterruptConfig          
2000e00d  PRCMLPDSRestoreInfoSet           
2000e0f1  ClockP_sysTickHandler            
2000e139  PRCMIntEnable                    
2000e181  PRCMPeripheralStatusGet          
2000e1c9  PinConfigGet                     
2000e211  PRCMLPDSEnterKeepDebugIf         
2000e257  GPIODirModeSet                   
2000e29b  clkFxn                           
2000e29d  GPIO_disableInt                  
2000e2e1  GPIO_enableInt                   
2000e325  Power_releaseConstraint          
2000e369  Timer_start                      
2000e3f1  PinModeSet                       
2000e433  TimerControlStall                
2000e475  Timer_close                      
2000e4f9  SemaphoreP_post                  
2000e539  Timer_stop                       
2000e579  PinDirModeSet                    
2000e5b9  ClockP_stop                      
2000e5f5  initTimer                        
2000e631  TimerSupport_timerEnable         
2000e66d  ClockP_destruct                  
2000e6a5  Power_setConstraint              
2000e6dd  SwiP_restore                     
2000e715  __TI_auto_init_nobinit_nopinit   
2000e74d  PinLock                          
2000e7b9  ClockP_start                     
2000e7ed  PinDirModeGet                    
2000e821  PinModeGet                       
2000e855  PowerCC32XX_parkPin              
2000e889  TimerCC32XX_freeTimerResource    
2000e8bd  initVectors                      
2000e8f1  ClockP_getTicksUntilInterrupt    
2000e921  PRCMLPDSIntervalSet              
2000e951  PRCMSlowClkCtrFastGet            
2000e981  TimerLoadSet                     
2000e9b1  TimerPrescaleSet                 
2000ea11  GPIOIntStatus                    
2000ea3f  HwiP_create                      
2000ea69  PRCMLPDSWakeUpGPIOSelect         
2000ea93  PRCMPeripheralClkDisable         
2000eabd  List_remove                      
2000eae5  PRCMSRAMRetentionEnable          
2000eb0d  TimerSupport_timerDisable        
2000eb5d  IntUnregister                    
2000eb81  List_put                         
2000eba5  PRCMLPDSWakeupSourceEnable       
2000ebc9  PowerCC32XX_restoreParkedPin     
2000ebed  Power_registerNotify             
2000ec11  _c_int00_noargs                  
2000ec35  GPIOPinWrite                     
2000ec57  PinUnlock                        
2000ec79  IntRegister                      
2000ec99  Power_unregisterNotify           
2000ecb9  SemaphoreP_constructBinary       
2000ecd9  SemaphoreP_createBinary          
2000ecf9  TimerDisable                     
2000ed19  GPIO_setCallback                 
2000ed35  HwiP_dispatch                    
2000ed51  SwiP_disable                     
2000eda5  resetISR                         
2000edc1  GPIOIntDisable                   
2000eddb  PRCMHIBRegRead                   
2000edf5  PRCMHIBRegWrite                  
2000ee0f  PRCMLPDSWakeupSourceDisable      
2000ee29  PinToPadGet                      
2000ee43  TimerEnable                      
2000ee5d  GPIOIntEnable                    
2000ee75  GPIOPinRead                      
2000ee8d  SemaphoreP_create                
2000eea5  Board_init                       
2000eebb  SysTickPeriodSet                 
2000eed1  TimerIntDisable                  
2000eee7  CPUcpsid                         
2000eefb  CPUcpsie                         
2000ef0f  HwiP_destruct                    
2000ef23  IntVTableBaseSet                 
2000ef39  Power_disablePolicy              
2000ef4d  Power_getTransitionLatency       
2000ef61  Power_idleFunc                   
2000ef75  TimerIntEnable                   
2000ef89  __aeabi_uldivmod                 
2000ef9d  ClockP_add                       
2000efaf  GPIOIntClear                     
2000efc1  HwiP_Params_init                 
2000efd3  HwiP_delete                      
2000efe5  SysTickEnable                    
2000eff7  SysTickIntDisable                
2000f009  SysTickIntEnable                 
2000f01b  TI_memcpy_small                  
2000f02d  __TI_zero_init_nomemset          
2000f041  ClockP_getCpuFreq                
2000f051  ClockP_getSystemTicks            
2000f061  ClockP_setTicks                  
2000f071  HwiP_inISR                       
2000f081  Power_enablePolicy               
2000f091  TimerIntClear                    
2000f0a1  Timer_Params_init                
2000f0b1  main                             
2000f0c1  __TI_decompress_none             
2000f0cf  CPUwfi                           
2000f0db  PRCMLPDSWakeupCauseGet           
2000f0e9  Power_getConstraintMask          
2000f101  timerCallback                    
2000f10d  ClockP_isActive                  
2000f117  IntMasterDisable                 
2000f121  IntMasterEnable                  
2000f12b  HwiP_disable                     
2000f133  HwiP_restore                     
2000f13b  PRCMSleepEnter                   
2000f143  UtilsDelay                       
2000f14b  malloc                           
2000f153  gpioButtonFxn0                   
2000f159  gpioButtonFxn1                   
2000f15f  ClockP_doTick                    
2000f163  HwiP_clearInterrupt              
2000f167  HwiP_enable                      
2000f16b  HwiP_post                        
2000f173  NoRTOS_start                     
2000f177  SemaphoreP_delete                
2000f17d  __aeabi_memcpy                   
2000f17d  __aeabi_memcpy4                  
2000f17d  __aeabi_memcpy8                  
2000f181  _system_pre_init                 
2000f184  C$$EXIT                          
2000f185  abort                            
2000f494  PowerCC32XX_module               
2000f600  parkInfo                         
2000f6f8  gpioPinConfigs                   
2000f7e8  SemaphoreP_defaultParams         
2000f7f4  ClockP_tickPeriod                
2000f7f8  HwiP_swiPIntNum                  
2000f7fc  _lock                            
2000f800  _unlock                          
2000f804  TimerFlag                        
2000f807  ticks                            
2000fa88  PowerCC32XX_config               
2000fb15  GPIO_pinUpperBound               
2000fb16  Timer_count                      
2000fb18  timerCC32XXHWAttrs               
2000fb98  GPIO_config                      
2000fba8  Timer_config                     
2000fbd0  PowerCC32XX_contextSave          
2000fcfc  timerCC32XXObjects               
2000fe04  gpioCallbackFunctions            
2000fe88  gpioUserArgs                     
2000ff10  ClockP_ctrl                      
2000ff28  BL_State                         
2000ff2c  __TI_static_base__               
20010000  __TI_Handler_Table_Base          
2001000c  __TI_Handler_Table_Limit         
20010014  __TI_CINIT_Base                  
20010024  __TI_CINIT_Limit                 
20010024  __TI_CINIT_Warm                  
ffffffff  __TI_pprof_out_hndl              
ffffffff  __TI_prof_data_size              
ffffffff  __TI_prof_data_start             
ffffffff  __binit__                        
ffffffff  binit                            
UNDEFED   ITM_flush                        
UNDEFED   ITM_restore                      
UNDEFED   __mpu_init                       
UNDEFED   _system_post_cinit               

[232 symbols]
