******************************************************************************
            TI ARM Clang Linker PC v3.2.0                      
******************************************************************************
>> Linked Sat Nov 25 20:15:47 2023

OUTPUT FILE NAME:   <gpiointerrupt_CC3220S_LAUNCHXL_nortos_ticlang.out>
ENTRY POINT SYMBOL: "resetISR"  address: 2000ee45


MEMORY CONFIGURATION

         name            origin    length      used     unused   attr    fill
----------------------  --------  ---------  --------  --------  ----  --------
  SRAM2                 20000000   00004000  0000130c  00002cf4  RW X
  SRAM                  20004000   0003c000  0000c0b3  0002ff4d  RW X
  LOG_DATA              90000000   00040000  00000000  00040000  R   
  LOG_PTR               94000008   00040000  00000000  00040000  R   


SEGMENT ALLOCATION MAP

run origin  load origin   length   init length attrs members
----------  ----------- ---------- ----------- ----- -------
20003000    20003000    00001000   00000000    rw-
  20003000    20003000    00001000   00000000    rw- .stack
20004000    20004000    00000040   00000040    r--
  20004000    20004000    00000040   00000040    r-- .resetVecs
20004040    20004040    00008000   00000000    rw-
  20004040    20004040    00008000   00000000    rw- .sysmem
2000c040    2000c040    000031dc   000031dc    r-x
  2000c040    2000c040    000031dc   000031dc    r-x .text
2000f220    2000f220    00000682   00000000    rw-
  2000f220    2000f220    00000682   00000000    rw- .data
2000f8a4    2000f8a4    000003c4   000003c4    r--
  2000f8a4    2000f8a4    000003c4   000003c4    r-- .rodata
2000fc68    2000fc68    00000359   00000000    rw-
  2000fc68    2000fc68    00000359   00000000    rw- .bss
2000ffc4    2000ffc4    000000f8   000000f8    r--
  2000ffc4    2000ffc4    000000f8   000000f8    r-- .cinit


SECTION ALLOCATION MAP

 output                                  attributes/
section   page    origin      length       input sections
--------  ----  ----------  ----------   ----------------
.text      0    2000c040    000031dc     
                  2000c040    000004b8     driverlib.a : prcm.obj (.text.PRCMCC3200MCUInit)
                  2000c4f8    000003e4     drivers_cc32xx.a : PowerCC32XX.c.obj (.text.Power_sleep)
                  2000c8dc    00000164     gpiointerrupt.o (.text.mainThread)
                  2000ca40    00000150     nortos_cc32xx.a : PowerCC32XX_nortos.c.obj (.text.PowerCC32XX_sleepPolicy)
                  2000cb90    00000148     drivers_cc32xx.a : TimerCC32XX.c.obj (.text.Timer_open)
                  2000ccd8    00000140                      : GPIOCC32XX.c.obj (.text.GPIO_setConfig)
                  2000ce18    00000120     libc.a : memory.c.obj (.text.aligned_alloc)
                  2000cf38    000000f0            : memory.c.obj (.text.free)
                  2000d028    000000c8     driverlib.a : interrupt.obj (.text.IntDisable)
                  2000d0f0    000000c8                 : interrupt.obj (.text.IntEnable)
                  2000d1b8    000000b0     libclang_rt.builtins.a : udivmoddi4.S.obj (.text)
                  2000d268    000000ac     driverlib.a : gpio.obj (.text.GPIOIntTypeSet)
                  2000d314    000000a4                 : interrupt.obj (.text.IntPendSet)
                  2000d3b8    000000a2                 : pin.obj (.text.PinConfigSet)
                  2000d45a    00000002     ti_drivers_config.o (.text.Board_initHook)
                  2000d45c    00000098     nortos_cc32xx.a : SemaphoreP_nortos.c.obj (.text.SemaphoreP_pend)
                  2000d4f4    0000000c     driverlib.a : cpu.obj (.text.CPUwfi)
                  2000d500    00000096     drivers_cc32xx.a : PowerCC32XX_ticlang.asm.obj (.text)
                  2000d596    00000002     nortos_cc32xx.a : PowerCC32XX_nortos.c.obj (.text.PowerCC32XX_initPolicy)
                  2000d598    00000090     drivers_cc32xx.a : GPIOCC32XX.c.obj (.text.GPIO_init)
                  2000d628    0000008e     driverlib.a : prcm.obj (.text.PRCMSysResetCauseGet)
                  2000d6b6    00000002     nortos_cc32xx.a : SemaphoreP_nortos.c.obj (.text.SemaphoreP_destruct)
                  2000d6b8    00000088     drivers_cc32xx.a : PowerCC32XX.c.obj (.text.PowerCC32XX_configureWakeup)
                  2000d740    00000078                      : PowerCC32XX.c.obj (.text.Power_init)
                  2000d7b8    00000074     nortos_cc32xx.a : HwiPCC32XX_nortos.c.obj (.text.HwiP_construct)
                  2000d82c    00000074     driverlib.a : prcm.obj (.text.PRCMHibernateWakeUpGPIOSelect)
                  2000d8a0    00000070     libc.a : copy_decompress_lzss.c.obj (.text:decompress:lzss)
                  2000d910    0000006c     driverlib.a : pin.obj (.text.PinLockLevelSet)
                  2000d97c    0000006c     drivers_cc32xx.a : PowerCC32XX.c.obj (.text.Power_setDependency)
                  2000d9e8    0000006c                      : GPIOCC32XX.c.obj (.text.powerNotifyFxn)
                  2000da54    0000006c     libc.a : memory.c.obj (.text.split)
                  2000dac0    0000006a     driverlib.a : prcm.obj (.text.PRCMPeripheralReset)
                  2000db2a    00000068                 : interrupt.obj (.text.IntPendClear)
                  2000db92    00000002     drivers_cc32xx.a : Timer.c.obj (.text.Timer_init)
                  2000db94    00000060                      : GPIOCC32XX.c.obj (.text.GPIO_write)
                  2000dbf4    0000005c     driverlib.a : flash.obj (.text.FlashDisable)
                  2000dc50    0000005c                 : prcm.obj (.text.PRCMHibernateWakeupSourceDisable)
                  2000dcac    0000005c     gpiointerrupt.o (.text.TickFct_Blink)
                  2000dd08    0000005c     drivers_cc32xx.a : TimerCC32XX.c.obj (.text.TimerCC32XX_allocateTimerResource)
                  2000dd64    0000005a     driverlib.a : prcm.obj (.text.PRCMPeripheralClkEnable)
                  2000ddbe    00000002     libclang_rt.builtins.a : aeabi_div0.c.obj (.text.__aeabi_ldiv0)
                  2000ddc0    00000058     nortos_cc32xx.a : ClockPSysTick_nortos.c.obj (.text.ClockP_startup)
                  2000de18    00000058     driverlib.a : interrupt.obj (.text.IntPrioritySet)
                  2000de70    00000056                 : prcm.obj (.text.PRCMLPDSEnter)
                  2000dec6    00000002     libc.a : _lock.c.obj (.text._nop)
                  2000dec8    00000054     drivers_cc32xx.a : PowerCC32XX.c.obj (.text.PowerCC32XX_setParkState)
                  2000df1c    00000054                      : PowerCC32XX.c.obj (.text.Power_releaseDependency)
                  2000df70    00000050                      : GPIOCC32XX.c.obj (.text.GPIO_hwiIntFxn)
                  2000dfc0    00000050     driverlib.a : prcm.obj (.text.PRCMHibernateWakeupSourceEnable)
                  2000e010    00000050     nortos_cc32xx.a : SemaphoreP_nortos.c.obj (.text.SemaphoreP_construct)
                  2000e060    0000004c     drivers_cc32xx.a : GPIOCC32XX.c.obj (.text.GPIO_setInterruptConfig)
                  2000e0ac    0000004c     driverlib.a : prcm.obj (.text.PRCMLPDSRestoreInfoSet)
                  2000e0f8    0000004c     drivers_cc32xx.a : TimerCC32XX.c.obj (.text.initHw)
                  2000e144    0000004a                      : TimerCC32XX.c.obj (.text.getPrescaler)
                  2000e18e    00000002     nortos_cc32xx.a : startup_cc32xx_ticlang.c.obj (.text.busFaultHandler)
                  2000e190    00000048                     : ClockPSysTick_nortos.c.obj (.text.ClockP_sysTickHandler)
                  2000e1d8    00000048     driverlib.a : prcm.obj (.text.PRCMIntEnable)
                  2000e220    00000048                 : prcm.obj (.text.PRCMPeripheralStatusGet)
                  2000e268    00000048                 : pin.obj (.text.PinConfigGet)
                  2000e2b0    00000046                 : prcm.obj (.text.PRCMLPDSEnterKeepDebugIf)
                  2000e2f6    00000044                 : gpio.obj (.text.GPIODirModeSet)
                  2000e33a    00000002     nortos_cc32xx.a : SemaphoreP_nortos.c.obj (.text.clkFxn)
                  2000e33c    00000044     drivers_cc32xx.a : GPIOCC32XX.c.obj (.text.GPIO_disableInt)
                  2000e380    00000044                      : GPIOCC32XX.c.obj (.text.GPIO_enableInt)
                  2000e3c4    00000044                      : PowerCC32XX.c.obj (.text.Power_releaseConstraint)
                  2000e408    00000044                      : Timer.c.obj (.text.Timer_start)
                  2000e44c    00000044     nortos_cc32xx.a : ClockPSysTick_nortos.c.obj (.text.addToList)
                  2000e490    00000042     driverlib.a : pin.obj (.text.PinModeSet)
                  2000e4d2    00000042                 : timer.obj (.text.TimerControlStall)
                  2000e514    00000042     drivers_cc32xx.a : TimerCC32XX.c.obj (.text.Timer_close)
                  2000e556    00000042     nortos_cc32xx.a : PowerCC32XX_nortos.c.obj (.text.getCountsRTC)
                  2000e598    00000040                     : SemaphoreP_nortos.c.obj (.text.SemaphoreP_post)
                  2000e5d8    00000040     drivers_cc32xx.a : Timer.c.obj (.text.Timer_stop)
                  2000e618    0000003e     driverlib.a : pin.obj (.text.PinDirModeSet)
                  2000e656    00000002     nortos_cc32xx.a : startup_cc32xx_ticlang.c.obj (.text.defaultHandler)
                  2000e658    0000003c                     : ClockPSysTick_nortos.c.obj (.text.ClockP_stop)
                  2000e694    0000003c     gpiointerrupt.o (.text.initTimer)
                  2000e6d0    0000003a     drivers_cc32xx.a : TimerCC32XX.c.obj (.text.TimerSupport_timerEnable)
                  2000e70a    00000002     nortos_cc32xx.a : startup_cc32xx_ticlang.c.obj (.text.faultISR)
                  2000e70c    00000038                     : ClockPSysTick_nortos.c.obj (.text.ClockP_destruct)
                  2000e744    00000038     drivers_cc32xx.a : PowerCC32XX.c.obj (.text.Power_setConstraint)
                  2000e77c    00000038     nortos_cc32xx.a : SwiP_nortos.c.obj (.text.SwiP_restore)
                  2000e7b4    00000038     libc.a : autoinit.c.obj (.text:__TI_auto_init_nobinit_nopinit)
                  2000e7ec    00000036     driverlib.a : pin.obj (.text.PinLock)
                  2000e822    00000036     drivers_cc32xx.a : TimerCC32XX.c.obj (.text.TimerCC32XX_hwiIntFunction)
                  2000e858    00000034     nortos_cc32xx.a : ClockPSysTick_nortos.c.obj (.text.ClockP_start)
                  2000e88c    00000034     driverlib.a : pin.obj (.text.PinDirModeGet)
                  2000e8c0    00000034                 : pin.obj (.text.PinModeGet)
                  2000e8f4    00000034     drivers_cc32xx.a : PowerCC32XX.c.obj (.text.PowerCC32XX_parkPin)
                  2000e928    00000034                      : TimerCC32XX.c.obj (.text.TimerCC32XX_freeTimerResource)
                  2000e95c    00000034     nortos_cc32xx.a : startup_cc32xx_ticlang.c.obj (.text.initVectors)
                  2000e990    00000030                     : ClockPSysTick_nortos.c.obj (.text.ClockP_getTicksUntilInterrupt)
                  2000e9c0    00000030     driverlib.a : prcm.obj (.text.PRCMLPDSIntervalSet)
                  2000e9f0    00000030                 : prcm.obj (.text.PRCMSlowClkCtrFastGet)
                  2000ea20    00000030                 : timer.obj (.text.TimerLoadSet)
                  2000ea50    00000030                 : timer.obj (.text.TimerPrescaleSet)
                  2000ea80    00000030     drivers_cc32xx.a : PowerCC32XX.c.obj (.text.notify)
                  2000eab0    0000002e     driverlib.a : gpio.obj (.text.GPIOIntStatus)
                  2000eade    0000002a     nortos_cc32xx.a : HwiPCC32XX_nortos.c.obj (.text.HwiP_create)
                  2000eb08    0000002a     driverlib.a : prcm.obj (.text.PRCMLPDSWakeUpGPIOSelect)
                  2000eb32    0000002a                 : prcm.obj (.text.PRCMPeripheralClkDisable)
                  2000eb5c    00000028     drivers_cc32xx.a : List.c.obj (.text.List_remove)
                  2000eb84    00000028     driverlib.a : prcm.obj (.text.PRCMSRAMRetentionEnable)
                  2000ebac    00000028     drivers_cc32xx.a : TimerCC32XX.c.obj (.text.TimerSupport_timerDisable)
                  2000ebd4    00000028     libc.a : memory.c.obj (.text.free_list_insert)
                  2000ebfc    00000024     driverlib.a : interrupt.obj (.text.IntUnregister)
                  2000ec20    00000024     drivers_cc32xx.a : List.c.obj (.text.List_put)
                  2000ec44    00000024     driverlib.a : prcm.obj (.text.PRCMLPDSWakeupSourceEnable)
                  2000ec68    00000024     drivers_cc32xx.a : PowerCC32XX.c.obj (.text.PowerCC32XX_restoreParkedPin)
                  2000ec8c    00000024                      : PowerCC32XX.c.obj (.text.Power_registerNotify)
                  2000ecb0    00000024     libc.a : boot_cortex_m.c.obj (.text:_c_int00_noargs)
                  2000ecd4    00000022     driverlib.a : gpio.obj (.text.GPIOPinWrite)
                  2000ecf6    00000022                 : pin.obj (.text.PinUnlock)
                  2000ed18    00000020                 : interrupt.obj (.text.IntRegister)
                  2000ed38    00000020     drivers_cc32xx.a : PowerCC32XX.c.obj (.text.Power_unregisterNotify)
                  2000ed58    00000020     nortos_cc32xx.a : SemaphoreP_nortos.c.obj (.text.SemaphoreP_constructBinary)
                  2000ed78    00000020                     : SemaphoreP_nortos.c.obj (.text.SemaphoreP_createBinary)
                  2000ed98    00000020     driverlib.a : timer.obj (.text.TimerDisable)
                  2000edb8    0000001c     drivers_cc32xx.a : GPIO.c.obj (.text.GPIO_setCallback)
                  2000edd4    0000001c     nortos_cc32xx.a : HwiPCC32XX_nortos.c.obj (.text.HwiP_dispatch)
                  2000edf0    0000001c                     : SwiP_nortos.c.obj (.text.SwiP_disable)
                  2000ee0c    0000001c     libc.a : memory.c.obj (.text.free_list_remove)
                  2000ee28    0000001c     drivers_cc32xx.a : TimerCC32XX.c.obj (.text.getPowerMgrId)
                  2000ee44    0000001c     nortos_cc32xx.a : startup_cc32xx_ticlang.c.obj (.text.resetISR)
                  2000ee60    0000001a     driverlib.a : gpio.obj (.text.GPIOIntDisable)
                  2000ee7a    0000001a                 : prcm.obj (.text.PRCMHIBRegRead)
                  2000ee94    0000001a                 : prcm.obj (.text.PRCMHIBRegWrite)
                  2000eeae    0000001a                 : prcm.obj (.text.PRCMLPDSWakeupSourceDisable)
                  2000eec8    0000001a                 : pin.obj (.text.PinToPadGet)
                  2000eee2    0000001a                 : timer.obj (.text.TimerEnable)
                  2000eefc    00000018                 : gpio.obj (.text.GPIOIntEnable)
                  2000ef14    00000018     nortos_cc32xx.a : SemaphoreP_nortos.c.obj (.text.SemaphoreP_create)
                  2000ef2c    00000016     ti_drivers_config.o (.text.Board_init)
                  2000ef42    00000016     driverlib.a : systick.obj (.text.SysTickPeriodSet)
                  2000ef58    00000016                 : timer.obj (.text.TimerIntDisable)
                  2000ef6e    00000014                 : cpu.obj (.text.CPUcpsid)
                  2000ef82    00000014                 : cpu.obj (.text.CPUcpsie)
                  2000ef96    00000014     nortos_cc32xx.a : HwiPCC32XX_nortos.c.obj (.text.HwiP_destruct)
                  2000efaa    00000014     driverlib.a : interrupt.obj (.text.IntVTableBaseSet)
                  2000efbe    00000002     nortos_cc32xx.a : startup_cc32xx_ticlang.c.obj (.text.nmiISR)
                  2000efc0    00000014     drivers_cc32xx.a : PowerCC32XX.c.obj (.text.Power_disablePolicy)
                  2000efd4    00000014                      : PowerCC32XX.c.obj (.text.Power_getTransitionLatency)
                  2000efe8    00000014                      : PowerCC32XX.c.obj (.text.Power_idleFunc)
                  2000effc    00000014     driverlib.a : timer.obj (.text.TimerIntEnable)
                  2000f010    00000014     libclang_rt.builtins.a : aeabi_uldivmod.S.obj (.text.__aeabi_uldivmod)
                  2000f024    00000014     gpiointerrupt.o (.text.gpioButtonFxn0)
                  2000f038    00000012     nortos_cc32xx.a : ClockPSysTick_nortos.c.obj (.text.ClockP_add)
                  2000f04a    00000012     driverlib.a : gpio.obj (.text.GPIOIntClear)
                  2000f05c    00000012     nortos_cc32xx.a : HwiPCC32XX_nortos.c.obj (.text.HwiP_Params_init)
                  2000f06e    00000012                     : HwiPCC32XX_nortos.c.obj (.text.HwiP_delete)
                  2000f080    00000012     driverlib.a : systick.obj (.text.SysTickEnable)
                  2000f092    00000012                 : systick.obj (.text.SysTickIntDisable)
                  2000f0a4    00000012                 : systick.obj (.text.SysTickIntEnable)
                  2000f0b6    00000012     libc.a : memcpy_t2.S.obj (.text:TI_memcpy_small)
                  2000f0c8    00000012            : copy_zero_init.c.obj (.text:decompress:ZI:__TI_zero_init_nomemset)
                  2000f0da    00000002     --HOLE-- [fill = 0]
                  2000f0dc    00000010     nortos_cc32xx.a : ClockPSysTick_nortos.c.obj (.text.ClockP_getCpuFreq)
                  2000f0ec    00000010                     : ClockPSysTick_nortos.c.obj (.text.ClockP_getSystemTicks)
                  2000f0fc    00000010                     : ClockPSysTick_nortos.c.obj (.text.ClockP_setTicks)
                  2000f10c    00000010                     : HwiPCC32XX_nortos.c.obj (.text.HwiP_inISR)
                  2000f11c    00000010     drivers_cc32xx.a : PowerCC32XX.c.obj (.text.Power_enablePolicy)
                  2000f12c    00000010     driverlib.a : timer.obj (.text.TimerIntClear)
                  2000f13c    00000010     drivers_cc32xx.a : Timer.c.obj (.text.Timer_Params_init)
                  2000f14c    00000010     main_nortos.o (.text.main)
                  2000f15c    0000000e     libc.a : copy_decompress_none.c.obj (.text:decompress:none)
                  2000f16a    0000000c     driverlib.a : prcm.obj (.text.PRCMLPDSWakeupCauseGet)
                  2000f176    00000002     --HOLE-- [fill = 0]
                  2000f178    0000000c     drivers_cc32xx.a : PowerCC32XX.c.obj (.text.Power_getConstraintMask)
                  2000f184    0000000c                      : TimerCC32XX.c.obj (.text.postNotifyFxn)
                  2000f190    0000000c     gpiointerrupt.o (.text.timerCallback)
                  2000f19c    0000000a     nortos_cc32xx.a : ClockPSysTick_nortos.c.obj (.text.ClockP_isActive)
                  2000f1a6    0000000a     driverlib.a : interrupt.obj (.text.IntMasterDisable)
                  2000f1b0    0000000a                 : interrupt.obj (.text.IntMasterEnable)
                  2000f1ba    00000008     nortos_cc32xx.a : HwiPCC32XX_nortos.c.obj (.text.HwiP_disable)
                  2000f1c2    00000008                     : HwiPCC32XX_nortos.c.obj (.text.HwiP_restore)
                  2000f1ca    00000008     gpiointerrupt.o (.text.OUTLINED_FUNCTION_0)
                  2000f1d2    00000008     gpiointerrupt.o (.text.OUTLINED_FUNCTION_1)
                  2000f1da    00000008     driverlib.a : prcm.obj (.text.PRCMSleepEnter)
                  2000f1e2    00000008                 : utils.obj (.text.UtilsDelay)
                  2000f1ea    00000008     libc.a : memory.c.obj (.text.malloc)
                  2000f1f2    00000004     nortos_cc32xx.a : ClockPSysTick_nortos.c.obj (.text.ClockP_doTick)
                  2000f1f6    00000004                     : HwiPCC32XX_nortos.c.obj (.text.HwiP_clearInterrupt)
                  2000f1fa    00000004                     : HwiPCC32XX_nortos.c.obj (.text.HwiP_enable)
                  2000f1fe    00000004                     : HwiPCC32XX_nortos.c.obj (.text.HwiP_post)
                  2000f202    00000004     driverlib.a : interrupt.obj (.text.IntDefaultHandler)
                  2000f206    00000004     nortos_cc32xx.a : NoRTOS.c.obj (.text.NoRTOS_start)
                  2000f20a    00000004                     : SemaphoreP_nortos.c.obj (.text.SemaphoreP_delete)
                  2000f20e    00000002     --HOLE-- [fill = 0]
                  2000f210    00000004     libclang_rt.builtins.a : aeabi_memcpy.S.obj (.text.__aeabi_memcpy)
                  2000f214    00000004     libc.a : pre_init.c.obj (.text._system_pre_init)
                  2000f218    00000004            : exit.c.obj (.text:abort)

.ramVecs   0    20000000    0000030c     NOLOAD SECTION
                  20000000    0000030c     nortos_cc32xx.a : startup_cc32xx_ticlang.c.obj (.ramVecs)

.stack     0    20003000    00001000     UNINITIALIZED
                  20003000    00000004     libc.a : boot_cortex_m.c.obj (.stack)
                  20003004    00000ffc     --HOLE--

.resetVecs 
*          0    20004000    00000040     
                  20004000    00000040     nortos_cc32xx.a : startup_cc32xx_ticlang.c.obj (.resetVecs)

.sysmem    0    20004040    00008000     UNINITIALIZED
                  20004040    00000010     libc.a : memory.c.obj (.sysmem)
                  20004050    00007ff0     --HOLE--

.rodata    0    2000f8a4    000003c4     
                  2000f8a4    00000100     driverlib.a : pin.obj (.rodata.g_ulPinToPadMap)
                  2000f9a4    000000d4                 : interrupt.obj (.rodata.g_pulRegs)
                  2000fa78    000000a8                 : prcm.obj (.rodata.PRCM_PeriphRegsList)
                  2000fb20    00000044     ti_drivers_config.o (.rodata.PowerCC32XX_config)
                  2000fb64    00000028     drivers_cc32xx.a : GPIOCC32XX.c.obj (.rodata.portConfigs)
                  2000fb8c    00000021                      : GPIOCC32XX.c.obj (.rodata.pinTable)
                  2000fbad    00000001     ti_drivers_config.o (.rodata.GPIO_pinUpperBound)
                  2000fbae    00000001     ti_drivers_config.o (.rodata.Timer_count)
                  2000fbaf    00000001     --HOLE-- [fill = 0]
                  2000fbb0    00000020     ti_drivers_config.o (.rodata.timerCC32XXHWAttrs)
                  2000fbd0    00000018     driverlib.a : interrupt.obj (.rodata.g_pulDisRegs)
                  2000fbe8    00000018                 : interrupt.obj (.rodata.g_pulEnRegs)
                  2000fc00    00000018                 : interrupt.obj (.rodata.g_pulPendRegs)
                  2000fc18    00000018                 : interrupt.obj (.rodata.g_pulUnpendRegs)
                  2000fc30    00000010     ti_drivers_config.o (.rodata.GPIO_config)
                  2000fc40    00000010     ti_drivers_config.o (.rodata.Timer_config)
                  2000fc50    0000000c     drivers_cc32xx.a : Timer.c.obj (.rodata.defaultParams)
                  2000fc5c    0000000c                      : TimerCC32XX.c.obj (.rodata.defaultParams)

.cinit     0    2000ffc4    000000f8     
                  2000ffc4    000000d2     (.cinit..data.load) [load image, compression = lzss]
                  20010096    00000002     --HOLE-- [fill = 0]
                  20010098    0000000c     (__TI_handler_table)
                  200100a4    00000008     (.cinit..bss.load) [load image, compression = zero_init]
                  200100ac    00000010     (__TI_cinit_table)

.init_array 
*          0    20004000    00000000     UNINITIALIZED

.data      0    2000f220    00000682     UNINITIALIZED
                  2000f220    0000030c     nortos_cc32xx.a : HwiPCC32XX_nortos.c.obj (.data.HwiP_dispatchTable)
                  2000f52c    0000016c     drivers_cc32xx.a : PowerCC32XX.c.obj (.data.PowerCC32XX_module)
                  2000f698    000000f8     ti_drivers_config.o (.data.parkInfo)
                  2000f790    00000084     ti_drivers_config.o (.data.gpioPinConfigs)
                  2000f814    0000004c     nortos_cc32xx.a : SwiP_nortos.c.obj (.data..L_MergedGlobals)
                  2000f860    00000018     drivers_cc32xx.a : GPIOCC32XX.c.obj (.data..L_MergedGlobals)
                  2000f878    00000010     nortos_cc32xx.a : SemaphoreP_nortos.c.obj (.data..L_MergedGlobals)
                  2000f888    00000008                     : ClockPSysTick_nortos.c.obj (.data..L_MergedGlobals)
                  2000f890    00000004                     : HwiPCC32XX_nortos.c.obj (.data.HwiP_swiPIntNum)
                  2000f894    00000004     libc.a : _lock.c.obj (.data._lock)
                  2000f898    00000004            : _lock.c.obj (.data._unlock)
                  2000f89c    00000002     gpiointerrupt.o (.data..L_MergedGlobals)
                  2000f89e    00000001     drivers_cc32xx.a : GPIOCC32XX.c.obj (.data.initCalled)
                  2000f89f    00000001                      : GPIOCC32XX.c.obj (.data.portHwiCreatedBitMask)
                  2000f8a0    00000001     libc.a : memory.c.obj (.data.memory_is_initialized)
                  2000f8a1    00000001     gpiointerrupt.o (.data.ticks)

.bss       0    2000fc68    00000359     UNINITIALIZED
                  2000fc68    0000012c     (.common:PowerCC32XX_contextSave)
                  2000fd94    00000108     (.common:timerCC32XXObjects)
                  2000fe9c    00000084     (.common:gpioCallbackFunctions)
                  2000ff20    00000084     (.common:gpioUserArgs)
                  2000ffa4    00000004     nortos_cc32xx.a : ClockPSysTick_nortos.c.obj (.bss.sysTickPeriod)
                  2000ffa8    00000010     (.common:ClockP_ctrl)
                  2000ffb8    00000004     libc.a : memory.c.obj (.bss.sys_free)
                  2000ffbc    00000004     drivers_cc32xx.a : TimerCC32XX.c.obj (.bss.timerState.0)
                  2000ffc0    00000001     (.common:BL_State)

.log_data 
*          0    90000000    00000000     COPY SECTION

.log_ptr   0    94000008    00000000     COPY SECTION

__llvm_prf_cnts 
*          0    20004000    00000000     UNINITIALIZED

__llvm_prf_bits 
*          0    20004000    00000000     UNINITIALIZED

MODULE SUMMARY

       Module                         code    ro data   rw data
       ------                         ----    -------   -------
    .\
       gpiointerrupt.o                556     0         4      
       main_nortos.o                  16      0         0      
    +--+------------------------------+-------+---------+---------+
       Total:                         572     0         4      
                                                               
    .\syscfg\
       ti_drivers_config.o            24      134       908    
    +--+------------------------------+-------+---------+---------+
       Total:                         24      134       908    
                                                               
    C:/ti/simplelink_cc32xx_sdk_7_10_00_13/kernel/nortos/lib/ticlang/m4/nortos_cc32xx.a
       HwiPCC32XX_nortos.c.obj        286     0         784    
       startup_cc32xx_ticlang.c.obj   88      64        780    
       ClockPSysTick_nortos.c.obj     524     0         28     
       SemaphoreP_nortos.c.obj        392     0         16     
       PowerCC32XX_nortos.c.obj       404     0         0      
       SwiP_nortos.c.obj              84      0         76     
       NoRTOS.c.obj                   4       0         0      
    +--+------------------------------+-------+---------+---------+
       Total:                         1782    64        1684   
                                                               
    C:/ti/simplelink_cc32xx_sdk_7_10_00_13/source/ti/devices/cc32xx/driverlib/ticlang/Release/driverlib.a
       prcm.obj                       2564    168       0      
       interrupt.obj                  868     308       0      
       pin.obj                        688     256       0      
       gpio.obj                       388     0         0      
       timer.obj                      278     0         0      
       flash.obj                      92      0         0      
       systick.obj                    76      0         0      
       cpu.obj                        52      0         0      
       utils.obj                      8       0         0      
    +--+------------------------------+-------+---------+---------+
       Total:                         5014    732       0      
                                                               
    C:/ti/simplelink_cc32xx_sdk_7_10_00_13/source/ti/drivers/lib/ticlang/m4/drivers_cc32xx.a
       PowerCC32XX.c.obj              1944    0         664    
       GPIOCC32XX.c.obj               960     73        26     
       TimerCC32XX.c.obj              880     12        4      
       Timer.c.obj                    150     12        0      
       PowerCC32XX_ticlang.asm.obj    150     0         0      
       List.c.obj                     76      0         0      
       GPIO.c.obj                     28      0         0      
    +--+------------------------------+-------+---------+---------+
       Total:                         4188    97        694    
                                                               
    C:\ti\ccs1250\ccs\tools\compiler\ti-cgt-armllvm_3.2.0.LTS\lib\armv7em-ti-none-eabi/c/libc.a
       memory.c.obj                   712     0         5      
       copy_decompress_lzss.c.obj     112     0         0      
       autoinit.c.obj                 56      0         0      
       boot_cortex_m.c.obj            36      0         0      
       copy_zero_init.c.obj           18      0         0      
       memcpy_t2.S.obj                18      0         0      
       copy_decompress_none.c.obj     14      0         0      
       _lock.c.obj                    2       0         8      
       exit.c.obj                     4       0         0      
       pre_init.c.obj                 4       0         0      
    +--+------------------------------+-------+---------+---------+
       Total:                         976     0         13     
                                                               
    C:\ti\ccs1250\ccs\tools\compiler\ti-cgt-armllvm_3.2.0.LTS\lib\clang/15.0.7/lib/armv7em-ti-none-eabi/libclang_rt.builtins.a
       udivmoddi4.S.obj               176     0         0      
       aeabi_uldivmod.S.obj           20      0         0      
       aeabi_memcpy.S.obj             4       0         0      
       aeabi_div0.c.obj               2       0         0      
    +--+------------------------------+-------+---------+---------+
       Total:                         202     0         0      
                                                               
       Heap:                          0       0         32768  
       Stack:                         0       0         4096   
       Linker Generated:              0       246       0      
    +--+------------------------------+-------+---------+---------+
       Grand Total:                   12758   1273      40167  


LINKER GENERATED COPY TABLES

__TI_cinit_table @ 200100ac records: 2, size/record: 8, table size: 16
	.data: load addr=2000ffc4, load size=000000d2 bytes, run addr=2000f220, run size=00000682 bytes, compression=lzss
	.bss: load addr=200100a4, load size=00000008 bytes, run addr=2000fc68, run size=00000359 bytes, compression=zero_init


LINKER GENERATED HANDLER TABLE

__TI_handler_table @ 20010098 records: 3, size/record: 4, table size: 12
	index: 0, handler: __TI_decompress_lzss
	index: 1, handler: __TI_decompress_none
	index: 2, handler: __TI_zero_init


GLOBAL SYMBOLS: SORTED ALPHABETICALLY BY Name 

address   name                             
-------   ----                             
2000ffc0  BL_State                         
2000ef2d  Board_init                       
2000d45b  Board_initHook                   
2000f218  C$$EXIT                          
2000ef6f  CPUcpsid                         
2000ef83  CPUcpsie                         
2000d4f5  CPUwfi                           
2000f039  ClockP_add                       
2000ffa8  ClockP_ctrl                      
2000e70d  ClockP_destruct                  
2000f1f3  ClockP_doTick                    
2000f0dd  ClockP_getCpuFreq                
2000f0ed  ClockP_getSystemTicks            
2000e991  ClockP_getTicksUntilInterrupt    
2000f19d  ClockP_isActive                  
2000f0fd  ClockP_setTicks                  
2000e859  ClockP_start                     
2000ddc1  ClockP_startup                   
2000e659  ClockP_stop                      
2000e191  ClockP_sysTickHandler            
2000f88c  ClockP_tickPeriod                
2000dbf5  FlashDisable                     
2000e2f7  GPIODirModeSet                   
2000f04b  GPIOIntClear                     
2000ee61  GPIOIntDisable                   
2000eefd  GPIOIntEnable                    
2000eab1  GPIOIntStatus                    
2000d269  GPIOIntTypeSet                   
2000ecd5  GPIOPinWrite                     
2000fc30  GPIO_config                      
2000e33d  GPIO_disableInt                  
2000e381  GPIO_enableInt                   
2000df71  GPIO_hwiIntFxn                   
2000d599  GPIO_init                        
2000fbad  GPIO_pinUpperBound               
2000edb9  GPIO_setCallback                 
2000ccd9  GPIO_setConfig                   
2000e061  GPIO_setInterruptConfig          
2000db95  GPIO_write                       
2000f05d  HwiP_Params_init                 
2000f1f7  HwiP_clearInterrupt              
2000d7b9  HwiP_construct                   
2000eadf  HwiP_create                      
2000f06f  HwiP_delete                      
2000ef97  HwiP_destruct                    
2000f1bb  HwiP_disable                     
2000edd5  HwiP_dispatch                    
2000f1fb  HwiP_enable                      
2000f10d  HwiP_inISR                       
2000f1ff  HwiP_post                        
2000f1c3  HwiP_restore                     
2000f890  HwiP_swiPIntNum                  
UNDEFED   ITM_flush                        
UNDEFED   ITM_restore                      
2000d029  IntDisable                       
2000d0f1  IntEnable                        
2000f1a7  IntMasterDisable                 
2000f1b1  IntMasterEnable                  
2000db2b  IntPendClear                     
2000d315  IntPendSet                       
2000de19  IntPrioritySet                   
2000ed19  IntRegister                      
2000ebfd  IntUnregister                    
2000efab  IntVTableBaseSet                 
2000ec21  List_put                         
2000eb5d  List_remove                      
2000f207  NoRTOS_start                     
2000c041  PRCMCC3200MCUInit                
2000ee7b  PRCMHIBRegRead                   
2000ee95  PRCMHIBRegWrite                  
2000d82d  PRCMHibernateWakeUpGPIOSelect    
2000dc51  PRCMHibernateWakeupSourceDisable 
2000dfc1  PRCMHibernateWakeupSourceEnable  
2000e1d9  PRCMIntEnable                    
2000de71  PRCMLPDSEnter                    
2000e2b1  PRCMLPDSEnterKeepDebugIf         
2000e9c1  PRCMLPDSIntervalSet              
2000e0ad  PRCMLPDSRestoreInfoSet           
2000eb09  PRCMLPDSWakeUpGPIOSelect         
2000f16b  PRCMLPDSWakeupCauseGet           
2000eeaf  PRCMLPDSWakeupSourceDisable      
2000ec45  PRCMLPDSWakeupSourceEnable       
2000eb33  PRCMPeripheralClkDisable         
2000dd65  PRCMPeripheralClkEnable          
2000dac1  PRCMPeripheralReset              
2000e221  PRCMPeripheralStatusGet          
2000eb85  PRCMSRAMRetentionEnable          
2000f1db  PRCMSleepEnter                   
2000e9f1  PRCMSlowClkCtrFastGet            
2000d629  PRCMSysResetCauseGet             
2000e269  PinConfigGet                     
2000d3b9  PinConfigSet                     
2000e88d  PinDirModeGet                    
2000e619  PinDirModeSet                    
2000e7ed  PinLock                          
2000d911  PinLockLevelSet                  
2000e8c1  PinModeGet                       
2000e491  PinModeSet                       
2000eec9  PinToPadGet                      
2000ecf7  PinUnlock                        
2000fb20  PowerCC32XX_config               
2000d6b9  PowerCC32XX_configureWakeup      
2000fc68  PowerCC32XX_contextSave          
2000d501  PowerCC32XX_enterLPDS            
2000d597  PowerCC32XX_initPolicy           
2000f52c  PowerCC32XX_module               
2000e8f5  PowerCC32XX_parkPin              
2000ec69  PowerCC32XX_restoreParkedPin     
2000d545  PowerCC32XX_resumeLPDS           
2000dec9  PowerCC32XX_setParkState         
2000ca41  PowerCC32XX_sleepPolicy          
2000efc1  Power_disablePolicy              
2000f11d  Power_enablePolicy               
2000f179  Power_getConstraintMask          
2000efd5  Power_getTransitionLatency       
2000efe9  Power_idleFunc                   
2000d741  Power_init                       
2000ec8d  Power_registerNotify             
2000e3c5  Power_releaseConstraint          
2000df1d  Power_releaseDependency          
2000e745  Power_setConstraint              
2000d97d  Power_setDependency              
2000c4f9  Power_sleep                      
2000ed39  Power_unregisterNotify           
2000e011  SemaphoreP_construct             
2000ed59  SemaphoreP_constructBinary       
2000ef15  SemaphoreP_create                
2000ed79  SemaphoreP_createBinary          
2000f880  SemaphoreP_defaultParams         
2000f20b  SemaphoreP_delete                
2000d6b7  SemaphoreP_destruct              
2000d45d  SemaphoreP_pend                  
2000e599  SemaphoreP_post                  
2000edf1  SwiP_disable                     
2000e77d  SwiP_restore                     
2000f081  SysTickEnable                    
2000f093  SysTickIntDisable                
2000f0a5  SysTickIntEnable                 
2000ef43  SysTickPeriodSet                 
2000f0b7  TI_memcpy_small                  
2000dcad  TickFct_Blink                    
2000dd09  TimerCC32XX_allocateTimerResource
2000e929  TimerCC32XX_freeTimerResource    
2000e4d3  TimerControlStall                
2000ed99  TimerDisable                     
2000eee3  TimerEnable                      
2000f89c  TimerFlag                        
2000f12d  TimerIntClear                    
2000ef59  TimerIntDisable                  
2000effd  TimerIntEnable                   
2000ea21  TimerLoadSet                     
2000ea51  TimerPrescaleSet                 
2000ebad  TimerSupport_timerDisable        
2000e6d1  TimerSupport_timerEnable         
2000f13d  Timer_Params_init                
2000e515  Timer_close                      
2000fc40  Timer_config                     
2000fbae  Timer_count                      
2000db93  Timer_init                       
2000cb91  Timer_open                       
2000e409  Timer_start                      
2000e5d9  Timer_stop                       
2000f1e3  UtilsDelay                       
20004000  __STACK_END                      
00001000  __STACK_SIZE                     
00008000  __SYSMEM_SIZE                    
00000000  __TI_ATRegion0_region_sz         
00000000  __TI_ATRegion0_src_addr          
00000000  __TI_ATRegion0_trg_addr          
00000000  __TI_ATRegion1_region_sz         
00000000  __TI_ATRegion1_src_addr          
00000000  __TI_ATRegion1_trg_addr          
00000000  __TI_ATRegion2_region_sz         
00000000  __TI_ATRegion2_src_addr          
00000000  __TI_ATRegion2_trg_addr          
200100ac  __TI_CINIT_Base                  
200100bc  __TI_CINIT_Limit                 
200100bc  __TI_CINIT_Warm                  
20010098  __TI_Handler_Table_Base          
200100a4  __TI_Handler_Table_Limit         
2000e7b5  __TI_auto_init_nobinit_nopinit   
2000d8a1  __TI_decompress_lzss             
2000f15d  __TI_decompress_none             
ffffffff  __TI_pprof_out_hndl              
ffffffff  __TI_prof_data_size              
ffffffff  __TI_prof_data_start             
2000ffc4  __TI_static_base__               
2000f0c9  __TI_zero_init_nomemset          
2000ddbf  __aeabi_ldiv0                    
2000f211  __aeabi_memcpy                   
2000f211  __aeabi_memcpy4                  
2000f211  __aeabi_memcpy8                  
2000f011  __aeabi_uldivmod                 
ffffffff  __binit__                        
UNDEFED   __mpu_init                       
20003000  __stack                          
20004000  __start___llvm_prf_bits          
20004000  __start___llvm_prf_cnts          
20004000  __stop___llvm_prf_bits           
20004000  __stop___llvm_prf_cnts           
2000d1b9  __udivmoddi4                     
2000ecb1  _c_int00_noargs                  
2000f894  _lock                            
2000dec7  _nop                             
20004040  _sys_memory                      
UNDEFED   _system_post_cinit               
2000f215  _system_pre_init                 
2000f898  _unlock                          
2000f219  abort                            
2000ce19  aligned_alloc                    
ffffffff  binit                            
2000e33b  clkFxn                           
2000cf39  free                             
2000f025  gpioButtonFxn0                   
2000fe9c  gpioCallbackFunctions            
2000f790  gpioPinConfigs                   
2000ff20  gpioUserArgs                     
2000e695  initTimer                        
2000e95d  initVectors                      
2000f14d  main                             
2000c8dd  mainThread                       
2000f1eb  malloc                           
2000ce19  memalign                         
2000f89d  message                          
2000f698  parkInfo                         
2000ee45  resetISR                         
2000f8a1  ticks                            
2000fbb0  timerCC32XXHWAttrs               
2000fd94  timerCC32XXObjects               
2000f191  timerCallback                    


GLOBAL SYMBOLS: SORTED BY Symbol Address 

address   name                             
-------   ----                             
00000000  __TI_ATRegion0_region_sz         
00000000  __TI_ATRegion0_src_addr          
00000000  __TI_ATRegion0_trg_addr          
00000000  __TI_ATRegion1_region_sz         
00000000  __TI_ATRegion1_src_addr          
00000000  __TI_ATRegion1_trg_addr          
00000000  __TI_ATRegion2_region_sz         
00000000  __TI_ATRegion2_src_addr          
00000000  __TI_ATRegion2_trg_addr          
00001000  __STACK_SIZE                     
00008000  __SYSMEM_SIZE                    
20003000  __stack                          
20004000  __STACK_END                      
20004000  __start___llvm_prf_bits          
20004000  __start___llvm_prf_cnts          
20004000  __stop___llvm_prf_bits           
20004000  __stop___llvm_prf_cnts           
20004040  _sys_memory                      
2000c041  PRCMCC3200MCUInit                
2000c4f9  Power_sleep                      
2000c8dd  mainThread                       
2000ca41  PowerCC32XX_sleepPolicy          
2000cb91  Timer_open                       
2000ccd9  GPIO_setConfig                   
2000ce19  aligned_alloc                    
2000ce19  memalign                         
2000cf39  free                             
2000d029  IntDisable                       
2000d0f1  IntEnable                        
2000d1b9  __udivmoddi4                     
2000d269  GPIOIntTypeSet                   
2000d315  IntPendSet                       
2000d3b9  PinConfigSet                     
2000d45b  Board_initHook                   
2000d45d  SemaphoreP_pend                  
2000d4f5  CPUwfi                           
2000d501  PowerCC32XX_enterLPDS            
2000d545  PowerCC32XX_resumeLPDS           
2000d597  PowerCC32XX_initPolicy           
2000d599  GPIO_init                        
2000d629  PRCMSysResetCauseGet             
2000d6b7  SemaphoreP_destruct              
2000d6b9  PowerCC32XX_configureWakeup      
2000d741  Power_init                       
2000d7b9  HwiP_construct                   
2000d82d  PRCMHibernateWakeUpGPIOSelect    
2000d8a1  __TI_decompress_lzss             
2000d911  PinLockLevelSet                  
2000d97d  Power_setDependency              
2000dac1  PRCMPeripheralReset              
2000db2b  IntPendClear                     
2000db93  Timer_init                       
2000db95  GPIO_write                       
2000dbf5  FlashDisable                     
2000dc51  PRCMHibernateWakeupSourceDisable 
2000dcad  TickFct_Blink                    
2000dd09  TimerCC32XX_allocateTimerResource
2000dd65  PRCMPeripheralClkEnable          
2000ddbf  __aeabi_ldiv0                    
2000ddc1  ClockP_startup                   
2000de19  IntPrioritySet                   
2000de71  PRCMLPDSEnter                    
2000dec7  _nop                             
2000dec9  PowerCC32XX_setParkState         
2000df1d  Power_releaseDependency          
2000df71  GPIO_hwiIntFxn                   
2000dfc1  PRCMHibernateWakeupSourceEnable  
2000e011  SemaphoreP_construct             
2000e061  GPIO_setInterruptConfig          
2000e0ad  PRCMLPDSRestoreInfoSet           
2000e191  ClockP_sysTickHandler            
2000e1d9  PRCMIntEnable                    
2000e221  PRCMPeripheralStatusGet          
2000e269  PinConfigGet                     
2000e2b1  PRCMLPDSEnterKeepDebugIf         
2000e2f7  GPIODirModeSet                   
2000e33b  clkFxn                           
2000e33d  GPIO_disableInt                  
2000e381  GPIO_enableInt                   
2000e3c5  Power_releaseConstraint          
2000e409  Timer_start                      
2000e491  PinModeSet                       
2000e4d3  TimerControlStall                
2000e515  Timer_close                      
2000e599  SemaphoreP_post                  
2000e5d9  Timer_stop                       
2000e619  PinDirModeSet                    
2000e659  ClockP_stop                      
2000e695  initTimer                        
2000e6d1  TimerSupport_timerEnable         
2000e70d  ClockP_destruct                  
2000e745  Power_setConstraint              
2000e77d  SwiP_restore                     
2000e7b5  __TI_auto_init_nobinit_nopinit   
2000e7ed  PinLock                          
2000e859  ClockP_start                     
2000e88d  PinDirModeGet                    
2000e8c1  PinModeGet                       
2000e8f5  PowerCC32XX_parkPin              
2000e929  TimerCC32XX_freeTimerResource    
2000e95d  initVectors                      
2000e991  ClockP_getTicksUntilInterrupt    
2000e9c1  PRCMLPDSIntervalSet              
2000e9f1  PRCMSlowClkCtrFastGet            
2000ea21  TimerLoadSet                     
2000ea51  TimerPrescaleSet                 
2000eab1  GPIOIntStatus                    
2000eadf  HwiP_create                      
2000eb09  PRCMLPDSWakeUpGPIOSelect         
2000eb33  PRCMPeripheralClkDisable         
2000eb5d  List_remove                      
2000eb85  PRCMSRAMRetentionEnable          
2000ebad  TimerSupport_timerDisable        
2000ebfd  IntUnregister                    
2000ec21  List_put                         
2000ec45  PRCMLPDSWakeupSourceEnable       
2000ec69  PowerCC32XX_restoreParkedPin     
2000ec8d  Power_registerNotify             
2000ecb1  _c_int00_noargs                  
2000ecd5  GPIOPinWrite                     
2000ecf7  PinUnlock                        
2000ed19  IntRegister                      
2000ed39  Power_unregisterNotify           
2000ed59  SemaphoreP_constructBinary       
2000ed79  SemaphoreP_createBinary          
2000ed99  TimerDisable                     
2000edb9  GPIO_setCallback                 
2000edd5  HwiP_dispatch                    
2000edf1  SwiP_disable                     
2000ee45  resetISR                         
2000ee61  GPIOIntDisable                   
2000ee7b  PRCMHIBRegRead                   
2000ee95  PRCMHIBRegWrite                  
2000eeaf  PRCMLPDSWakeupSourceDisable      
2000eec9  PinToPadGet                      
2000eee3  TimerEnable                      
2000eefd  GPIOIntEnable                    
2000ef15  SemaphoreP_create                
2000ef2d  Board_init                       
2000ef43  SysTickPeriodSet                 
2000ef59  TimerIntDisable                  
2000ef6f  CPUcpsid                         
2000ef83  CPUcpsie                         
2000ef97  HwiP_destruct                    
2000efab  IntVTableBaseSet                 
2000efc1  Power_disablePolicy              
2000efd5  Power_getTransitionLatency       
2000efe9  Power_idleFunc                   
2000effd  TimerIntEnable                   
2000f011  __aeabi_uldivmod                 
2000f025  gpioButtonFxn0                   
2000f039  ClockP_add                       
2000f04b  GPIOIntClear                     
2000f05d  HwiP_Params_init                 
2000f06f  HwiP_delete                      
2000f081  SysTickEnable                    
2000f093  SysTickIntDisable                
2000f0a5  SysTickIntEnable                 
2000f0b7  TI_memcpy_small                  
2000f0c9  __TI_zero_init_nomemset          
2000f0dd  ClockP_getCpuFreq                
2000f0ed  ClockP_getSystemTicks            
2000f0fd  ClockP_setTicks                  
2000f10d  HwiP_inISR                       
2000f11d  Power_enablePolicy               
2000f12d  TimerIntClear                    
2000f13d  Timer_Params_init                
2000f14d  main                             
2000f15d  __TI_decompress_none             
2000f16b  PRCMLPDSWakeupCauseGet           
2000f179  Power_getConstraintMask          
2000f191  timerCallback                    
2000f19d  ClockP_isActive                  
2000f1a7  IntMasterDisable                 
2000f1b1  IntMasterEnable                  
2000f1bb  HwiP_disable                     
2000f1c3  HwiP_restore                     
2000f1db  PRCMSleepEnter                   
2000f1e3  UtilsDelay                       
2000f1eb  malloc                           
2000f1f3  ClockP_doTick                    
2000f1f7  HwiP_clearInterrupt              
2000f1fb  HwiP_enable                      
2000f1ff  HwiP_post                        
2000f207  NoRTOS_start                     
2000f20b  SemaphoreP_delete                
2000f211  __aeabi_memcpy                   
2000f211  __aeabi_memcpy4                  
2000f211  __aeabi_memcpy8                  
2000f215  _system_pre_init                 
2000f218  C$$EXIT                          
2000f219  abort                            
2000f52c  PowerCC32XX_module               
2000f698  parkInfo                         
2000f790  gpioPinConfigs                   
2000f880  SemaphoreP_defaultParams         
2000f88c  ClockP_tickPeriod                
2000f890  HwiP_swiPIntNum                  
2000f894  _lock                            
2000f898  _unlock                          
2000f89c  TimerFlag                        
2000f89d  message                          
2000f8a1  ticks                            
2000fb20  PowerCC32XX_config               
2000fbad  GPIO_pinUpperBound               
2000fbae  Timer_count                      
2000fbb0  timerCC32XXHWAttrs               
2000fc30  GPIO_config                      
2000fc40  Timer_config                     
2000fc68  PowerCC32XX_contextSave          
2000fd94  timerCC32XXObjects               
2000fe9c  gpioCallbackFunctions            
2000ff20  gpioUserArgs                     
2000ffa8  ClockP_ctrl                      
2000ffc0  BL_State                         
2000ffc4  __TI_static_base__               
20010098  __TI_Handler_Table_Base          
200100a4  __TI_Handler_Table_Limit         
200100ac  __TI_CINIT_Base                  
200100bc  __TI_CINIT_Limit                 
200100bc  __TI_CINIT_Warm                  
ffffffff  __TI_pprof_out_hndl              
ffffffff  __TI_prof_data_size              
ffffffff  __TI_prof_data_start             
ffffffff  __binit__                        
ffffffff  binit                            
UNDEFED   ITM_flush                        
UNDEFED   ITM_restore                      
UNDEFED   __mpu_init                       
UNDEFED   _system_post_cinit               

[230 symbols]
