******************************************************************************
            TI ARM Clang Linker PC v3.2.0                      
******************************************************************************
>> Linked Sat Nov 25 17:49:18 2023

OUTPUT FILE NAME:   <gpiointerrupt_CC3220S_LAUNCHXL_nortos_ticlang.out>
ENTRY POINT SYMBOL: "resetISR"  address: 2000edd9


MEMORY CONFIGURATION

         name            origin    length      used     unused   attr    fill
----------------------  --------  ---------  --------  --------  ----  --------
  SRAM2                 20000000   00004000  0000130c  00002cf4  RW X
  SRAM                  20004000   0003c000  0000c046  0002ffba  RW X
  LOG_DATA              90000000   00040000  00000000  00040000  R   
  LOG_PTR               94000008   00040000  00000000  00040000  R   


SEGMENT ALLOCATION MAP

run origin  load origin   length   init length attrs members
----------  ----------- ---------- ----------- ----- -------
20003000    20003000    00001000   00000000    rw-
  20003000    20003000    00001000   00000000    rw- .stack
20004000    20004000    00000040   00000040    r--
  20004000    20004000    00000040   00000040    r-- .resetVecs
20004040    20004040    00008000   00000000    rw-
  20004040    20004040    00008000   00000000    rw- .sysmem
2000c040    2000c040    00003170   00003170    r-x
  2000c040    2000c040    00003170   00003170    r-x .text
2000f1b0    2000f1b0    00000681   00000000    rw-
  2000f1b0    2000f1b0    00000681   00000000    rw- .data
2000f834    2000f834    000003c4   000003c4    r--
  2000f834    2000f834    000003c4   000003c4    r-- .rodata
2000fbf8    2000fbf8    00000359   00000000    rw-
  2000fbf8    2000fbf8    00000359   00000000    rw- .bss
2000ff54    2000ff54    000000f8   000000f8    r--
  2000ff54    2000ff54    000000f8   000000f8    r-- .cinit


SECTION ALLOCATION MAP

 output                                  attributes/
section   page    origin      length       input sections
--------  ----  ----------  ----------   ----------------
.text      0    2000c040    00003170     
                  2000c040    000004b8     driverlib.a : prcm.obj (.text.PRCMCC3200MCUInit)
                  2000c4f8    000003e4     drivers_cc32xx.a : PowerCC32XX.c.obj (.text.Power_sleep)
                  2000c8dc    00000150     nortos_cc32xx.a : PowerCC32XX_nortos.c.obj (.text.PowerCC32XX_sleepPolicy)
                  2000ca2c    00000148     drivers_cc32xx.a : TimerCC32XX.c.obj (.text.Timer_open)
                  2000cb74    00000140                      : GPIOCC32XX.c.obj (.text.GPIO_setConfig)
                  2000ccb4    00000120     libc.a : memory.c.obj (.text.aligned_alloc)
                  2000cdd4    000000f0            : memory.c.obj (.text.free)
                  2000cec4    000000c8     driverlib.a : interrupt.obj (.text.IntDisable)
                  2000cf8c    000000c8                 : interrupt.obj (.text.IntEnable)
                  2000d054    000000b0     libclang_rt.builtins.a : udivmoddi4.S.obj (.text)
                  2000d104    000000ac     driverlib.a : gpio.obj (.text.GPIOIntTypeSet)
                  2000d1b0    000000a4                 : interrupt.obj (.text.IntPendSet)
                  2000d254    000000a4     gpiointerrupt.o (.text.mainThread)
                  2000d2f8    000000a2     driverlib.a : pin.obj (.text.PinConfigSet)
                  2000d39a    00000002     ti_drivers_config.o (.text.Board_initHook)
                  2000d39c    00000098     nortos_cc32xx.a : SemaphoreP_nortos.c.obj (.text.SemaphoreP_pend)
                  2000d434    0000000c     driverlib.a : cpu.obj (.text.CPUwfi)
                  2000d440    00000096     drivers_cc32xx.a : PowerCC32XX_ticlang.asm.obj (.text)
                  2000d4d6    00000002     nortos_cc32xx.a : PowerCC32XX_nortos.c.obj (.text.PowerCC32XX_initPolicy)
                  2000d4d8    00000090     drivers_cc32xx.a : GPIOCC32XX.c.obj (.text.GPIO_init)
                  2000d568    0000008e     driverlib.a : prcm.obj (.text.PRCMSysResetCauseGet)
                  2000d5f6    00000002     nortos_cc32xx.a : SemaphoreP_nortos.c.obj (.text.SemaphoreP_destruct)
                  2000d5f8    00000088     drivers_cc32xx.a : PowerCC32XX.c.obj (.text.PowerCC32XX_configureWakeup)
                  2000d680    00000078                      : PowerCC32XX.c.obj (.text.Power_init)
                  2000d6f8    00000074     nortos_cc32xx.a : HwiPCC32XX_nortos.c.obj (.text.HwiP_construct)
                  2000d76c    00000074     driverlib.a : prcm.obj (.text.PRCMHibernateWakeUpGPIOSelect)
                  2000d7e0    00000070     libc.a : copy_decompress_lzss.c.obj (.text:decompress:lzss)
                  2000d850    0000006c     driverlib.a : pin.obj (.text.PinLockLevelSet)
                  2000d8bc    0000006c     drivers_cc32xx.a : PowerCC32XX.c.obj (.text.Power_setDependency)
                  2000d928    0000006c                      : GPIOCC32XX.c.obj (.text.powerNotifyFxn)
                  2000d994    0000006c     libc.a : memory.c.obj (.text.split)
                  2000da00    0000006a     driverlib.a : prcm.obj (.text.PRCMPeripheralReset)
                  2000da6a    00000068                 : interrupt.obj (.text.IntPendClear)
                  2000dad2    00000002     drivers_cc32xx.a : Timer.c.obj (.text.Timer_init)
                  2000dad4    00000060                      : GPIOCC32XX.c.obj (.text.GPIO_write)
                  2000db34    0000005c     driverlib.a : flash.obj (.text.FlashDisable)
                  2000db90    0000005c                 : prcm.obj (.text.PRCMHibernateWakeupSourceDisable)
                  2000dbec    0000005c     gpiointerrupt.o (.text.TickFct_Blink)
                  2000dc48    0000005c     drivers_cc32xx.a : TimerCC32XX.c.obj (.text.TimerCC32XX_allocateTimerResource)
                  2000dca4    0000005a     driverlib.a : prcm.obj (.text.PRCMPeripheralClkEnable)
                  2000dcfe    00000002     libclang_rt.builtins.a : aeabi_div0.c.obj (.text.__aeabi_ldiv0)
                  2000dd00    00000058     nortos_cc32xx.a : ClockPSysTick_nortos.c.obj (.text.ClockP_startup)
                  2000dd58    00000058     driverlib.a : interrupt.obj (.text.IntPrioritySet)
                  2000ddb0    00000056                 : prcm.obj (.text.PRCMLPDSEnter)
                  2000de06    00000002     libc.a : _lock.c.obj (.text._nop)
                  2000de08    00000054     drivers_cc32xx.a : GPIOCC32XX.c.obj (.text.GPIO_toggle)
                  2000de5c    00000054                      : PowerCC32XX.c.obj (.text.PowerCC32XX_setParkState)
                  2000deb0    00000054                      : PowerCC32XX.c.obj (.text.Power_releaseDependency)
                  2000df04    00000050                      : GPIOCC32XX.c.obj (.text.GPIO_hwiIntFxn)
                  2000df54    00000050     driverlib.a : prcm.obj (.text.PRCMHibernateWakeupSourceEnable)
                  2000dfa4    00000050     nortos_cc32xx.a : SemaphoreP_nortos.c.obj (.text.SemaphoreP_construct)
                  2000dff4    0000004c     drivers_cc32xx.a : GPIOCC32XX.c.obj (.text.GPIO_setInterruptConfig)
                  2000e040    0000004c     driverlib.a : prcm.obj (.text.PRCMLPDSRestoreInfoSet)
                  2000e08c    0000004c     drivers_cc32xx.a : TimerCC32XX.c.obj (.text.initHw)
                  2000e0d8    0000004a                      : TimerCC32XX.c.obj (.text.getPrescaler)
                  2000e122    00000002     nortos_cc32xx.a : startup_cc32xx_ticlang.c.obj (.text.busFaultHandler)
                  2000e124    00000048                     : ClockPSysTick_nortos.c.obj (.text.ClockP_sysTickHandler)
                  2000e16c    00000048     driverlib.a : prcm.obj (.text.PRCMIntEnable)
                  2000e1b4    00000048                 : prcm.obj (.text.PRCMPeripheralStatusGet)
                  2000e1fc    00000048                 : pin.obj (.text.PinConfigGet)
                  2000e244    00000046                 : prcm.obj (.text.PRCMLPDSEnterKeepDebugIf)
                  2000e28a    00000044                 : gpio.obj (.text.GPIODirModeSet)
                  2000e2ce    00000002     nortos_cc32xx.a : SemaphoreP_nortos.c.obj (.text.clkFxn)
                  2000e2d0    00000044     drivers_cc32xx.a : GPIOCC32XX.c.obj (.text.GPIO_disableInt)
                  2000e314    00000044                      : GPIOCC32XX.c.obj (.text.GPIO_enableInt)
                  2000e358    00000044                      : PowerCC32XX.c.obj (.text.Power_releaseConstraint)
                  2000e39c    00000044                      : Timer.c.obj (.text.Timer_start)
                  2000e3e0    00000044     nortos_cc32xx.a : ClockPSysTick_nortos.c.obj (.text.addToList)
                  2000e424    00000042     driverlib.a : pin.obj (.text.PinModeSet)
                  2000e466    00000042                 : timer.obj (.text.TimerControlStall)
                  2000e4a8    00000042     drivers_cc32xx.a : TimerCC32XX.c.obj (.text.Timer_close)
                  2000e4ea    00000042     nortos_cc32xx.a : PowerCC32XX_nortos.c.obj (.text.getCountsRTC)
                  2000e52c    00000040                     : SemaphoreP_nortos.c.obj (.text.SemaphoreP_post)
                  2000e56c    00000040     drivers_cc32xx.a : Timer.c.obj (.text.Timer_stop)
                  2000e5ac    0000003e     driverlib.a : pin.obj (.text.PinDirModeSet)
                  2000e5ea    00000002     nortos_cc32xx.a : startup_cc32xx_ticlang.c.obj (.text.defaultHandler)
                  2000e5ec    0000003c                     : ClockPSysTick_nortos.c.obj (.text.ClockP_stop)
                  2000e628    0000003c     gpiointerrupt.o (.text.initTimer)
                  2000e664    0000003a     drivers_cc32xx.a : TimerCC32XX.c.obj (.text.TimerSupport_timerEnable)
                  2000e69e    00000002     nortos_cc32xx.a : startup_cc32xx_ticlang.c.obj (.text.faultISR)
                  2000e6a0    00000038                     : ClockPSysTick_nortos.c.obj (.text.ClockP_destruct)
                  2000e6d8    00000038     drivers_cc32xx.a : PowerCC32XX.c.obj (.text.Power_setConstraint)
                  2000e710    00000038     nortos_cc32xx.a : SwiP_nortos.c.obj (.text.SwiP_restore)
                  2000e748    00000038     libc.a : autoinit.c.obj (.text:__TI_auto_init_nobinit_nopinit)
                  2000e780    00000036     driverlib.a : pin.obj (.text.PinLock)
                  2000e7b6    00000036     drivers_cc32xx.a : TimerCC32XX.c.obj (.text.TimerCC32XX_hwiIntFunction)
                  2000e7ec    00000034     nortos_cc32xx.a : ClockPSysTick_nortos.c.obj (.text.ClockP_start)
                  2000e820    00000034     driverlib.a : pin.obj (.text.PinDirModeGet)
                  2000e854    00000034                 : pin.obj (.text.PinModeGet)
                  2000e888    00000034     drivers_cc32xx.a : PowerCC32XX.c.obj (.text.PowerCC32XX_parkPin)
                  2000e8bc    00000034                      : TimerCC32XX.c.obj (.text.TimerCC32XX_freeTimerResource)
                  2000e8f0    00000034     nortos_cc32xx.a : startup_cc32xx_ticlang.c.obj (.text.initVectors)
                  2000e924    00000030                     : ClockPSysTick_nortos.c.obj (.text.ClockP_getTicksUntilInterrupt)
                  2000e954    00000030     driverlib.a : prcm.obj (.text.PRCMLPDSIntervalSet)
                  2000e984    00000030                 : prcm.obj (.text.PRCMSlowClkCtrFastGet)
                  2000e9b4    00000030                 : timer.obj (.text.TimerLoadSet)
                  2000e9e4    00000030                 : timer.obj (.text.TimerPrescaleSet)
                  2000ea14    00000030     drivers_cc32xx.a : PowerCC32XX.c.obj (.text.notify)
                  2000ea44    0000002e     driverlib.a : gpio.obj (.text.GPIOIntStatus)
                  2000ea72    0000002a     nortos_cc32xx.a : HwiPCC32XX_nortos.c.obj (.text.HwiP_create)
                  2000ea9c    0000002a     driverlib.a : prcm.obj (.text.PRCMLPDSWakeUpGPIOSelect)
                  2000eac6    0000002a                 : prcm.obj (.text.PRCMPeripheralClkDisable)
                  2000eaf0    00000028     drivers_cc32xx.a : List.c.obj (.text.List_remove)
                  2000eb18    00000028     driverlib.a : prcm.obj (.text.PRCMSRAMRetentionEnable)
                  2000eb40    00000028     drivers_cc32xx.a : TimerCC32XX.c.obj (.text.TimerSupport_timerDisable)
                  2000eb68    00000028     libc.a : memory.c.obj (.text.free_list_insert)
                  2000eb90    00000024     driverlib.a : interrupt.obj (.text.IntUnregister)
                  2000ebb4    00000024     drivers_cc32xx.a : List.c.obj (.text.List_put)
                  2000ebd8    00000024     driverlib.a : prcm.obj (.text.PRCMLPDSWakeupSourceEnable)
                  2000ebfc    00000024     drivers_cc32xx.a : PowerCC32XX.c.obj (.text.PowerCC32XX_restoreParkedPin)
                  2000ec20    00000024                      : PowerCC32XX.c.obj (.text.Power_registerNotify)
                  2000ec44    00000024     libc.a : boot_cortex_m.c.obj (.text:_c_int00_noargs)
                  2000ec68    00000022     driverlib.a : gpio.obj (.text.GPIOPinWrite)
                  2000ec8a    00000022                 : pin.obj (.text.PinUnlock)
                  2000ecac    00000020                 : interrupt.obj (.text.IntRegister)
                  2000eccc    00000020     drivers_cc32xx.a : PowerCC32XX.c.obj (.text.Power_unregisterNotify)
                  2000ecec    00000020     nortos_cc32xx.a : SemaphoreP_nortos.c.obj (.text.SemaphoreP_constructBinary)
                  2000ed0c    00000020                     : SemaphoreP_nortos.c.obj (.text.SemaphoreP_createBinary)
                  2000ed2c    00000020     driverlib.a : timer.obj (.text.TimerDisable)
                  2000ed4c    0000001c     drivers_cc32xx.a : GPIO.c.obj (.text.GPIO_setCallback)
                  2000ed68    0000001c     nortos_cc32xx.a : HwiPCC32XX_nortos.c.obj (.text.HwiP_dispatch)
                  2000ed84    0000001c                     : SwiP_nortos.c.obj (.text.SwiP_disable)
                  2000eda0    0000001c     libc.a : memory.c.obj (.text.free_list_remove)
                  2000edbc    0000001c     drivers_cc32xx.a : TimerCC32XX.c.obj (.text.getPowerMgrId)
                  2000edd8    0000001c     nortos_cc32xx.a : startup_cc32xx_ticlang.c.obj (.text.resetISR)
                  2000edf4    0000001a     driverlib.a : gpio.obj (.text.GPIOIntDisable)
                  2000ee0e    0000001a                 : prcm.obj (.text.PRCMHIBRegRead)
                  2000ee28    0000001a                 : prcm.obj (.text.PRCMHIBRegWrite)
                  2000ee42    0000001a                 : prcm.obj (.text.PRCMLPDSWakeupSourceDisable)
                  2000ee5c    0000001a                 : pin.obj (.text.PinToPadGet)
                  2000ee76    0000001a                 : timer.obj (.text.TimerEnable)
                  2000ee90    00000018                 : gpio.obj (.text.GPIOIntEnable)
                  2000eea8    00000018                 : gpio.obj (.text.GPIOPinRead)
                  2000eec0    00000018     nortos_cc32xx.a : SemaphoreP_nortos.c.obj (.text.SemaphoreP_create)
                  2000eed8    00000016     ti_drivers_config.o (.text.Board_init)
                  2000eeee    00000016     driverlib.a : systick.obj (.text.SysTickPeriodSet)
                  2000ef04    00000016                 : timer.obj (.text.TimerIntDisable)
                  2000ef1a    00000014                 : cpu.obj (.text.CPUcpsid)
                  2000ef2e    00000014                 : cpu.obj (.text.CPUcpsie)
                  2000ef42    00000014     nortos_cc32xx.a : HwiPCC32XX_nortos.c.obj (.text.HwiP_destruct)
                  2000ef56    00000014     driverlib.a : interrupt.obj (.text.IntVTableBaseSet)
                  2000ef6a    00000002     nortos_cc32xx.a : startup_cc32xx_ticlang.c.obj (.text.nmiISR)
                  2000ef6c    00000014     drivers_cc32xx.a : PowerCC32XX.c.obj (.text.Power_disablePolicy)
                  2000ef80    00000014                      : PowerCC32XX.c.obj (.text.Power_getTransitionLatency)
                  2000ef94    00000014                      : PowerCC32XX.c.obj (.text.Power_idleFunc)
                  2000efa8    00000014     driverlib.a : timer.obj (.text.TimerIntEnable)
                  2000efbc    00000014     libclang_rt.builtins.a : aeabi_uldivmod.S.obj (.text.__aeabi_uldivmod)
                  2000efd0    00000012     nortos_cc32xx.a : ClockPSysTick_nortos.c.obj (.text.ClockP_add)
                  2000efe2    00000012     driverlib.a : gpio.obj (.text.GPIOIntClear)
                  2000eff4    00000012     nortos_cc32xx.a : HwiPCC32XX_nortos.c.obj (.text.HwiP_Params_init)
                  2000f006    00000012                     : HwiPCC32XX_nortos.c.obj (.text.HwiP_delete)
                  2000f018    00000012     driverlib.a : systick.obj (.text.SysTickEnable)
                  2000f02a    00000012                 : systick.obj (.text.SysTickIntDisable)
                  2000f03c    00000012                 : systick.obj (.text.SysTickIntEnable)
                  2000f04e    00000012     libc.a : memcpy_t2.S.obj (.text:TI_memcpy_small)
                  2000f060    00000012            : copy_zero_init.c.obj (.text:decompress:ZI:__TI_zero_init_nomemset)
                  2000f072    00000002     --HOLE-- [fill = 0]
                  2000f074    00000010     nortos_cc32xx.a : ClockPSysTick_nortos.c.obj (.text.ClockP_getCpuFreq)
                  2000f084    00000010                     : ClockPSysTick_nortos.c.obj (.text.ClockP_getSystemTicks)
                  2000f094    00000010                     : ClockPSysTick_nortos.c.obj (.text.ClockP_setTicks)
                  2000f0a4    00000010                     : HwiPCC32XX_nortos.c.obj (.text.HwiP_inISR)
                  2000f0b4    00000010     drivers_cc32xx.a : PowerCC32XX.c.obj (.text.Power_enablePolicy)
                  2000f0c4    00000010     driverlib.a : timer.obj (.text.TimerIntClear)
                  2000f0d4    00000010     drivers_cc32xx.a : Timer.c.obj (.text.Timer_Params_init)
                  2000f0e4    00000010     main_nortos.o (.text.main)
                  2000f0f4    0000000e     libc.a : copy_decompress_none.c.obj (.text:decompress:none)
                  2000f102    0000000c     driverlib.a : prcm.obj (.text.PRCMLPDSWakeupCauseGet)
                  2000f10e    00000002     --HOLE-- [fill = 0]
                  2000f110    0000000c     drivers_cc32xx.a : PowerCC32XX.c.obj (.text.Power_getConstraintMask)
                  2000f11c    0000000c                      : TimerCC32XX.c.obj (.text.postNotifyFxn)
                  2000f128    0000000c     gpiointerrupt.o (.text.timerCallback)
                  2000f134    0000000a     nortos_cc32xx.a : ClockPSysTick_nortos.c.obj (.text.ClockP_isActive)
                  2000f13e    0000000a     driverlib.a : interrupt.obj (.text.IntMasterDisable)
                  2000f148    0000000a                 : interrupt.obj (.text.IntMasterEnable)
                  2000f152    00000008     nortos_cc32xx.a : HwiPCC32XX_nortos.c.obj (.text.HwiP_disable)
                  2000f15a    00000008                     : HwiPCC32XX_nortos.c.obj (.text.HwiP_restore)
                  2000f162    00000008     driverlib.a : prcm.obj (.text.PRCMSleepEnter)
                  2000f16a    00000008                 : utils.obj (.text.UtilsDelay)
                  2000f172    00000008     libc.a : memory.c.obj (.text.malloc)
                  2000f17a    00000006     gpiointerrupt.o (.text.gpioButtonFxn0)
                  2000f180    00000006     gpiointerrupt.o (.text.gpioButtonFxn1)
                  2000f186    00000004     nortos_cc32xx.a : ClockPSysTick_nortos.c.obj (.text.ClockP_doTick)
                  2000f18a    00000004                     : HwiPCC32XX_nortos.c.obj (.text.HwiP_clearInterrupt)
                  2000f18e    00000004                     : HwiPCC32XX_nortos.c.obj (.text.HwiP_enable)
                  2000f192    00000004                     : HwiPCC32XX_nortos.c.obj (.text.HwiP_post)
                  2000f196    00000004     driverlib.a : interrupt.obj (.text.IntDefaultHandler)
                  2000f19a    00000004     nortos_cc32xx.a : NoRTOS.c.obj (.text.NoRTOS_start)
                  2000f19e    00000004                     : SemaphoreP_nortos.c.obj (.text.SemaphoreP_delete)
                  2000f1a2    00000002     --HOLE-- [fill = 0]
                  2000f1a4    00000004     libclang_rt.builtins.a : aeabi_memcpy.S.obj (.text.__aeabi_memcpy)
                  2000f1a8    00000004     libc.a : pre_init.c.obj (.text._system_pre_init)
                  2000f1ac    00000004            : exit.c.obj (.text:abort)

.ramVecs   0    20000000    0000030c     NOLOAD SECTION
                  20000000    0000030c     nortos_cc32xx.a : startup_cc32xx_ticlang.c.obj (.ramVecs)

.stack     0    20003000    00001000     UNINITIALIZED
                  20003000    00000004     libc.a : boot_cortex_m.c.obj (.stack)
                  20003004    00000ffc     --HOLE--

.resetVecs 
*          0    20004000    00000040     
                  20004000    00000040     nortos_cc32xx.a : startup_cc32xx_ticlang.c.obj (.resetVecs)

.sysmem    0    20004040    00008000     UNINITIALIZED
                  20004040    00000010     libc.a : memory.c.obj (.sysmem)
                  20004050    00007ff0     --HOLE--

.rodata    0    2000f834    000003c4     
                  2000f834    00000100     driverlib.a : pin.obj (.rodata.g_ulPinToPadMap)
                  2000f934    000000d4                 : interrupt.obj (.rodata.g_pulRegs)
                  2000fa08    000000a8                 : prcm.obj (.rodata.PRCM_PeriphRegsList)
                  2000fab0    00000044     ti_drivers_config.o (.rodata.PowerCC32XX_config)
                  2000faf4    00000028     drivers_cc32xx.a : GPIOCC32XX.c.obj (.rodata.portConfigs)
                  2000fb1c    00000021                      : GPIOCC32XX.c.obj (.rodata.pinTable)
                  2000fb3d    00000001     ti_drivers_config.o (.rodata.GPIO_pinUpperBound)
                  2000fb3e    00000001     ti_drivers_config.o (.rodata.Timer_count)
                  2000fb3f    00000001     --HOLE-- [fill = 0]
                  2000fb40    00000020     ti_drivers_config.o (.rodata.timerCC32XXHWAttrs)
                  2000fb60    00000018     driverlib.a : interrupt.obj (.rodata.g_pulDisRegs)
                  2000fb78    00000018                 : interrupt.obj (.rodata.g_pulEnRegs)
                  2000fb90    00000018                 : interrupt.obj (.rodata.g_pulPendRegs)
                  2000fba8    00000018                 : interrupt.obj (.rodata.g_pulUnpendRegs)
                  2000fbc0    00000010     ti_drivers_config.o (.rodata.GPIO_config)
                  2000fbd0    00000010     ti_drivers_config.o (.rodata.Timer_config)
                  2000fbe0    0000000c     drivers_cc32xx.a : Timer.c.obj (.rodata.defaultParams)
                  2000fbec    0000000c                      : TimerCC32XX.c.obj (.rodata.defaultParams)

.cinit     0    2000ff54    000000f8     
                  2000ff54    000000d2     (.cinit..data.load) [load image, compression = lzss]
                  20010026    00000002     --HOLE-- [fill = 0]
                  20010028    0000000c     (__TI_handler_table)
                  20010034    00000008     (.cinit..bss.load) [load image, compression = zero_init]
                  2001003c    00000010     (__TI_cinit_table)

.init_array 
*          0    20004000    00000000     UNINITIALIZED

.data      0    2000f1b0    00000681     UNINITIALIZED
                  2000f1b0    0000030c     nortos_cc32xx.a : HwiPCC32XX_nortos.c.obj (.data.HwiP_dispatchTable)
                  2000f4bc    0000016c     drivers_cc32xx.a : PowerCC32XX.c.obj (.data.PowerCC32XX_module)
                  2000f628    000000f8     ti_drivers_config.o (.data.parkInfo)
                  2000f720    00000084     ti_drivers_config.o (.data.gpioPinConfigs)
                  2000f7a4    0000004c     nortos_cc32xx.a : SwiP_nortos.c.obj (.data..L_MergedGlobals)
                  2000f7f0    00000018     drivers_cc32xx.a : GPIOCC32XX.c.obj (.data..L_MergedGlobals)
                  2000f808    00000010     nortos_cc32xx.a : SemaphoreP_nortos.c.obj (.data..L_MergedGlobals)
                  2000f818    00000008                     : ClockPSysTick_nortos.c.obj (.data..L_MergedGlobals)
                  2000f820    00000004                     : HwiPCC32XX_nortos.c.obj (.data.HwiP_swiPIntNum)
                  2000f824    00000004     libc.a : _lock.c.obj (.data._lock)
                  2000f828    00000004            : _lock.c.obj (.data._unlock)
                  2000f82c    00000001     gpiointerrupt.o (.data.TimerFlag)
                  2000f82d    00000001     drivers_cc32xx.a : GPIOCC32XX.c.obj (.data.initCalled)
                  2000f82e    00000001                      : GPIOCC32XX.c.obj (.data.portHwiCreatedBitMask)
                  2000f82f    00000001     gpiointerrupt.o (.data.ticks)
                  2000f830    00000001     libc.a : memory.c.obj (.data.memory_is_initialized)

.bss       0    2000fbf8    00000359     UNINITIALIZED
                  2000fbf8    0000012c     (.common:PowerCC32XX_contextSave)
                  2000fd24    00000108     (.common:timerCC32XXObjects)
                  2000fe2c    00000084     (.common:gpioCallbackFunctions)
                  2000feb0    00000084     (.common:gpioUserArgs)
                  2000ff34    00000004     nortos_cc32xx.a : ClockPSysTick_nortos.c.obj (.bss.sysTickPeriod)
                  2000ff38    00000010     (.common:ClockP_ctrl)
                  2000ff48    00000004     libc.a : memory.c.obj (.bss.sys_free)
                  2000ff4c    00000004     drivers_cc32xx.a : TimerCC32XX.c.obj (.bss.timerState.0)
                  2000ff50    00000001     (.common:BL_State)

.log_data 
*          0    90000000    00000000     COPY SECTION

.log_ptr   0    94000008    00000000     COPY SECTION

__llvm_prf_cnts 
*          0    20004000    00000000     UNINITIALIZED

__llvm_prf_bits 
*          0    20004000    00000000     UNINITIALIZED

MODULE SUMMARY

       Module                         code    ro data   rw data
       ------                         ----    -------   -------
    .\
       gpiointerrupt.o                340     0         3      
       main_nortos.o                  16      0         0      
    +--+------------------------------+-------+---------+---------+
       Total:                         356     0         3      
                                                               
    .\syscfg\
       ti_drivers_config.o            24      134       908    
    +--+------------------------------+-------+---------+---------+
       Total:                         24      134       908    
                                                               
    C:/ti/simplelink_cc32xx_sdk_7_10_00_13/kernel/nortos/lib/ticlang/m4/nortos_cc32xx.a
       HwiPCC32XX_nortos.c.obj        286     0         784    
       startup_cc32xx_ticlang.c.obj   88      64        780    
       ClockPSysTick_nortos.c.obj     524     0         28     
       SemaphoreP_nortos.c.obj        392     0         16     
       PowerCC32XX_nortos.c.obj       404     0         0      
       SwiP_nortos.c.obj              84      0         76     
       NoRTOS.c.obj                   4       0         0      
    +--+------------------------------+-------+---------+---------+
       Total:                         1782    64        1684   
                                                               
    C:/ti/simplelink_cc32xx_sdk_7_10_00_13/source/ti/devices/cc32xx/driverlib/ticlang/Release/driverlib.a
       prcm.obj                       2564    168       0      
       interrupt.obj                  868     308       0      
       pin.obj                        688     256       0      
       gpio.obj                       412     0         0      
       timer.obj                      278     0         0      
       flash.obj                      92      0         0      
       systick.obj                    76      0         0      
       cpu.obj                        52      0         0      
       utils.obj                      8       0         0      
    +--+------------------------------+-------+---------+---------+
       Total:                         5038    732       0      
                                                               
    C:/ti/simplelink_cc32xx_sdk_7_10_00_13/source/ti/drivers/lib/ticlang/m4/drivers_cc32xx.a
       PowerCC32XX.c.obj              1944    0         664    
       GPIOCC32XX.c.obj               1044    73        26     
       TimerCC32XX.c.obj              880     12        4      
       Timer.c.obj                    150     12        0      
       PowerCC32XX_ticlang.asm.obj    150     0         0      
       List.c.obj                     76      0         0      
       GPIO.c.obj                     28      0         0      
    +--+------------------------------+-------+---------+---------+
       Total:                         4272    97        694    
                                                               
    C:\ti\ccs1250\ccs\tools\compiler\ti-cgt-armllvm_3.2.0.LTS\lib\armv7em-ti-none-eabi/c/libc.a
       memory.c.obj                   712     0         5      
       copy_decompress_lzss.c.obj     112     0         0      
       autoinit.c.obj                 56      0         0      
       boot_cortex_m.c.obj            36      0         0      
       copy_zero_init.c.obj           18      0         0      
       memcpy_t2.S.obj                18      0         0      
       copy_decompress_none.c.obj     14      0         0      
       _lock.c.obj                    2       0         8      
       exit.c.obj                     4       0         0      
       pre_init.c.obj                 4       0         0      
    +--+------------------------------+-------+---------+---------+
       Total:                         976     0         13     
                                                               
    C:\ti\ccs1250\ccs\tools\compiler\ti-cgt-armllvm_3.2.0.LTS\lib\clang/15.0.7/lib/armv7em-ti-none-eabi/libclang_rt.builtins.a
       udivmoddi4.S.obj               176     0         0      
       aeabi_uldivmod.S.obj           20      0         0      
       aeabi_memcpy.S.obj             4       0         0      
       aeabi_div0.c.obj               2       0         0      
    +--+------------------------------+-------+---------+---------+
       Total:                         202     0         0      
                                                               
       Heap:                          0       0         32768  
       Stack:                         0       0         4096   
       Linker Generated:              0       246       0      
    +--+------------------------------+-------+---------+---------+
       Grand Total:                   12650   1273      40166  


LINKER GENERATED COPY TABLES

__TI_cinit_table @ 2001003c records: 2, size/record: 8, table size: 16
	.data: load addr=2000ff54, load size=000000d2 bytes, run addr=2000f1b0, run size=00000681 bytes, compression=lzss
	.bss: load addr=20010034, load size=00000008 bytes, run addr=2000fbf8, run size=00000359 bytes, compression=zero_init


LINKER GENERATED HANDLER TABLE

__TI_handler_table @ 20010028 records: 3, size/record: 4, table size: 12
	index: 0, handler: __TI_decompress_lzss
	index: 1, handler: __TI_decompress_none
	index: 2, handler: __TI_zero_init


GLOBAL SYMBOLS: SORTED ALPHABETICALLY BY Name 

address   name                             
-------   ----                             
2000ff50  BL_State                         
2000eed9  Board_init                       
2000d39b  Board_initHook                   
2000f1ac  C$$EXIT                          
2000ef1b  CPUcpsid                         
2000ef2f  CPUcpsie                         
2000d435  CPUwfi                           
2000efd1  ClockP_add                       
2000ff38  ClockP_ctrl                      
2000e6a1  ClockP_destruct                  
2000f187  ClockP_doTick                    
2000f075  ClockP_getCpuFreq                
2000f085  ClockP_getSystemTicks            
2000e925  ClockP_getTicksUntilInterrupt    
2000f135  ClockP_isActive                  
2000f095  ClockP_setTicks                  
2000e7ed  ClockP_start                     
2000dd01  ClockP_startup                   
2000e5ed  ClockP_stop                      
2000e125  ClockP_sysTickHandler            
2000f81c  ClockP_tickPeriod                
2000db35  FlashDisable                     
2000e28b  GPIODirModeSet                   
2000efe3  GPIOIntClear                     
2000edf5  GPIOIntDisable                   
2000ee91  GPIOIntEnable                    
2000ea45  GPIOIntStatus                    
2000d105  GPIOIntTypeSet                   
2000eea9  GPIOPinRead                      
2000ec69  GPIOPinWrite                     
2000fbc0  GPIO_config                      
2000e2d1  GPIO_disableInt                  
2000e315  GPIO_enableInt                   
2000df05  GPIO_hwiIntFxn                   
2000d4d9  GPIO_init                        
2000fb3d  GPIO_pinUpperBound               
2000ed4d  GPIO_setCallback                 
2000cb75  GPIO_setConfig                   
2000dff5  GPIO_setInterruptConfig          
2000de09  GPIO_toggle                      
2000dad5  GPIO_write                       
2000eff5  HwiP_Params_init                 
2000f18b  HwiP_clearInterrupt              
2000d6f9  HwiP_construct                   
2000ea73  HwiP_create                      
2000f007  HwiP_delete                      
2000ef43  HwiP_destruct                    
2000f153  HwiP_disable                     
2000ed69  HwiP_dispatch                    
2000f18f  HwiP_enable                      
2000f0a5  HwiP_inISR                       
2000f193  HwiP_post                        
2000f15b  HwiP_restore                     
2000f820  HwiP_swiPIntNum                  
UNDEFED   ITM_flush                        
UNDEFED   ITM_restore                      
2000cec5  IntDisable                       
2000cf8d  IntEnable                        
2000f13f  IntMasterDisable                 
2000f149  IntMasterEnable                  
2000da6b  IntPendClear                     
2000d1b1  IntPendSet                       
2000dd59  IntPrioritySet                   
2000ecad  IntRegister                      
2000eb91  IntUnregister                    
2000ef57  IntVTableBaseSet                 
2000ebb5  List_put                         
2000eaf1  List_remove                      
2000f19b  NoRTOS_start                     
2000c041  PRCMCC3200MCUInit                
2000ee0f  PRCMHIBRegRead                   
2000ee29  PRCMHIBRegWrite                  
2000d76d  PRCMHibernateWakeUpGPIOSelect    
2000db91  PRCMHibernateWakeupSourceDisable 
2000df55  PRCMHibernateWakeupSourceEnable  
2000e16d  PRCMIntEnable                    
2000ddb1  PRCMLPDSEnter                    
2000e245  PRCMLPDSEnterKeepDebugIf         
2000e955  PRCMLPDSIntervalSet              
2000e041  PRCMLPDSRestoreInfoSet           
2000ea9d  PRCMLPDSWakeUpGPIOSelect         
2000f103  PRCMLPDSWakeupCauseGet           
2000ee43  PRCMLPDSWakeupSourceDisable      
2000ebd9  PRCMLPDSWakeupSourceEnable       
2000eac7  PRCMPeripheralClkDisable         
2000dca5  PRCMPeripheralClkEnable          
2000da01  PRCMPeripheralReset              
2000e1b5  PRCMPeripheralStatusGet          
2000eb19  PRCMSRAMRetentionEnable          
2000f163  PRCMSleepEnter                   
2000e985  PRCMSlowClkCtrFastGet            
2000d569  PRCMSysResetCauseGet             
2000e1fd  PinConfigGet                     
2000d2f9  PinConfigSet                     
2000e821  PinDirModeGet                    
2000e5ad  PinDirModeSet                    
2000e781  PinLock                          
2000d851  PinLockLevelSet                  
2000e855  PinModeGet                       
2000e425  PinModeSet                       
2000ee5d  PinToPadGet                      
2000ec8b  PinUnlock                        
2000fab0  PowerCC32XX_config               
2000d5f9  PowerCC32XX_configureWakeup      
2000fbf8  PowerCC32XX_contextSave          
2000d441  PowerCC32XX_enterLPDS            
2000d4d7  PowerCC32XX_initPolicy           
2000f4bc  PowerCC32XX_module               
2000e889  PowerCC32XX_parkPin              
2000ebfd  PowerCC32XX_restoreParkedPin     
2000d485  PowerCC32XX_resumeLPDS           
2000de5d  PowerCC32XX_setParkState         
2000c8dd  PowerCC32XX_sleepPolicy          
2000ef6d  Power_disablePolicy              
2000f0b5  Power_enablePolicy               
2000f111  Power_getConstraintMask          
2000ef81  Power_getTransitionLatency       
2000ef95  Power_idleFunc                   
2000d681  Power_init                       
2000ec21  Power_registerNotify             
2000e359  Power_releaseConstraint          
2000deb1  Power_releaseDependency          
2000e6d9  Power_setConstraint              
2000d8bd  Power_setDependency              
2000c4f9  Power_sleep                      
2000eccd  Power_unregisterNotify           
2000dfa5  SemaphoreP_construct             
2000eced  SemaphoreP_constructBinary       
2000eec1  SemaphoreP_create                
2000ed0d  SemaphoreP_createBinary          
2000f810  SemaphoreP_defaultParams         
2000f19f  SemaphoreP_delete                
2000d5f7  SemaphoreP_destruct              
2000d39d  SemaphoreP_pend                  
2000e52d  SemaphoreP_post                  
2000ed85  SwiP_disable                     
2000e711  SwiP_restore                     
2000f019  SysTickEnable                    
2000f02b  SysTickIntDisable                
2000f03d  SysTickIntEnable                 
2000eeef  SysTickPeriodSet                 
2000f04f  TI_memcpy_small                  
2000dbed  TickFct_Blink                    
2000dc49  TimerCC32XX_allocateTimerResource
2000e8bd  TimerCC32XX_freeTimerResource    
2000e467  TimerControlStall                
2000ed2d  TimerDisable                     
2000ee77  TimerEnable                      
2000f82c  TimerFlag                        
2000f0c5  TimerIntClear                    
2000ef05  TimerIntDisable                  
2000efa9  TimerIntEnable                   
2000e9b5  TimerLoadSet                     
2000e9e5  TimerPrescaleSet                 
2000eb41  TimerSupport_timerDisable        
2000e665  TimerSupport_timerEnable         
2000f0d5  Timer_Params_init                
2000e4a9  Timer_close                      
2000fbd0  Timer_config                     
2000fb3e  Timer_count                      
2000dad3  Timer_init                       
2000ca2d  Timer_open                       
2000e39d  Timer_start                      
2000e56d  Timer_stop                       
2000f16b  UtilsDelay                       
20004000  __STACK_END                      
00001000  __STACK_SIZE                     
00008000  __SYSMEM_SIZE                    
00000000  __TI_ATRegion0_region_sz         
00000000  __TI_ATRegion0_src_addr          
00000000  __TI_ATRegion0_trg_addr          
00000000  __TI_ATRegion1_region_sz         
00000000  __TI_ATRegion1_src_addr          
00000000  __TI_ATRegion1_trg_addr          
00000000  __TI_ATRegion2_region_sz         
00000000  __TI_ATRegion2_src_addr          
00000000  __TI_ATRegion2_trg_addr          
2001003c  __TI_CINIT_Base                  
2001004c  __TI_CINIT_Limit                 
2001004c  __TI_CINIT_Warm                  
20010028  __TI_Handler_Table_Base          
20010034  __TI_Handler_Table_Limit         
2000e749  __TI_auto_init_nobinit_nopinit   
2000d7e1  __TI_decompress_lzss             
2000f0f5  __TI_decompress_none             
ffffffff  __TI_pprof_out_hndl              
ffffffff  __TI_prof_data_size              
ffffffff  __TI_prof_data_start             
2000ff54  __TI_static_base__               
2000f061  __TI_zero_init_nomemset          
2000dcff  __aeabi_ldiv0                    
2000f1a5  __aeabi_memcpy                   
2000f1a5  __aeabi_memcpy4                  
2000f1a5  __aeabi_memcpy8                  
2000efbd  __aeabi_uldivmod                 
ffffffff  __binit__                        
UNDEFED   __mpu_init                       
20003000  __stack                          
20004000  __start___llvm_prf_bits          
20004000  __start___llvm_prf_cnts          
20004000  __stop___llvm_prf_bits           
20004000  __stop___llvm_prf_cnts           
2000d055  __udivmoddi4                     
2000ec45  _c_int00_noargs                  
2000f824  _lock                            
2000de07  _nop                             
20004040  _sys_memory                      
UNDEFED   _system_post_cinit               
2000f1a9  _system_pre_init                 
2000f828  _unlock                          
2000f1ad  abort                            
2000ccb5  aligned_alloc                    
ffffffff  binit                            
2000e2cf  clkFxn                           
2000cdd5  free                             
2000f17b  gpioButtonFxn0                   
2000f181  gpioButtonFxn1                   
2000fe2c  gpioCallbackFunctions            
2000f720  gpioPinConfigs                   
2000feb0  gpioUserArgs                     
2000e629  initTimer                        
2000e8f1  initVectors                      
2000f0e5  main                             
2000d255  mainThread                       
2000f173  malloc                           
2000ccb5  memalign                         
2000f628  parkInfo                         
2000edd9  resetISR                         
2000f82f  ticks                            
2000fb40  timerCC32XXHWAttrs               
2000fd24  timerCC32XXObjects               
2000f129  timerCallback                    


GLOBAL SYMBOLS: SORTED BY Symbol Address 

address   name                             
-------   ----                             
00000000  __TI_ATRegion0_region_sz         
00000000  __TI_ATRegion0_src_addr          
00000000  __TI_ATRegion0_trg_addr          
00000000  __TI_ATRegion1_region_sz         
00000000  __TI_ATRegion1_src_addr          
00000000  __TI_ATRegion1_trg_addr          
00000000  __TI_ATRegion2_region_sz         
00000000  __TI_ATRegion2_src_addr          
00000000  __TI_ATRegion2_trg_addr          
00001000  __STACK_SIZE                     
00008000  __SYSMEM_SIZE                    
20003000  __stack                          
20004000  __STACK_END                      
20004000  __start___llvm_prf_bits          
20004000  __start___llvm_prf_cnts          
20004000  __stop___llvm_prf_bits           
20004000  __stop___llvm_prf_cnts           
20004040  _sys_memory                      
2000c041  PRCMCC3200MCUInit                
2000c4f9  Power_sleep                      
2000c8dd  PowerCC32XX_sleepPolicy          
2000ca2d  Timer_open                       
2000cb75  GPIO_setConfig                   
2000ccb5  aligned_alloc                    
2000ccb5  memalign                         
2000cdd5  free                             
2000cec5  IntDisable                       
2000cf8d  IntEnable                        
2000d055  __udivmoddi4                     
2000d105  GPIOIntTypeSet                   
2000d1b1  IntPendSet                       
2000d255  mainThread                       
2000d2f9  PinConfigSet                     
2000d39b  Board_initHook                   
2000d39d  SemaphoreP_pend                  
2000d435  CPUwfi                           
2000d441  PowerCC32XX_enterLPDS            
2000d485  PowerCC32XX_resumeLPDS           
2000d4d7  PowerCC32XX_initPolicy           
2000d4d9  GPIO_init                        
2000d569  PRCMSysResetCauseGet             
2000d5f7  SemaphoreP_destruct              
2000d5f9  PowerCC32XX_configureWakeup      
2000d681  Power_init                       
2000d6f9  HwiP_construct                   
2000d76d  PRCMHibernateWakeUpGPIOSelect    
2000d7e1  __TI_decompress_lzss             
2000d851  PinLockLevelSet                  
2000d8bd  Power_setDependency              
2000da01  PRCMPeripheralReset              
2000da6b  IntPendClear                     
2000dad3  Timer_init                       
2000dad5  GPIO_write                       
2000db35  FlashDisable                     
2000db91  PRCMHibernateWakeupSourceDisable 
2000dbed  TickFct_Blink                    
2000dc49  TimerCC32XX_allocateTimerResource
2000dca5  PRCMPeripheralClkEnable          
2000dcff  __aeabi_ldiv0                    
2000dd01  ClockP_startup                   
2000dd59  IntPrioritySet                   
2000ddb1  PRCMLPDSEnter                    
2000de07  _nop                             
2000de09  GPIO_toggle                      
2000de5d  PowerCC32XX_setParkState         
2000deb1  Power_releaseDependency          
2000df05  GPIO_hwiIntFxn                   
2000df55  PRCMHibernateWakeupSourceEnable  
2000dfa5  SemaphoreP_construct             
2000dff5  GPIO_setInterruptConfig          
2000e041  PRCMLPDSRestoreInfoSet           
2000e125  ClockP_sysTickHandler            
2000e16d  PRCMIntEnable                    
2000e1b5  PRCMPeripheralStatusGet          
2000e1fd  PinConfigGet                     
2000e245  PRCMLPDSEnterKeepDebugIf         
2000e28b  GPIODirModeSet                   
2000e2cf  clkFxn                           
2000e2d1  GPIO_disableInt                  
2000e315  GPIO_enableInt                   
2000e359  Power_releaseConstraint          
2000e39d  Timer_start                      
2000e425  PinModeSet                       
2000e467  TimerControlStall                
2000e4a9  Timer_close                      
2000e52d  SemaphoreP_post                  
2000e56d  Timer_stop                       
2000e5ad  PinDirModeSet                    
2000e5ed  ClockP_stop                      
2000e629  initTimer                        
2000e665  TimerSupport_timerEnable         
2000e6a1  ClockP_destruct                  
2000e6d9  Power_setConstraint              
2000e711  SwiP_restore                     
2000e749  __TI_auto_init_nobinit_nopinit   
2000e781  PinLock                          
2000e7ed  ClockP_start                     
2000e821  PinDirModeGet                    
2000e855  PinModeGet                       
2000e889  PowerCC32XX_parkPin              
2000e8bd  TimerCC32XX_freeTimerResource    
2000e8f1  initVectors                      
2000e925  ClockP_getTicksUntilInterrupt    
2000e955  PRCMLPDSIntervalSet              
2000e985  PRCMSlowClkCtrFastGet            
2000e9b5  TimerLoadSet                     
2000e9e5  TimerPrescaleSet                 
2000ea45  GPIOIntStatus                    
2000ea73  HwiP_create                      
2000ea9d  PRCMLPDSWakeUpGPIOSelect         
2000eac7  PRCMPeripheralClkDisable         
2000eaf1  List_remove                      
2000eb19  PRCMSRAMRetentionEnable          
2000eb41  TimerSupport_timerDisable        
2000eb91  IntUnregister                    
2000ebb5  List_put                         
2000ebd9  PRCMLPDSWakeupSourceEnable       
2000ebfd  PowerCC32XX_restoreParkedPin     
2000ec21  Power_registerNotify             
2000ec45  _c_int00_noargs                  
2000ec69  GPIOPinWrite                     
2000ec8b  PinUnlock                        
2000ecad  IntRegister                      
2000eccd  Power_unregisterNotify           
2000eced  SemaphoreP_constructBinary       
2000ed0d  SemaphoreP_createBinary          
2000ed2d  TimerDisable                     
2000ed4d  GPIO_setCallback                 
2000ed69  HwiP_dispatch                    
2000ed85  SwiP_disable                     
2000edd9  resetISR                         
2000edf5  GPIOIntDisable                   
2000ee0f  PRCMHIBRegRead                   
2000ee29  PRCMHIBRegWrite                  
2000ee43  PRCMLPDSWakeupSourceDisable      
2000ee5d  PinToPadGet                      
2000ee77  TimerEnable                      
2000ee91  GPIOIntEnable                    
2000eea9  GPIOPinRead                      
2000eec1  SemaphoreP_create                
2000eed9  Board_init                       
2000eeef  SysTickPeriodSet                 
2000ef05  TimerIntDisable                  
2000ef1b  CPUcpsid                         
2000ef2f  CPUcpsie                         
2000ef43  HwiP_destruct                    
2000ef57  IntVTableBaseSet                 
2000ef6d  Power_disablePolicy              
2000ef81  Power_getTransitionLatency       
2000ef95  Power_idleFunc                   
2000efa9  TimerIntEnable                   
2000efbd  __aeabi_uldivmod                 
2000efd1  ClockP_add                       
2000efe3  GPIOIntClear                     
2000eff5  HwiP_Params_init                 
2000f007  HwiP_delete                      
2000f019  SysTickEnable                    
2000f02b  SysTickIntDisable                
2000f03d  SysTickIntEnable                 
2000f04f  TI_memcpy_small                  
2000f061  __TI_zero_init_nomemset          
2000f075  ClockP_getCpuFreq                
2000f085  ClockP_getSystemTicks            
2000f095  ClockP_setTicks                  
2000f0a5  HwiP_inISR                       
2000f0b5  Power_enablePolicy               
2000f0c5  TimerIntClear                    
2000f0d5  Timer_Params_init                
2000f0e5  main                             
2000f0f5  __TI_decompress_none             
2000f103  PRCMLPDSWakeupCauseGet           
2000f111  Power_getConstraintMask          
2000f129  timerCallback                    
2000f135  ClockP_isActive                  
2000f13f  IntMasterDisable                 
2000f149  IntMasterEnable                  
2000f153  HwiP_disable                     
2000f15b  HwiP_restore                     
2000f163  PRCMSleepEnter                   
2000f16b  UtilsDelay                       
2000f173  malloc                           
2000f17b  gpioButtonFxn0                   
2000f181  gpioButtonFxn1                   
2000f187  ClockP_doTick                    
2000f18b  HwiP_clearInterrupt              
2000f18f  HwiP_enable                      
2000f193  HwiP_post                        
2000f19b  NoRTOS_start                     
2000f19f  SemaphoreP_delete                
2000f1a5  __aeabi_memcpy                   
2000f1a5  __aeabi_memcpy4                  
2000f1a5  __aeabi_memcpy8                  
2000f1a9  _system_pre_init                 
2000f1ac  C$$EXIT                          
2000f1ad  abort                            
2000f4bc  PowerCC32XX_module               
2000f628  parkInfo                         
2000f720  gpioPinConfigs                   
2000f810  SemaphoreP_defaultParams         
2000f81c  ClockP_tickPeriod                
2000f820  HwiP_swiPIntNum                  
2000f824  _lock                            
2000f828  _unlock                          
2000f82c  TimerFlag                        
2000f82f  ticks                            
2000fab0  PowerCC32XX_config               
2000fb3d  GPIO_pinUpperBound               
2000fb3e  Timer_count                      
2000fb40  timerCC32XXHWAttrs               
2000fbc0  GPIO_config                      
2000fbd0  Timer_config                     
2000fbf8  PowerCC32XX_contextSave          
2000fd24  timerCC32XXObjects               
2000fe2c  gpioCallbackFunctions            
2000feb0  gpioUserArgs                     
2000ff38  ClockP_ctrl                      
2000ff50  BL_State                         
2000ff54  __TI_static_base__               
20010028  __TI_Handler_Table_Base          
20010034  __TI_Handler_Table_Limit         
2001003c  __TI_CINIT_Base                  
2001004c  __TI_CINIT_Limit                 
2001004c  __TI_CINIT_Warm                  
ffffffff  __TI_pprof_out_hndl              
ffffffff  __TI_prof_data_size              
ffffffff  __TI_prof_data_start             
ffffffff  __binit__                        
ffffffff  binit                            
UNDEFED   ITM_flush                        
UNDEFED   ITM_restore                      
UNDEFED   __mpu_init                       
UNDEFED   _system_post_cinit               

[232 symbols]
